Component: Arm Compiler for Embedded 6.18 Tool: armlink [5e4cc100]

==============================================================================

Section Cross References

    startup_stm32f103xe.o(STACK) refers (Special) to heapauxi.o(.text) for __use_two_region_memory
    startup_stm32f103xe.o(HEAP) refers (Special) to heapauxi.o(.text) for __use_two_region_memory
    startup_stm32f103xe.o(RESET) refers (Special) to heapauxi.o(.text) for __use_two_region_memory
    startup_stm32f103xe.o(RESET) refers to startup_stm32f103xe.o(STACK) for __initial_sp
    startup_stm32f103xe.o(RESET) refers to startup_stm32f103xe.o(.text) for Reset_Handler
    startup_stm32f103xe.o(RESET) refers to stm32f1xx_it.o(.text.NMI_Handler) for NMI_Handler
    startup_stm32f103xe.o(RESET) refers to stm32f1xx_it.o(.text.HardFault_Handler) for HardFault_Handler
    startup_stm32f103xe.o(RESET) refers to stm32f1xx_it.o(.text.MemManage_Handler) for MemManage_Handler
    startup_stm32f103xe.o(RESET) refers to stm32f1xx_it.o(.text.BusFault_Handler) for BusFault_Handler
    startup_stm32f103xe.o(RESET) refers to stm32f1xx_it.o(.text.UsageFault_Handler) for UsageFault_Handler
    startup_stm32f103xe.o(RESET) refers to stm32f1xx_it.o(.text.SVC_Handler) for SVC_Handler
    startup_stm32f103xe.o(RESET) refers to stm32f1xx_it.o(.text.DebugMon_Handler) for DebugMon_Handler
    startup_stm32f103xe.o(RESET) refers to stm32f1xx_it.o(.text.PendSV_Handler) for PendSV_Handler
    startup_stm32f103xe.o(RESET) refers to stm32f1xx_it.o(.text.SysTick_Handler) for SysTick_Handler
    startup_stm32f103xe.o(RESET) refers to stm32f1xx_it.o(.text.DMA1_Channel1_IRQHandler) for DMA1_Channel1_IRQHandler
    startup_stm32f103xe.o(RESET) refers to stm32f1xx_it.o(.text.DMA1_Channel5_IRQHandler) for DMA1_Channel5_IRQHandler
    startup_stm32f103xe.o(RESET) refers to stm32f1xx_it.o(.text.TIM2_IRQHandler) for TIM2_IRQHandler
    startup_stm32f103xe.o(RESET) refers to stm32f1xx_it.o(.text.USART1_IRQHandler) for USART1_IRQHandler
    startup_stm32f103xe.o(.text) refers (Special) to heapauxi.o(.text) for __use_two_region_memory
    startup_stm32f103xe.o(.text) refers to system_stm32f1xx.o(.text.SystemInit) for SystemInit
    startup_stm32f103xe.o(.text) refers to __main.o(!!!main) for __main
    startup_stm32f103xe.o(.text) refers to startup_stm32f103xe.o(HEAP) for Heap_Mem
    startup_stm32f103xe.o(.text) refers to startup_stm32f103xe.o(STACK) for Stack_Mem
    oled.o(.ARM.exidx.text.Exange) refers to oled.o(.text.Exange) for [Anonymous Symbol]
    oled.o(.text.OLED_Init) refers to stm32f1xx_hal_gpio.o(.text.HAL_GPIO_WritePin) for HAL_GPIO_WritePin
    oled.o(.text.OLED_Init) refers to stm32f1xx_hal.o(.text.HAL_Delay) for HAL_Delay
    oled.o(.text.OLED_Init) refers to spi.o(.bss.hspi1) for hspi1
    oled.o(.text.OLED_Init) refers to stm32f1xx_hal_spi.o(.text.HAL_SPI_Transmit) for HAL_SPI_Transmit
    oled.o(.ARM.exidx.text.OLED_Init) refers to oled.o(.text.OLED_Init) for [Anonymous Symbol]
    oled.o(.text.OLED_Write_Cmd) refers to stm32f1xx_hal_gpio.o(.text.HAL_GPIO_WritePin) for HAL_GPIO_WritePin
    oled.o(.text.OLED_Write_Cmd) refers to spi.o(.bss.hspi1) for hspi1
    oled.o(.text.OLED_Write_Cmd) refers to stm32f1xx_hal_spi.o(.text.HAL_SPI_Transmit) for HAL_SPI_Transmit
    oled.o(.ARM.exidx.text.OLED_Write_Cmd) refers to oled.o(.text.OLED_Write_Cmd) for [Anonymous Symbol]
    oled.o(.text.OLED_Write_Data_8) refers to stm32f1xx_hal_gpio.o(.text.HAL_GPIO_WritePin) for HAL_GPIO_WritePin
    oled.o(.text.OLED_Write_Data_8) refers to spi.o(.bss.hspi1) for hspi1
    oled.o(.text.OLED_Write_Data_8) refers to stm32f1xx_hal_spi.o(.text.HAL_SPI_Transmit) for HAL_SPI_Transmit
    oled.o(.ARM.exidx.text.OLED_Write_Data_8) refers to oled.o(.text.OLED_Write_Data_8) for [Anonymous Symbol]
    oled.o(.text.OLED_Write_Data_16) refers to stm32f1xx_hal_gpio.o(.text.HAL_GPIO_WritePin) for HAL_GPIO_WritePin
    oled.o(.text.OLED_Write_Data_16) refers to spi.o(.bss.hspi1) for hspi1
    oled.o(.text.OLED_Write_Data_16) refers to stm32f1xx_hal_spi.o(.text.HAL_SPI_Transmit) for HAL_SPI_Transmit
    oled.o(.ARM.exidx.text.OLED_Write_Data_16) refers to oled.o(.text.OLED_Write_Data_16) for [Anonymous Symbol]
    oled.o(.text.OLED_Draw) refers to stm32f1xx_hal_gpio.o(.text.HAL_GPIO_WritePin) for HAL_GPIO_WritePin
    oled.o(.text.OLED_Draw) refers to spi.o(.bss.hspi1) for hspi1
    oled.o(.text.OLED_Draw) refers to stm32f1xx_hal_spi.o(.text.HAL_SPI_Transmit) for HAL_SPI_Transmit
    oled.o(.ARM.exidx.text.OLED_Draw) refers to oled.o(.text.OLED_Draw) for [Anonymous Symbol]
    oled.o(.text.OLED_Clear) refers to oled.o(.text.OLED_Draw) for OLED_Draw
    oled.o(.text.OLED_Clear) refers to spi.o(.bss.hspi1) for hspi1
    oled.o(.text.OLED_Clear) refers to stm32f1xx_hal_gpio.o(.text.HAL_GPIO_WritePin) for HAL_GPIO_WritePin
    oled.o(.text.OLED_Clear) refers to stm32f1xx_hal_spi.o(.text.HAL_SPI_Transmit) for HAL_SPI_Transmit
[...]
    UART4_IRQHandler                         0x08000293   Thumb Code     0  startup_stm32f103xe.o(.text)
    UART5_IRQHandler                         0x08000293   Thumb Code     0  startup_stm32f103xe.o(.text)
    USART2_IRQHandler                        0x08000293   Thumb Code     0  startup_stm32f103xe.o(.text)
    USART3_IRQHandler                        0x08000293   Thumb Code     0  startup_stm32f103xe.o(.text)
    USBWakeUp_IRQHandler                     0x08000293   Thumb Code     0  startup_stm32f103xe.o(.text)
    USB_HP_CAN1_TX_IRQHandler                0x08000293   Thumb Code     0  startup_stm32f103xe.o(.text)
    USB_LP_CAN1_RX0_IRQHandler               0x08000293   Thumb Code     0  startup_stm32f103xe.o(.text)
    WWDG_IRQHandler                          0x08000293   Thumb Code     0  startup_stm32f103xe.o(.text)
    __user_initial_stackheap                 0x08000295   Thumb Code     0  startup_stm32f103xe.o(.text)
    vsprintf                                 0x080002b9   Thumb Code    32  vsprintf.o(.text)
    strlen                                   0x080002dd   Thumb Code    62  strlen.o(.text)
    __aeabi_memclr4                          0x0800031b   Thumb Code     0  rt_memclr_w.o(.text)
    __aeabi_memclr8                          0x0800031b   Thumb Code     0  rt_memclr_w.o(.text)
    __rt_memclr_w                            0x0800031b   Thumb Code     0  rt_memclr_w.o(.text)
    _memset_w                                0x0800031f   Thumb Code    74  rt_memclr_w.o(.text)
    __use_two_region_memory                  0x08000369   Thumb Code     2  heapauxi.o(.text)
    __rt_heap_escrow$2region                 0x0800036b   Thumb Code     2  heapauxi.o(.text)
    __rt_heap_expand$2region                 0x0800036d   Thumb Code     2  heapauxi.o(.text)
    __read_errno                             0x0800036f   Thumb Code    10  _rserrno.o(.text)
    __set_errno                              0x08000379   Thumb Code    12  _rserrno.o(.text)
    _printf_pre_padding                      0x08000385   Thumb Code    44  _printf_pad.o(.text)
    _printf_post_padding                     0x080003b1   Thumb Code    34  _printf_pad.o(.text)
    _printf_truncate_signed                  0x080003d3   Thumb Code    18  _printf_truncate.o(.text)
    _printf_truncate_unsigned                0x080003e5   Thumb Code    18  _printf_truncate.o(.text)
    _printf_str                              0x080003f7   Thumb Code    82  _printf_str.o(.text)
    _printf_int_dec                          0x08000449   Thumb Code   104  _printf_dec.o(.text)
    _printf_charcount                        0x080004c1   Thumb Code    40  _printf_charcount.o(.text)
    _printf_char_common                      0x080004f3   Thumb Code    32  _printf_char_common.o(.text)
    _sputc                                   0x08000519   Thumb Code    10  _sputc.o(.text)
    _printf_wctomb                           0x08000525   Thumb Code   182  _printf_wctomb.o(.text)
    _printf_longlong_dec                     0x080005e1   Thumb Code   108  _printf_longlong_dec.o(.text)
    _printf_longlong_oct                     0x0800065d   Thumb Code    68  _printf_oct_int_ll.o(.text)
    _printf_int_oct                          0x080006a1   Thumb Code    24  _printf_oct_int_ll.o(.text)
    _printf_ll_oct                           0x080006b9   Thumb Code    12  _printf_oct_int_ll.o(.text)
    _printf_longlong_hex                     0x080006cd   Thumb Code    86  _printf_hex_int_ll_ptr.o(.text)
    _printf_int_hex                          0x08000723   Thumb Code    28  _printf_hex_int_ll_ptr.o(.text)
    _printf_ll_hex                           0x0800073f   Thumb Code    12  _printf_hex_int_ll_ptr.o(.text)
    _printf_hex_ptr                          0x0800074b   Thumb Code    18  _printf_hex_int_ll_ptr.o(.text)
    __printf                                 0x08000761   Thumb Code   388  __printf_flags_ss_wp.o(.text)
    __aeabi_errno_addr                       0x080008e9   Thumb Code     8  rt_errno_addr_intlibspace.o(.text)
    __errno$intlibspace                      0x080008e9   Thumb Code     0  rt_errno_addr_intlibspace.o(.text)
    __rt_errno_addr$intlibspace              0x080008e9   Thumb Code     0  rt_errno_addr_intlibspace.o(.text)
    _ll_udiv10                               0x080008f1   Thumb Code   138  lludiv10.o(.text)
    _printf_int_common                       0x0800097b   Thumb Code   178  _printf_intcommon.o(.text)
    _printf_fp_dec_real                      0x08000bdd   Thumb Code   620  _printf_fp_dec.o(.text)
    _printf_fp_hex_real                      0x08000e49   Thumb Code   756  _printf_fp_hex.o(.text)
    _printf_cs_common                        0x08001145   Thumb Code    20  _printf_char.o(.text)
    _printf_char                             0x08001159   Thumb Code    16  _printf_char.o(.text)
    _printf_string                           0x08001169   Thumb Code     8  _printf_char.o(.text)
    _printf_lcs_common                       0x08001171   Thumb Code    20  _printf_wchar.o(.text)
    _printf_wchar                            0x08001185   Thumb Code    16  _printf_wchar.o(.text)
    _printf_wstring                          0x08001195   Thumb Code     8  _printf_wchar.o(.text)
    _c16rtomb                                0x0800119d   Thumb Code    72  _c16rtomb.o(.text)
    _wcrtomb                                 0x0800119d   Thumb Code     0  _c16rtomb.o(.text)
    __user_libspace                          0x080011e5   Thumb Code     8  libspace.o(.text)
    __user_perproc_libspace                  0x080011e5   Thumb Code     0  libspace.o(.text)
    __user_perthread_libspace                0x080011e5   Thumb Code     0  libspace.o(.text)
    __user_setup_stackheap                   0x080011ed   Thumb Code    74  sys_stackheap_outer.o(.text)
    __rt_ctype_table                         0x08001239   Thumb Code    16  rt_ctype_table.o(.text)
    __rt_locale                              0x08001249   Thumb Code     8  rt_locale_intlibspace.o(.text)
    _printf_fp_infnan                        0x08001251   Thumb Code   112  _printf_fp_infnan.o(.text)
    _btod_etento                             0x080012d1   Thumb Code   224  bigflt0.o(.text)
    exit                                     0x080013b5   Thumb Code    18  exit.o(.text)
    strcmp                                   0x080013c9   Thumb Code   128  strcmpv7m.o(.text)
    _sys_exit                                0x08001449   Thumb Code     8  sys_exit.o(.text)
    __I$use$semihosting                      0x08001455   Thumb Code     0  use_no_semi.o(.text)
    __use_no_semihosting_swi                 0x08001455   Thumb Code     2  use_no_semi.o(.text)
    __semihosting_library_function           0x08001457   Thumb Code     0  indicate_semi.o(.text)
    BusFault_Handler                         0x08001459   Thumb Code     2  stm32f1xx_it.o(.text.BusFault_Handler)
    DMA1_Channel1_IRQHandler                 0x0800145d   Thumb Code    12  stm32f1xx_it.o(.text.DMA1_Channel1_IRQHandler)
    DMA1_Channel5_IRQHandler                 0x08001469   Thumb Code    12  stm32f1xx_it.o(.text.DMA1_Channel5_IRQHandler)
    DebugMon_Handler                         0x08001475   Thumb Code     2  stm32f1xx_it.o(.text.DebugMon_Handler)
    Error_Handler                            0x08001479   Thumb Code    10  main.o(.text.Error_Handler)
    HAL_ADC_ConfigChannel                    0x08001485   Thumb Code   404  stm32f1xx_hal_adc.o(.text.HAL_ADC_ConfigChannel)
    HAL_ADC_Init                             0x08001619   Thumb Code   368  stm32f1xx_hal_adc.o(.text.HAL_ADC_Init)
    HAL_ADC_MspInit                          0x08001789   Thumb Code   162  adc.o(.text.HAL_ADC_MspInit)
    HAL_DMA_Abort                            0x0800182d   Thumb Code    70  stm32f1xx_hal_dma.o(.text.HAL_DMA_Abort)
    HAL_DMA_Abort_IT                         0x08001875   Thumb Code   294  stm32f1xx_hal_dma.o(.text.HAL_DMA_Abort_IT)
    HAL_DMA_IRQHandler                       0x0800199d   Thumb Code   662  stm32f1xx_hal_dma.o(.text.HAL_DMA_IRQHandler)
    HAL_DMA_Init                             0x08001c35   Thumb Code   142  stm32f1xx_hal_dma.o(.text.HAL_DMA_Init)
    HAL_DMA_Start_IT                         0x08001cc5   Thumb Code   156  stm32f1xx_hal_dma.o(.text.HAL_DMA_Start_IT)
    HAL_Delay                                0x08001d61   Thumb Code    40  stm32f1xx_hal.o(.text.HAL_Delay)
    HAL_GPIO_Init                            0x08001d89   Thumb Code   514  stm32f1xx_hal_gpio.o(.text.HAL_GPIO_Init)
    HAL_GPIO_WritePin                        0x08001f8d   Thumb Code    10  stm32f1xx_hal_gpio.o(.text.HAL_GPIO_WritePin)
    HAL_GetTick                              0x08001f99   Thumb Code    12  stm32f1xx_hal.o(.text.HAL_GetTick)
    HAL_IncTick                              0x08001fa5   Thumb Code    26  stm32f1xx_hal.o(.text.HAL_IncTick)
    HAL_Init                                 0x08001fc1   Thumb Code    38  stm32f1xx_hal.o(.text.HAL_Init)
    HAL_InitTick                             0x08001fe9   Thumb Code    72  stm32f1xx_hal.o(.text.HAL_InitTick)
    HAL_MspInit                              0x08002031   Thumb Code    50  stm32f1xx_hal_msp.o(.text.HAL_MspInit)
    HAL_NVIC_EnableIRQ                       0x08002065   Thumb Code    32  stm32f1xx_hal_cortex.o(.text.HAL_NVIC_EnableIRQ)
    HAL_NVIC_SetPriority                     0x08002085   Thumb Code    86  stm32f1xx_hal_cortex.o(.text.HAL_NVIC_SetPriority)
    HAL_NVIC_SetPriorityGrouping             0x080020dd   Thumb Code    32  stm32f1xx_hal_cortex.o(.text.HAL_NVIC_SetPriorityGrouping)
    HAL_RCCEx_PeriphCLKConfig                0x080020fd   Thumb Code   266  stm32f1xx_hal_rcc_ex.o(.text.HAL_RCCEx_PeriphCLKConfig)
    HAL_RCC_ClockConfig                      0x08002209   Thumb Code   446  stm32f1xx_hal_rcc.o(.text.HAL_RCC_ClockConfig)
    HAL_RCC_GetPCLK1Freq                     0x080023c9   Thumb Code    38  stm32f1xx_hal_rcc.o(.text.HAL_RCC_GetPCLK1Freq)
    HAL_RCC_GetPCLK2Freq                     0x080023f1   Thumb Code    38  stm32f1xx_hal_rcc.o(.text.HAL_RCC_GetPCLK2Freq)
    HAL_RCC_OscConfig                        0x08002419   Thumb Code   948  stm32f1xx_hal_rcc.o(.text.HAL_RCC_OscConfig)
    HAL_SPI_Init                             0x080027cd   Thumb Code   172  stm32f1xx_hal_spi.o(.text.HAL_SPI_Init)
    HAL_SPI_MspInit                          0x08002879   Thumb Code   222  spi.o(.text.HAL_SPI_MspInit)
    HAL_SPI_Transmit                         0x08002959   Thumb Code   470  stm32f1xx_hal_spi.o(.text.HAL_SPI_Transmit)
    HAL_SPI_TransmitReceive                  0x08002b31   Thumb Code   676  stm32f1xx_hal_spi.o(.text.HAL_SPI_TransmitReceive)
    HAL_SYSTICK_Config                       0x08002dd5   Thumb Code    44  stm32f1xx_hal_cortex.o(.text.HAL_SYSTICK_Config)
    HAL_TIMEx_BreakCallback                  0x08002e01   Thumb Code     2  stm32f1xx_hal_tim_ex.o(.text.HAL_TIMEx_BreakCallback)
    HAL_TIMEx_CommutCallback                 0x08002e05   Thumb Code     2  stm32f1xx_hal_tim_ex.o(.text.HAL_TIMEx_CommutCallback)
    HAL_TIMEx_MasterConfigSynchronization    0x08002e09   Thumb Code   146  stm32f1xx_hal_tim_ex.o(.text.HAL_TIMEx_MasterConfigSynchronization)
    HAL_TIM_Base_Init                        0x08002e9d   Thumb Code   294  stm32f1xx_hal_tim.o(.text.HAL_TIM_Base_Init)
    HAL_TIM_Base_MspInit                     0x08002fc5   Thumb Code    64  tim.o(.text.HAL_TIM_Base_MspInit)
    HAL_TIM_Base_Start_IT                    0x08003005   Thumb Code   134  stm32f1xx_hal_tim.o(.text.HAL_TIM_Base_Start_IT)
    HAL_TIM_ConfigClockSource                0x0800308d   Thumb Code   402  stm32f1xx_hal_tim.o(.text.HAL_TIM_ConfigClockSource)
    HAL_TIM_IC_CaptureCallback               0x08003221   Thumb Code     2  stm32f1xx_hal_tim.o(.text.HAL_TIM_IC_CaptureCallback)
    HAL_TIM_IRQHandler                       0x08003225   Thumb Code   368  stm32f1xx_hal_tim.o(.text.HAL_TIM_IRQHandler)
    HAL_TIM_OC_DelayElapsedCallback          0x08003395   Thumb Code     2  stm32f1xx_hal_tim.o(.text.HAL_TIM_OC_DelayElapsedCallback)
    HAL_TIM_PWM_ConfigChannel                0x08003399   Thumb Code   590  stm32f1xx_hal_tim.o(.text.HAL_TIM_PWM_ConfigChannel)
    HAL_TIM_PWM_Init                         0x080035e9   Thumb Code   294  stm32f1xx_hal_tim.o(.text.HAL_TIM_PWM_Init)
    HAL_TIM_PWM_MspInit                      0x08003711   Thumb Code    50  tim.o(.text.HAL_TIM_PWM_MspInit)
    HAL_TIM_PWM_PulseFinishedCallback        0x08003745   Thumb Code     2  stm32f1xx_hal_tim.o(.text.HAL_TIM_PWM_PulseFinishedCallback)
    HAL_TIM_PWM_Start                        0x08003749   Thumb Code   226  stm32f1xx_hal_tim.o(.text.HAL_TIM_PWM_Start)
    HAL_TIM_PeriodElapsedCallback            0x0800382d   Thumb Code    24  main.o(.text.HAL_TIM_PeriodElapsedCallback)
    HAL_TIM_TriggerCallback                  0x08003845   Thumb Code     2  stm32f1xx_hal_tim.o(.text.HAL_TIM_TriggerCallback)
    HAL_UARTEx_ReceiveToIdle_DMA             0x08003849   Thumb Code   192  stm32f1xx_hal_uart.o(.text.HAL_UARTEx_ReceiveToIdle_DMA)
    HAL_UARTEx_RxEventCallback               0x08003909   Thumb Code    20  main.o(.text.HAL_UARTEx_RxEventCallback)
    HAL_UART_ErrorCallback                   0x0800391d   Thumb Code     2  stm32f1xx_hal_uart.o(.text.HAL_UART_ErrorCallback)
    HAL_UART_IRQHandler                      0x08003921   Thumb Code   620  stm32f1xx_hal_uart.o(.text.HAL_UART_IRQHandler)
    HAL_UART_Init                            0x08003b8d   Thumb Code   220  stm32f1xx_hal_uart.o(.text.HAL_UART_Init)
    HAL_UART_MspInit                         0x08003c69   Thumb Code   194  usart.o(.text.HAL_UART_MspInit)
    HAL_UART_RxCpltCallback                  0x08003d2d   Thumb Code     2  stm32f1xx_hal_uart.o(.text.HAL_UART_RxCpltCallback)
    HAL_UART_RxHalfCpltCallback              0x08003d31   Thumb Code     2  stm32f1xx_hal_uart.o(.text.HAL_UART_RxHalfCpltCallback)
    HAL_UART_Transmit                        0x08003d35   Thumb Code   432  stm32f1xx_hal_uart.o(.text.HAL_UART_Transmit)
    HAL_UART_TxCpltCallback                  0x08003ee5   Thumb Code     2  stm32f1xx_hal_uart.o(.text.HAL_UART_TxCpltCallback)
    HardFault_Handler                        0x08003ee9   Thumb Code     2  stm32f1xx_it.o(.text.HardFault_Handler)
    Knob_Draw                                0x08003eed   Thumb Code   922  knob.o(.text.Knob_Draw)
    Knob_Init                                0x08004289   Thumb Code   444  knob.o(.text.Knob_Init)
    Knob_TIM                                 0x08004445   Thumb Code   216  knob.o(.text.Knob_TIM)
    Knob_UART                                0x0800451d   Thumb Code    80  knob.o(.text.Knob_UART)
    MX_ADC1_Init                             0x0800456d   Thumb Code    88  adc.o(.text.MX_ADC1_Init)
    MX_DMA_Init                              0x080045c5   Thumb Code    68  dma.o(.text.MX_DMA_Init)
    MX_GPIO_Init                             0x08004609   Thumb Code   176  gpio.o(.text.MX_GPIO_Init)
    MX_SPI1_Init                             0x080046b9   Thumb Code    70  spi.o(.text.MX_SPI1_Init)
    MX_SPI2_Init                             0x08004701   Thumb Code    76  spi.o(.text.MX_SPI2_Init)
    MX_TIM2_Init                             0x0800474d   Thumb Code   112  tim.o(.text.MX_TIM2_Init)
    MX_TIM3_Init                             0x080047bd   Thumb Code   258  tim.o(.text.MX_TIM3_Init)
    MX_USART1_UART_Init                      0x080048c1   Thumb Code    60  usart.o(.text.MX_USART1_UART_Init)
    MemManage_Handler                        0x080048fd   Thumb Code     2  stm32f1xx_it.o(.text.MemManage_Handler)
    Motor_Init                               0x08004901   Thumb Code   156  motor.o(.text.Motor_Init)
    Motor_PWM_Output                         0x0800499d   Thumb Code   192  motor.o(.text.Motor_PWM_Output)
    Motor_Run                                0x08004a5d   Thumb Code   150  motor.o(.text.Motor_Run)
    Motor_Set_Angle_Goal_Deg                 0x08004af5   Thumb Code    20  motor.o(.text.Motor_Set_Angle_Goal_Deg)
    Motor_Set_Voltage                        0x08004b09   Thumb Code   278  motor.o(.text.Motor_Set_Voltage)
    Motor_TIM                                0x08004c21   Thumb Code    14  motor.o(.text.Motor_TIM)
    Motor_TransmitReceive                    0x08004c31   Thumb Code   282  motor.o(.text.Motor_TransmitReceive)
    NMI_Handler                              0x08004d4d   Thumb Code     2  stm32f1xx_it.o(.text.NMI_Handler)
    Normalize                                0x08004d51   Thumb Code   192  pid.o(.text.Normalize)
    OLED_Clear                               0x08004e11   Thumb Code   114  oled.o(.text.OLED_Clear)
    OLED_Draw                                0x08004e85   Thumb Code   392  oled.o(.text.OLED_Draw)
    OLED_Draw_Char                           0x0800500d   Thumb Code  1312  oled.o(.text.OLED_Draw_Char)
    OLED_Draw_Circle_Covered                 0x0800552d   Thumb Code   410  oled.o(.text.OLED_Draw_Circle_Covered)
    OLED_Draw_Int                            0x080056c9   Thumb Code   340  oled.o(.text.OLED_Draw_Int)
    OLED_Draw_Line                           0x0800581d   Thumb Code  1170  oled.o(.text.OLED_Draw_Line)
    OLED_Draw_Radiu                          0x08005cb1   Thumb Code  1076  oled.o(.text.OLED_Draw_Radiu)
    OLED_Fill                                0x080060e5   Thumb Code   178  oled.o(.text.OLED_Fill)
    OLED_Init                                0x08006199   Thumb Code  8744  oled.o(.text.OLED_Init)
    PID_Calculate                            0x080083c1   Thumb Code    82  pid.o(.text.PID_Calculate)
    PID_Init                                 0x08008415   Thumb Code    14  pid.o(.text.PID_Init)
    PID_Set_Goal                             0x08008425   Thumb Code    24  pid.o(.text.PID_Set_Goal)
    PendSV_Handler                           0x0800843d   Thumb Code     2  stm32f1xx_it.o(.text.PendSV_Handler)
    Restrict                                 0x08008441   Thumb Code    42  pid.o(.text.Restrict)
    SVC_Handler                              0x08008551   Thumb Code     2  stm32f1xx_it.o(.text.SVC_Handler)
    SysTick_Handler                          0x08008555   Thumb Code     4  stm32f1xx_it.o(.text.SysTick_Handler)
    SystemInit                               0x08008559   Thumb Code     2  system_stm32f1xx.o(.text.SystemInit)
    TIM2_IRQHandler                          0x0800855d   Thumb Code    12  stm32f1xx_it.o(.text.TIM2_IRQHandler)
    USART1_IRQHandler                        0x080086f9   Thumb Code    12  stm32f1xx_it.o(.text.USART1_IRQHandler)
    UsageFault_Handler                       0x08008705   Thumb Code     2  stm32f1xx_it.o(.text.UsageFault_Handler)
    main                                     0x08008709   Thumb Code   236  main.o(.text.main)
    u1_printf                                0x080087fd   Thumb Code    62  usart.o(.text.u1_printf)
    _btod_d2e                                0x0800883b   Thumb Code    62  btod.o(CL$$btod_d2e)
    _d2e_denorm_low                          0x08008879   Thumb Code    70  btod.o(CL$$btod_d2e_denorm_low)
    _d2e_norm_op1                            0x080088bf   Thumb Code    96  btod.o(CL$$btod_d2e_norm_op1)
    __btod_div_common                        0x08008921   Thumb Code   696  btod.o(CL$$btod_div_common)
    _e2e                                     0x08008c59   Thumb Code   220  btod.o(CL$$btod_e2e)
    _btod_ediv                               0x08008d35   Thumb Code    42  btod.o(CL$$btod_ediv)
    _btod_emul                               0x08008d5f   Thumb Code    42  btod.o(CL$$btod_emul)
    __btod_mult_common                       0x08008d89   Thumb Code   580  btod.o(CL$$btod_mult_common)
    __ARM_fpclassify                         0x08008fcd   Thumb Code    40  fpclassify.o(i.__ARM_fpclassify)
    __ARM_fpclassifyf                        0x08008ff5   Thumb Code    38  fpclassifyf.o(i.__ARM_fpclassifyf)
    __ieee754_rem_pio2                       0x0800901d   Thumb Code   828  rred.o(i.__ieee754_rem_pio2)
    __kernel_cos                             0x080093a5   Thumb Code   230  cos_i.o(i.__kernel_cos)
    __kernel_poly                            0x080094a1   Thumb Code   170  poly.o(i.__kernel_poly)
    __kernel_sin                             0x0800954d   Thumb Code   224  sin_i.o(i.__kernel_sin)
    __mathlib_dbl_infnan                     0x08009639   Thumb Code     6  dunder.o(i.__mathlib_dbl_infnan)
    __mathlib_dbl_invalid                    0x0800963f   Thumb Code    12  dunder.o(i.__mathlib_dbl_invalid)
    __mathlib_dbl_underflow                  0x0800964d   Thumb Code    10  dunder.o(i.__mathlib_dbl_underflow)
    __mathlib_flt_infnan                     0x0800965d   Thumb Code     6  funder.o(i.__mathlib_flt_infnan)
    __mathlib_flt_infnan2                    0x08009663   Thumb Code     4  funder.o(i.__mathlib_flt_infnan2)
    __mathlib_flt_invalid                    0x08009667   Thumb Code     8  funder.o(i.__mathlib_flt_invalid)
    __mathlib_flt_underflow                  0x0800966f   Thumb Code    10  funder.o(i.__mathlib_flt_underflow)
    __mathlib_rredf2                         0x08009679   Thumb Code   344  rredf.o(i.__mathlib_rredf2)
    _is_digit                                0x080097e1   Thumb Code    14  __printf_wp.o(i._is_digit)
    atan2f                                   0x080097f1   Thumb Code   598  atan2f.o(i.atan2f)
    ceil                                     0x08009a95   Thumb Code   204  ceil.o(i.ceil)
    __mathlib_ceilf                          0x08009b71   Thumb Code     0  ceilf.o(i.ceilf)
    ceilf                                    0x08009b71   Thumb Code   110  ceilf.o(i.ceilf)
    cos                                      0x08009be9   Thumb Code   148  cos.o(i.cos)
    cosf                                     0x08009c85   Thumb Code   328  cosf.o(i.cosf)
    floor                                    0x08009e01   Thumb Code   204  floor.o(i.floor)
    floorf                                   0x08009edd   Thumb Code   112  floorf.o(i.floorf)
    sin                                      0x08009f59   Thumb Code   150  sin.o(i.sin)
    sinf                                     0x08009ff9   Thumb Code   338  sinf.o(i.sinf)
    sqrt                                     0x0800a181   Thumb Code    76  sqrt.o(i.sqrt)
    _get_lc_numeric                          0x0800a1cd   Thumb Code    44  lc_numeric_c.o(locale$$code)
    _get_lc_ctype                            0x0800a1f9   Thumb Code    44  lc_ctype_c.o(locale$$code)
    __aeabi_d2f                              0x0800a225   Thumb Code     0  d2f.o(x$fpl$d2f)
    _d2f                                     0x0800a225   Thumb Code    98  d2f.o(x$fpl$d2f)
    __aeabi_dadd                             0x0800a289   Thumb Code     0  daddsub_clz.o(x$fpl$dadd)
    _dadd                                    0x0800a289   Thumb Code   332  daddsub_clz.o(x$fpl$dadd)
    __fpl_dcheck_NaN1                        0x0800a3d9   Thumb Code    10  dcheck1.o(x$fpl$dcheck1)
    __fpl_dcmp_Inf                           0x0800a3e9   Thumb Code    24  dcmpi.o(x$fpl$dcmpinf)
    __aeabi_ddiv                             0x0800a401   Thumb Code     0  ddiv.o(x$fpl$ddiv)
    _ddiv                                    0x0800a401   Thumb Code   556  ddiv.o(x$fpl$ddiv)
    __aeabi_cdcmpeq                          0x0800a6b5   Thumb Code     0  deqf.o(x$fpl$deqf)
    _dcmpeq                                  0x0800a6b5   Thumb Code   120  deqf.o(x$fpl$deqf)
    __aeabi_d2iz                             0x0800a72d   Thumb Code     0  dfix.o(x$fpl$dfix)
    _dfix                                    0x0800a72d   Thumb Code    94  dfix.o(x$fpl$dfix)
    __aeabi_d2uiz                            0x0800a78d   Thumb Code     0  dfixu.o(x$fpl$dfixu)
    _dfixu                                   0x0800a78d   Thumb Code    90  dfixu.o(x$fpl$dfixu)
    __aeabi_i2d                              0x0800a7e7   Thumb Code     0  dflt_clz.o(x$fpl$dflt)
    _dflt                                    0x0800a7e7   Thumb Code    46  dflt_clz.o(x$fpl$dflt)
    __aeabi_ui2d                             0x0800a815   Thumb Code     0  dflt_clz.o(x$fpl$dfltu)
    _dfltu                                   0x0800a815   Thumb Code    38  dflt_clz.o(x$fpl$dfltu)
    __aeabi_cdcmpge                          0x0800a83d   Thumb Code     0  dgeqf.o(x$fpl$dgeqf)
    _dcmpge                                  0x0800a83d   Thumb Code   120  dgeqf.o(x$fpl$dgeqf)
    __aeabi_cdcmple                          0x0800a8b5   Thumb Code     0  dleqf.o(x$fpl$dleqf)
    _dcmple                                  0x0800a8b5   Thumb Code   120  dleqf.o(x$fpl$dleqf)
    __fpl_dcmple_InfNaN                      0x0800a917   Thumb Code     0  dleqf.o(x$fpl$dleqf)
    __aeabi_dmul                             0x0800a92d   Thumb Code     0  dmul.o(x$fpl$dmul)
    _dmul                                    0x0800a92d   Thumb Code   332  dmul.o(x$fpl$dmul)
    __fpl_dnaninf                            0x0800aa81   Thumb Code   156  dnaninf.o(x$fpl$dnaninf)
    __fpl_dretinf                            0x0800ab1d   Thumb Code    12  dretinf.o(x$fpl$dretinf)
    __aeabi_cdrcmple                         0x0800ab29   Thumb Code     0  drleqf.o(x$fpl$drleqf)
    _drcmple                                 0x0800ab29   Thumb Code   108  drleqf.o(x$fpl$drleqf)
    __aeabi_drsub                            0x0800ab95   Thumb Code     0  daddsub_clz.o(x$fpl$drsb)
    _drsb                                    0x0800ab95   Thumb Code    22  daddsub_clz.o(x$fpl$drsb)
    _dsqrt                                   0x0800abad   Thumb Code   456  dsqrt_noumaal.o(x$fpl$dsqrt)
    __aeabi_dsub                             0x0800ad79   Thumb Code     0  daddsub_clz.o(x$fpl$dsub)
    _dsub                                    0x0800ad79   Thumb Code   472  daddsub_clz.o(x$fpl$dsub)
    __aeabi_f2d                              0x0800af55   Thumb Code     0  f2d.o(x$fpl$f2d)
    _f2d                                     0x0800af55   Thumb Code    86  f2d.o(x$fpl$f2d)
    __aeabi_fadd                             0x0800afad   Thumb Code     0  faddsub_clz.o(x$fpl$fadd)
    _fadd                                    0x0800afad   Thumb Code   196  faddsub_clz.o(x$fpl$fadd)
    __fpl_fcheck_NaN1                        0x0800b071   Thumb Code     6  fcheck1.o(x$fpl$fcheck1)
    __aeabi_dcmpeq                           0x0800b07d   Thumb Code     0  dcmp.o(x$fpl$fcmp)
    _deq                                     0x0800b07d   Thumb Code    14  dcmp.o(x$fpl$fcmp)
    _dneq                                    0x0800b08b   Thumb Code    14  dcmp.o(x$fpl$fcmp)
    __aeabi_dcmpgt                           0x0800b099   Thumb Code     0  dcmp.o(x$fpl$fcmp)
    _dgr                                     0x0800b099   Thumb Code    14  dcmp.o(x$fpl$fcmp)
    __aeabi_dcmpge                           0x0800b0a7   Thumb Code     0  dcmp.o(x$fpl$fcmp)
    _dgeq                                    0x0800b0a7   Thumb Code    14  dcmp.o(x$fpl$fcmp)
    __aeabi_dcmple                           0x0800b0b5   Thumb Code     0  dcmp.o(x$fpl$fcmp)
    _dleq                                    0x0800b0b5   Thumb Code    14  dcmp.o(x$fpl$fcmp)
    __aeabi_dcmplt                           0x0800b0c3   Thumb Code     0  dcmp.o(x$fpl$fcmp)
    _dls                                     0x0800b0c3   Thumb Code    14  dcmp.o(x$fpl$fcmp)
    __aeabi_fcmpeq                           0x0800b0d1   Thumb Code     0  fcmp.o(x$fpl$fcmp)
    _feq                                     0x0800b0d1   Thumb Code    14  fcmp.o(x$fpl$fcmp)
    _fneq                                    0x0800b0df   Thumb Code    14  fcmp.o(x$fpl$fcmp)
    __aeabi_fcmpgt                           0x0800b0ed   Thumb Code     0  fcmp.o(x$fpl$fcmp)
    _fgr                                     0x0800b0ed   Thumb Code    14  fcmp.o(x$fpl$fcmp)
    __aeabi_fcmpge                           0x0800b0fb   Thumb Code     0  fcmp.o(x$fpl$fcmp)
    _fgeq                                    0x0800b0fb   Thumb Code    14  fcmp.o(x$fpl$fcmp)
    __aeabi_fcmple                           0x0800b109   Thumb Code     0  fcmp.o(x$fpl$fcmp)
    _fleq                                    0x0800b109   Thumb Code    14  fcmp.o(x$fpl$fcmp)
    __aeabi_fcmplt                           0x0800b117   Thumb Code     0  fcmp.o(x$fpl$fcmp)
    _fls                                     0x0800b117   Thumb Code    14  fcmp.o(x$fpl$fcmp)
    __fpl_fcmp_Inf                           0x0800b125   Thumb Code    24  fcmpi.o(x$fpl$fcmpinf)
    __aeabi_fdiv                             0x0800b13d   Thumb Code     0  fdiv.o(x$fpl$fdiv)
    _fdiv                                    0x0800b13d   Thumb Code   384  fdiv.o(x$fpl$fdiv)
    __aeabi_cfcmpeq                          0x0800b2c1   Thumb Code     0  feqf.o(x$fpl$feqf)
    _fcmpeq                                  0x0800b2c1   Thumb Code   104  feqf.o(x$fpl$feqf)
    __aeabi_f2iz                             0x0800b329   Thumb Code     0  ffix.o(x$fpl$ffix)
    _ffix                                    0x0800b329   Thumb Code    54  ffix.o(x$fpl$ffix)
    __aeabi_i2f                              0x0800b361   Thumb Code     0  fflt_clz.o(x$fpl$fflt)
    _fflt                                    0x0800b361   Thumb Code    48  fflt_clz.o(x$fpl$fflt)
    __aeabi_ui2f                             0x0800b391   Thumb Code     0  fflt_clz.o(x$fpl$ffltu)
    _ffltu                                   0x0800b391   Thumb Code    38  fflt_clz.o(x$fpl$ffltu)
    _fcmpge                                  0x0800b3b9   Thumb Code   104  fgeqf.o(x$fpl$fgeqf)
    __aeabi_cfcmple                          0x0800b421   Thumb Code     0  fleqf.o(x$fpl$fleqf)
    _fcmple                                  0x0800b421   Thumb Code   104  fleqf.o(x$fpl$fleqf)
    __fpl_fcmple_InfNaN                      0x0800b473   Thumb Code     0  fleqf.o(x$fpl$fleqf)
    __aeabi_fmul                             0x0800b489   Thumb Code     0  fmul.o(x$fpl$fmul)
    _fmul                                    0x0800b489   Thumb Code   258  fmul.o(x$fpl$fmul)
    __fpl_fnaninf                            0x0800b58b   Thumb Code   140  fnaninf.o(x$fpl$fnaninf)
    __fpl_fretinf                            0x0800b617   Thumb Code    10  fretinf.o(x$fpl$fretinf)
    _frnd                                    0x0800b621   Thumb Code    96  frnd.o(x$fpl$frnd)
    __aeabi_frsub                            0x0800b681   Thumb Code     0  faddsub_clz.o(x$fpl$frsb)
    _frsb                                    0x0800b681   Thumb Code    20  faddsub_clz.o(x$fpl$frsb)
    __aeabi_fsub                             0x0800b695   Thumb Code     0  faddsub_clz.o(x$fpl$fsub)
    _fsub                                    0x0800b695   Thumb Code   234  faddsub_clz.o(x$fpl$fsub)
    _printf_fp_dec                           0x0800b77f   Thumb Code     4  printf1.o(x$fpl$printf1)
    _printf_fp_hex                           0x0800b783   Thumb Code     4  printf2.o(x$fpl$printf2)
    __fpl_return_NaN                         0x0800b787   Thumb Code   100  retnan.o(x$fpl$retnan)
    __ARM_scalbn                             0x0800b7eb   Thumb Code    92  scalbn.o(x$fpl$scalbn)
    __ARM_scalbnf                            0x0800b847   Thumb Code    76  scalbnf.o(x$fpl$scalbnf)
    __fpl_cmpreturn                          0x0800b893   Thumb Code    48  trapv.o(x$fpl$trapveneer)
    __I$use$fp                               0x0800b8c2   Number         0  usenofp.o(x$fpl$usenofp)
    AHBPrescTable                            0x0800bb0e   Data          16  system_stm32f1xx.o(.rodata.AHBPrescTable)
    APBPrescTable                            0x0800bb1e   Data           8  system_stm32f1xx.o(.rodata.APBPrescTable)
    ascii_1206                               0x0800bb26   Data        1140  font.o(.rodata.ascii_1206)
    ascii_1608                               0x0800bf9a   Data        1520  font.o(.rodata.ascii_1608)
    ascii_2412                               0x0800c58a   Data        4560  font.o(.rodata.ascii_2412)
    ascii_3216                               0x0800d75a   Data        6080  font.o(.rodata.ascii_3216)
    cmdAngle                                 0x0800ef1a   Data           2  motor.o(.rodata.cmdAngle)
    Region$$Table$$Base                      0x0800ef2c   Number         0  anon$$obj.o(Region$$Table)
    Region$$Table$$Limit                     0x0800ef4c   Number         0  anon$$obj.o(Region$$Table)
    __ctype                                  0x0800ef75   Data           0  lc_ctype_c.o(locale$$data)
    uwTickFreq                               0x20000000   Data           1  stm32f1xx_hal.o(.data..L_MergedGlobals)
    uwTickPrio                               0x20000004   Data           4  stm32f1xx_hal.o(.data..L_MergedGlobals)
    SystemCoreClock                          0x20000008   Data           4  system_stm32f1xx.o(.data.SystemCoreClock)
    __libspace_start                         0x20000010   Data          96  libspace.o(.bss)
    Motor_Mode                               0x20000070   Data           1  motor.o(.bss..L_MergedGlobals)
    __temporary_stack_top$libspace           0x20000070   Data           0  libspace.o(.bss)
    rxData                                   0x20000072   Data           2  motor.o(.bss..L_MergedGlobals)
    Motor_Zero_Electric_Angle                0x20000074   Data           4  motor.o(.bss..L_MergedGlobals)
    Motor_Current_Angle                      0x20000078   Data           4  motor.o(.bss..L_MergedGlobals)
    roll                                     0x2000007c   Data           4  motor.o(.bss..L_MergedGlobals)
    Motor_Current_Speed                      0x20000080   Data           4  motor.o(.bss..L_MergedGlobals)
    Motor_Global_Angle                       0x20000084   Data           4  motor.o(.bss..L_MergedGlobals)
    Motor_PWM_Duty_a                         0x20000088   Data           4  motor.o(.bss..L_MergedGlobals)
    Motor_PWM_Duty_b                         0x2000008c   Data           4  motor.o(.bss..L_MergedGlobals)
    Motor_PWM_Duty_c                         0x20000090   Data           4  motor.o(.bss..L_MergedGlobals)
    Motor_Torque_Goal                        0x20000094   Data           4  motor.o(.bss..L_MergedGlobals)
    Motor_Angle                              0x20000098   Data          28  motor.o(.bss..L_MergedGlobals)
    Motor_Speed                              0x200000b4   Data          28  motor.o(.bss..L_MergedGlobals)
    Draw_Mode                                0x200000d0   Data           1  knob.o(.bss..L_MergedGlobals)
    clear_task                               0x200000d1   Data           1  knob.o(.bss..L_MergedGlobals)
    hasEnd                                   0x200000d2   Data           1  knob.o(.bss..L_MergedGlobals)
    hasStart                                 0x200000d3   Data           1  knob.o(.bss..L_MergedGlobals)
    hasLvl                                   0x200000d4   Data           1  knob.o(.bss..L_MergedGlobals)
    last_angle                               0x200000d6   Data           2  knob.o(.bss..L_MergedGlobals)
    endAngle                                 0x200000d8   Data           4  knob.o(.bss..L_MergedGlobals)
    startAngle                               0x200000dc   Data           4  knob.o(.bss..L_MergedGlobals)
    lvlAngle                                 0x200000e0   Data           4  knob.o(.bss..L_MergedGlobals)
    uartBuf                                  0x200000e4   Data          30  knob.o(.bss..L_MergedGlobals)
    Cos                                      0x20000104   Data        1440  knob.o(.bss.Cos)
    Sin                                      0x200006a4   Data        1440  knob.o(.bss.Sin)
    closest_angle                            0x20000c44   Data        1444  knob.o(.bss.closest_angle)
    hadc1                                    0x200011e8   Data          48  adc.o(.bss.hadc1)
    hdma_adc1                                0x20001218   Data          68  adc.o(.bss.hdma_adc1)
    hdma_usart1_rx                           0x2000125c   Data          68  usart.o(.bss.hdma_usart1_rx)
    hspi1                                    0x200012a0   Data          88  spi.o(.bss.hspi1)
    hspi2                                    0x200012f8   Data          88  spi.o(.bss.hspi2)
    htim2                                    0x20001350   Data          72  tim.o(.bss.htim2)
    htim3                                    0x20001398   Data          72  tim.o(.bss.htim3)
    huart1                                   0x200013e0   Data          68  usart.o(.bss.huart1)
    uwTick                                   0x20001424   Data           4  stm32f1xx_hal.o(.bss.uwTick)



==============================================================================

Memory Map of the image

  Image Entry point : 0x08000131

  Load Region LR_IROM1 (Base: 0x08000000, Size: 0x0000f088, Max: 0x00040000, ABSOLUTE)

    Execution Region ER_IROM1 (Exec base: 0x08000000, Load base: 0x08000000, Size: 0x0000f078, Max: 0x00040000, ABSOLUTE)

    Exec Addr    Load Addr    Size         Type   Attr      Idx    E Section Name        Object

    0x08000000   0x08000000   0x00000130   Data   RO            3    RESET               startup_stm32f103xe.o
    0x08000130   0x08000130   0x00000008   Code   RO         1301  * !!!main             c_w.l(__main.o)
    0x08000138   0x08000138   0x00000034   Code   RO         1829    !!!scatter          c_w.l(__scatter.o)
    0x0800016c   0x0800016c   0x0000001a   Code   RO         1831    !!handler_copy      c_w.l(__scatter_copy.o)
    0x08000186   0x08000186   0x00000002   PAD
    0x08000188   0x08000188   0x0000001c   Code   RO         1833    !!handler_zi        c_w.l(__scatter_zi.o)
    0x080001a4   0x080001a4   0x00000000   Code   RO         1483    .ARM.Collect$$_printf_percent$$00000000  c_w.l(_printf_percent.o)
    0x080001a4   0x080001a4   0x00000006   Code   RO         1472    .ARM.Collect$$_printf_percent$$00000001  c_w.l(_printf_n.o)
    0x080001aa   0x080001aa   0x00000006   Code   RO         1474    .ARM.Collect$$_printf_percent$$00000002  c_w.l(_printf_p.o)
    0x080001b0   0x080001b0   0x00000006   Code   RO         1479    .ARM.Collect$$_printf_percent$$00000003  c_w.l(_printf_f.o)
    0x080001b6   0x080001b6   0x00000006   Code   RO         1480    .ARM.Collect$$_printf_percent$$00000004  c_w.l(_printf_e.o)
    0x080001bc   0x080001bc   0x00000006   Code   RO         1481    .ARM.Collect$$_printf_percent$$00000005  c_w.l(_printf_g.o)
    0x080001c2   0x080001c2   0x00000006   Code   RO         1482    .ARM.Collect$$_printf_percent$$00000006  c_w.l(_printf_a.o)
    0x080001c8   0x080001c8   0x0000000a   Code   RO         1487    .ARM.Collect$$_printf_percent$$00000007  c_w.l(_printf_ll.o)
    0x080001d2   0x080001d2   0x00000006   Code   RO         1476    .ARM.Collect$$_printf_percent$$00000008  c_w.l(_printf_i.o)
    0x080001d8   0x080001d8   0x00000006   Code   RO         1477    .ARM.Collect$$_printf_percent$$00000009  c_w.l(_printf_d.o)
    0x080001de   0x080001de   0x00000006   Code   RO         1478    .ARM.Collect$$_printf_percent$$0000000A  c_w.l(_printf_u.o)
    0x080001e4   0x080001e4   0x00000006   Code   RO         1475    .ARM.Collect$$_printf_percent$$0000000B  c_w.l(_printf_o.o)
    0x080001ea   0x080001ea   0x00000006   Code   RO         1473    .ARM.Collect$$_printf_percent$$0000000C  c_w.l(_printf_x.o)
    0x080001f0   0x080001f0   0x00000006   Code   RO         1484    .ARM.Collect$$_printf_percent$$0000000D  c_w.l(_printf_lli.o)
    0x080001f6   0x080001f6   0x00000006   Code   RO         1485    .ARM.Collect$$_printf_percent$$0000000E  c_w.l(_printf_lld.o)
    0x080001fc   0x080001fc   0x00000006   Code   RO         1486    .ARM.Collect$$_printf_percent$$0000000F  c_w.l(_printf_llu.o)
    0x08000202   0x08000202   0x00000006   Code   RO         1491    .ARM.Collect$$_printf_percent$$00000010  c_w.l(_printf_llo.o)
    0x08000208   0x08000208   0x00000006   Code   RO         1492    .ARM.Collect$$_printf_percent$$00000011  c_w.l(_printf_llx.o)
    0x0800020e   0x0800020e   0x0000000a   Code   RO         1488    .ARM.Collect$$_printf_percent$$00000012  c_w.l(_printf_l.o)
    0x08000218   0x08000218   0x00000006   Code   RO         1470    .ARM.Collect$$_printf_percent$$00000013  c_w.l(_printf_c.o)
    0x0800021e   0x0800021e   0x00000006   Code   RO         1471    .ARM.Collect$$_printf_percent$$00000014  c_w.l(_printf_s.o)
    0x08000224   0x08000224   0x00000006   Code   RO         1489    .ARM.Collect$$_printf_percent$$00000015  c_w.l(_printf_lc.o)
    0x0800022a   0x0800022a   0x00000006   Code   RO         1490    .ARM.Collect$$_printf_percent$$00000016  c_w.l(_printf_ls.o)
    0x08000230   0x08000230   0x00000004   Code   RO         1609    .ARM.Collect$$_printf_percent$$00000017  c_w.l(_printf_percent_end.o)
    0x08000234   0x08000234   0x00000002   Code   RO         1675    .ARM.Collect$$libinit$$00000000  c_w.l(libinit.o)
    0x08000236   0x08000236   0x00000000   Code   RO         1692    .ARM.Collect$$libinit$$00000002  c_w.l(libinit2.o)
    0x08000236   0x08000236   0x00000000   Code   RO         1694    .ARM.Collect$$libinit$$00000004  c_w.l(libinit2.o)
    0x08000236   0x08000236   0x00000000   Code   RO         1696    .ARM.Collect$$libinit$$00000006  c_w.l(libinit2.o)
    0x08000236   0x08000236   0x00000000   Code   RO         1699    .ARM.Collect$$libinit$$0000000C  c_w.l(libinit2.o)
    0x08000236   0x08000236   0x00000000   Code   RO         1701    .ARM.Collect$$libinit$$0000000E  c_w.l(libinit2.o)
    0x08000236   0x08000236   0x00000000   Code   RO         1703    .ARM.Collect$$libinit$$00000010  c_w.l(libinit2.o)
    0x08000236   0x08000236   0x00000006   Code   RO         1704    .ARM.Collect$$libinit$$00000011  c_w.l(libinit2.o)
    0x0800023c   0x0800023c   0x00000000   Code   RO         1706    .ARM.Collect$$libinit$$00000013  c_w.l(libinit2.o)
    0x0800023c   0x0800023c   0x0000000c   Code   RO         1707    .ARM.Collect$$libinit$$00000014  c_w.l(libinit2.o)
    0x08000248   0x08000248   0x00000000   Code   RO         1708    .ARM.Collect$$libinit$$00000015  c_w.l(libinit2.o)
    0x08000248   0x08000248   0x00000000   Code   RO         1710    .ARM.Collect$$libinit$$00000017  c_w.l(libinit2.o)
    0x08000248   0x08000248   0x0000000a   Code   RO         1711    .ARM.Collect$$libinit$$00000018  c_w.l(libinit2.o)
    0x08000252   0x08000252   0x00000000   Code   RO         1712    .ARM.Collect$$libinit$$00000019  c_w.l(libinit2.o)
    0x08000252   0x08000252   0x00000000   Code   RO         1714    .ARM.Collect$$libinit$$0000001B  c_w.l(libinit2.o)
    0x08000252   0x08000252   0x00000000   Code   RO         1716    .ARM.Collect$$libinit$$0000001D  c_w.l(libinit2.o)
    0x08000252   0x08000252   0x00000000   Code   RO         1718    .ARM.Collect$$libinit$$0000001F  c_w.l(libinit2.o)
    0x08000252   0x08000252   0x00000000   Code   RO         1720    .ARM.Collect$$libinit$$00000021  c_w.l(libinit2.o)
    0x08000252   0x08000252   0x00000000   Code   RO         1722    .ARM.Collect$$libinit$$00000023  c_w.l(libinit2.o)
    0x08000252   0x08000252   0x00000000   Code   RO         1724    .ARM.Collect$$libinit$$00000025  c_w.l(libinit2.o)
    0x08000252   0x08000252   0x00000000   Code   RO         1726    .ARM.Collect$$libinit$$00000027  c_w.l(libinit2.o)
    0x08000252   0x08000252   0x00000000   Code   RO         1730    .ARM.Collect$$libinit$$0000002E  c_w.l(libinit2.o)
    0x08000252   0x08000252   0x00000000   Code   RO         1732    .ARM.Collect$$libinit$$00000030  c_w.l(libinit2.o)
    0x08000252   0x08000252   0x00000000   Code   RO         1734    .ARM.Collect$$libinit$$00000032  c_w.l(libinit2.o)
    0x08000252   0x08000252   0x00000000   Code   RO         1736    .ARM.Collect$$libinit$$00000034  c_w.l(libinit2.o)
    0x08000252   0x08000252   0x00000002   Code   RO         1737    .ARM.Collect$$libinit$$00000035  c_w.l(libinit2.o)
    0x08000254   0x08000254   0x00000002   Code   RO         1765    .ARM.Collect$$libshutdown$$00000000  c_w.l(libshutdown.o)
    0x08000256   0x08000256   0x00000000   Code   RO         1780    .ARM.Collect$$libshutdown$$00000002  c_w.l(libshutdown2.o)
    0x08000256   0x08000256   0x00000000   Code   RO         1782    .ARM.Collect$$libshutdown$$00000004  c_w.l(libshutdown2.o)
    0x08000256   0x08000256   0x00000000   Code   RO         1785    .ARM.Collect$$libshutdown$$00000007  c_w.l(libshutdown2.o)
    0x08000256   0x08000256   0x00000000   Code   RO         1788    .ARM.Collect$$libshutdown$$0000000A  c_w.l(libshutdown2.o)
    0x08000256   0x08000256   0x00000000   Code   RO         1790    .ARM.Collect$$libshutdown$$0000000C  c_w.l(libshutdown2.o)
    0x08000256   0x08000256   0x00000000   Code   RO         1793    .ARM.Collect$$libshutdown$$0000000F  c_w.l(libshutdown2.o)
    0x08000256   0x08000256   0x00000002   Code   RO         1794    .ARM.Collect$$libshutdown$$00000010  c_w.l(libshutdown2.o)
    0x08000258   0x08000258   0x00000000   Code   RO         1399    .ARM.Collect$$rtentry$$00000000  c_w.l(__rtentry.o)
    0x08000258   0x08000258   0x00000000   Code   RO         1573    .ARM.Collect$$rtentry$$00000002  c_w.l(__rtentry2.o)
    0x08000258   0x08000258   0x00000006   Code   RO         1585    .ARM.Collect$$rtentry$$00000004  c_w.l(__rtentry4.o)
    0x0800025e   0x0800025e   0x00000000   Code   RO         1575    .ARM.Collect$$rtentry$$00000009  c_w.l(__rtentry2.o)
    0x0800025e   0x0800025e   0x00000004   Code   RO         1576    .ARM.Collect$$rtentry$$0000000A  c_w.l(__rtentry2.o)
    0x08000262   0x08000262   0x00000000   Code   RO         1578    .ARM.Collect$$rtentry$$0000000C  c_w.l(__rtentry2.o)
    0x08000262   0x08000262   0x00000008   Code   RO         1579    .ARM.Collect$$rtentry$$0000000D  c_w.l(__rtentry2.o)
    0x0800026a   0x0800026a   0x00000002   Code   RO         1682    .ARM.Collect$$rtexit$$00000000  c_w.l(rtexit.o)
    0x0800026c   0x0800026c   0x00000000   Code   RO         1741    .ARM.Collect$$rtexit$$00000002  c_w.l(rtexit2.o)
    0x0800026c   0x0800026c   0x00000004   Code   RO         1742    .ARM.Collect$$rtexit$$00000003  c_w.l(rtexit2.o)
    0x08000270   0x08000270   0x00000006   Code   RO         1743    .ARM.Collect$$rtexit$$00000004  c_w.l(rtexit2.o)
    0x08000276   0x08000276   0x00000002   PAD
    0x08000278   0x08000278   0x00000040   Code   RO            4    .text               startup_stm32f103xe.o
    0x080002b8   0x080002b8   0x00000024   Code   RO         1293    .text               c_w.l(vsprintf.o)
    0x080002dc   0x080002dc   0x0000003e   Code   RO         1295    .text               c_w.l(strlen.o)
    0x0800031a   0x0800031a   0x0000004e   Code   RO         1297    .text               c_w.l(rt_memclr_w.o)
    0x08000368   0x08000368   0x00000006   Code   RO         1299    .text               c_w.l(heapauxi.o)
    0x0800036e   0x0800036e   0x00000016   Code   RO         1400    .text               c_w.l(_rserrno.o)
    0x08000384   0x08000384   0x0000004e   Code   RO         1404    .text               c_w.l(_printf_pad.o)
    0x080003d2   0x080003d2   0x00000024   Code   RO         1406    .text               c_w.l(_printf_truncate.o)
    0x080003f6   0x080003f6   0x00000052   Code   RO         1408    .text               c_w.l(_printf_str.o)
    0x08000448   0x08000448   0x00000078   Code   RO         1410    .text               c_w.l(_printf_dec.o)
    0x080004c0   0x080004c0   0x00000028   Code   RO         1412    .text               c_w.l(_printf_charcount.o)
    0x080004e8   0x080004e8   0x00000030   Code   RO         1414    .text               c_w.l(_printf_char_common.o)
    0x08000518   0x08000518   0x0000000a   Code   RO         1416    .text               c_w.l(_sputc.o)
    0x08000522   0x08000522   0x00000002   PAD
    0x08000524   0x08000524   0x000000bc   Code   RO         1418    .text               c_w.l(_printf_wctomb.o)
    0x080005e0   0x080005e0   0x0000007c   Code   RO         1421    .text               c_w.l(_printf_longlong_dec.o)
    0x0800065c   0x0800065c   0x00000070   Code   RO         1427    .text               c_w.l(_printf_oct_int_ll.o)
    0x080006cc   0x080006cc   0x00000094   Code   RO         1447    .text               c_w.l(_printf_hex_int_ll_ptr.o)
    0x08000760   0x08000760   0x00000188   Code   RO         1467    .text               c_w.l(__printf_flags_ss_wp.o)
    0x080008e8   0x080008e8   0x00000008   Code   RO         1590    .text               c_w.l(rt_errno_addr_intlibspace.o)
    0x080008f0   0x080008f0   0x0000008a   Code   RO         1592    .text               c_w.l(lludiv10.o)
    0x0800097a   0x0800097a   0x000000b2   Code   RO         1594    .text               c_w.l(_printf_intcommon.o)
    0x08000a2c   0x08000a2c   0x0000041c   Code   RO         1596    .text               c_w.l(_printf_fp_dec.o)
    0x08000e48   0x08000e48   0x000002fc   Code   RO         1600    .text               c_w.l(_printf_fp_hex.o)
    0x08001144   0x08001144   0x0000002c   Code   RO         1605    .text               c_w.l(_printf_char.o)
    0x08001170   0x08001170   0x0000002c   Code   RO         1607    .text               c_w.l(_printf_wchar.o)
    0x0800119c   0x0800119c   0x00000048   Code   RO         1610    .text               c_w.l(_c16rtomb.o)
    0x080011e4   0x080011e4   0x00000008   Code   RO         1624    .text               c_w.l(libspace.o)
    0x080011ec   0x080011ec   0x0000004a   Code   RO         1627    .text               c_w.l(sys_stackheap_outer.o)
    0x08001236   0x08001236   0x00000002   PAD
    0x08001238   0x08001238   0x00000010   Code   RO         1629    .text               c_w.l(rt_ctype_table.o)
    0x08001248   0x08001248   0x00000008   Code   RO         1634    .text               c_w.l(rt_locale_intlibspace.o)
    0x08001250   0x08001250   0x00000080   Code   RO         1636    .text               c_w.l(_printf_fp_infnan.o)
    0x080012d0   0x080012d0   0x000000e4   Code   RO         1638    .text               c_w.l(bigflt0.o)
    0x080013b4   0x080013b4   0x00000012   Code   RO         1668    .text               c_w.l(exit.o)
    0x080013c6   0x080013c6   0x00000002   PAD
    0x080013c8   0x080013c8   0x00000080   Code   RO         1689    .text               c_w.l(strcmpv7m.o)
    0x08001448   0x08001448   0x0000000c   Code   RO         1755    .text               c_w.l(sys_exit.o)
    0x08001454   0x08001454   0x00000002   Code   RO         1770    .text               c_w.l(use_no_semi.o)
    0x08001456   0x08001456   0x00000000   Code   RO         1772    .text               c_w.l(indicate_semi.o)
    0x08001456   0x08001456   0x00000002   PAD
    0x08001458   0x08001458   0x00000002   Code   RO          240    .text.BusFault_Handler  stm32f1xx_it.o
    0x0800145a   0x0800145a   0x00000002   PAD
    0x0800145c   0x0800145c   0x0000000c   Code   RO          252    .text.DMA1_Channel1_IRQHandler  stm32f1xx_it.o
    0x08001468   0x08001468   0x0000000c   Code   RO          254    .text.DMA1_Channel5_IRQHandler  stm32f1xx_it.o
    0x08001474   0x08001474   0x00000002   Code   RO          246    .text.DebugMon_Handler  stm32f1xx_it.o
    0x08001476   0x08001476   0x00000002   PAD
    0x08001478   0x08001478   0x0000000a   Code   RO          125    .text.Error_Handler  main.o
    0x08001482   0x08001482   0x00000002   PAD
    0x08001484   0x08001484   0x00000194   Code   RO          344    .text.HAL_ADC_ConfigChannel  stm32f1xx_hal_adc.o
    0x08001618   0x08001618   0x00000170   Code   RO          298    .text.HAL_ADC_Init  stm32f1xx_hal_adc.o
    0x08001788   0x08001788   0x000000a2   Code   RO          151    .text.HAL_ADC_MspInit  adc.o
    0x0800182a   0x0800182a   0x00000002   PAD
    0x0800182c   0x0800182c   0x00000046   Code   RO          538    .text.HAL_DMA_Abort  stm32f1xx_hal_dma.o
    0x08001872   0x08001872   0x00000002   PAD
    0x08001874   0x08001874   0x00000126   Code   RO          540    .text.HAL_DMA_Abort_IT  stm32f1xx_hal_dma.o
    0x0800199a   0x0800199a   0x00000002   PAD
    0x0800199c   0x0800199c   0x00000296   Code   RO          544    .text.HAL_DMA_IRQHandler  stm32f1xx_hal_dma.o
    0x08001c32   0x08001c32   0x00000002   PAD
    0x08001c34   0x08001c34   0x0000008e   Code   RO          530    .text.HAL_DMA_Init  stm32f1xx_hal_dma.o
    0x08001cc2   0x08001cc2   0x00000002   PAD
    0x08001cc4   0x08001cc4   0x0000009c   Code   RO          536    .text.HAL_DMA_Start_IT  stm32f1xx_hal_dma.o
    0x08001d60   0x08001d60   0x00000028   Code   RO          414    .text.HAL_Delay     stm32f1xx_hal.o
    0x08001d88   0x08001d88   0x00000202   Code   RO          506    .text.HAL_GPIO_Init  stm32f1xx_hal_gpio.o
    0x08001f8a   0x08001f8a   0x00000002   PAD
    0x08001f8c   0x08001f8c   0x0000000a   Code   RO          512    .text.HAL_GPIO_WritePin  stm32f1xx_hal_gpio.o
    0x08001f96   0x08001f96   0x00000002   PAD
    0x08001f98   0x08001f98   0x0000000c   Code   RO          406    .text.HAL_GetTick   stm32f1xx_hal.o
    0x08001fa4   0x08001fa4   0x0000001a   Code   RO          404    .text.HAL_IncTick   stm32f1xx_hal.o
    0x08001fbe   0x08001fbe   0x00000002   PAD
    0x08001fc0   0x08001fc0   0x00000026   Code   RO          394    .text.HAL_Init      stm32f1xx_hal.o
    0x08001fe6   0x08001fe6   0x00000002   PAD
    0x08001fe8   0x08001fe8   0x00000048   Code   RO          396    .text.HAL_InitTick  stm32f1xx_hal.o
    0x08002030   0x08002030   0x00000032   Code   RO          267    .text.HAL_MspInit   stm32f1xx_hal_msp.o
    0x08002062   0x08002062   0x00000002   PAD
    0x08002064   0x08002064   0x00000020   Code   RO          566    .text.HAL_NVIC_EnableIRQ  stm32f1xx_hal_cortex.o
    0x08002084   0x08002084   0x00000056   Code   RO          564    .text.HAL_NVIC_SetPriority  stm32f1xx_hal_cortex.o
    0x080020da   0x080020da   0x00000002   PAD
    0x080020dc   0x080020dc   0x00000020   Code   RO          562    .text.HAL_NVIC_SetPriorityGrouping  stm32f1xx_hal_cortex.o
    0x080020fc   0x080020fc   0x0000010a   Code   RO          492    .text.HAL_RCCEx_PeriphCLKConfig  stm32f1xx_hal_rcc_ex.o
    0x08002206   0x08002206   0x00000002   PAD
    0x08002208   0x08002208   0x000001be   Code   RO          458    .text.HAL_RCC_ClockConfig  stm32f1xx_hal_rcc.o
    0x080023c6   0x080023c6   0x00000002   PAD
    0x080023c8   0x080023c8   0x00000026   Code   RO          470    .text.HAL_RCC_GetPCLK1Freq  stm32f1xx_hal_rcc.o
    0x080023ee   0x080023ee   0x00000002   PAD
    0x080023f0   0x080023f0   0x00000026   Code   RO          472    .text.HAL_RCC_GetPCLK2Freq  stm32f1xx_hal_rcc.o
    0x08002416   0x08002416   0x00000002   PAD
    0x08002418   0x08002418   0x000003b4   Code   RO          456    .text.HAL_RCC_OscConfig  stm32f1xx_hal_rcc.o
    0x080027cc   0x080027cc   0x000000ac   Code   RO          727    .text.HAL_SPI_Init  stm32f1xx_hal_spi.o
    0x08002878   0x08002878   0x000000de   Code   RO          178    .text.HAL_SPI_MspInit  spi.o
    0x08002956   0x08002956   0x00000002   PAD
    0x08002958   0x08002958   0x000001d6   Code   RO          735    .text.HAL_SPI_Transmit  stm32f1xx_hal_spi.o
    0x08002b2e   0x08002b2e   0x00000002   PAD
    0x08002b30   0x08002b30   0x000002a4   Code   RO          739    .text.HAL_SPI_TransmitReceive  stm32f1xx_hal_spi.o
    0x08002dd4   0x08002dd4   0x0000002c   Code   RO          574    .text.HAL_SYSTICK_Config  stm32f1xx_hal_cortex.o
    0x08002e00   0x08002e00   0x00000002   Code   RO         1145    .text.HAL_TIMEx_BreakCallback  stm32f1xx_hal_tim_ex.o
    0x08002e02   0x08002e02   0x00000002   PAD
    0x08002e04   0x08002e04   0x00000002   Code   RO         1141    .text.HAL_TIMEx_CommutCallback  stm32f1xx_hal_tim_ex.o
    0x08002e06   0x08002e06   0x00000002   PAD
    0x08002e08   0x08002e08   0x00000092   Code   RO         1135    .text.HAL_TIMEx_MasterConfigSynchronization  stm32f1xx_hal_tim_ex.o
    0x08002e9a   0x08002e9a   0x00000002   PAD
    0x08002e9c   0x08002e9c   0x00000126   Code   RO          841    .text.HAL_TIM_Base_Init  stm32f1xx_hal_tim.o
    0x08002fc2   0x08002fc2   0x00000002   PAD
    0x08002fc4   0x08002fc4   0x00000040   Code   RO          198    .text.HAL_TIM_Base_MspInit  tim.o
    0x08003004   0x08003004   0x00000086   Code   RO          855    .text.HAL_TIM_Base_Start_IT  stm32f1xx_hal_tim.o
    0x0800308a   0x0800308a   0x00000002   PAD
    0x0800308c   0x0800308c   0x00000192   Code   RO         1021    .text.HAL_TIM_ConfigClockSource  stm32f1xx_hal_tim.o
    0x0800321e   0x0800321e   0x00000002   PAD
    0x08003220   0x08003220   0x00000002   Code   RO          977    .text.HAL_TIM_IC_CaptureCallback  stm32f1xx_hal_tim.o
    0x08003222   0x08003222   0x00000002   PAD
    0x08003224   0x08003224   0x00000170   Code   RO          975    .text.HAL_TIM_IRQHandler  stm32f1xx_hal_tim.o
    0x08003394   0x08003394   0x00000002   Code   RO          979    .text.HAL_TIM_OC_DelayElapsedCallback  stm32f1xx_hal_tim.o
    0x08003396   0x08003396   0x00000002   PAD
    0x08003398   0x08003398   0x0000024e   Code   RO          995    .text.HAL_TIM_PWM_ConfigChannel  stm32f1xx_hal_tim.o
    0x080035e6   0x080035e6   0x00000002   PAD
    0x080035e8   0x080035e8   0x00000126   Code   RO          895    .text.HAL_TIM_PWM_Init  stm32f1xx_hal_tim.o
    0x0800370e   0x0800370e   0x00000002   PAD
    0x08003710   0x08003710   0x00000032   Code   RO          200    .text.HAL_TIM_PWM_MspInit  tim.o
    0x08003742   0x08003742   0x00000002   PAD
    0x08003744   0x08003744   0x00000002   Code   RO          981    .text.HAL_TIM_PWM_PulseFinishedCallback  stm32f1xx_hal_tim.o
    0x08003746   0x08003746   0x00000002   PAD
    0x08003748   0x08003748   0x000000e2   Code   RO          903    .text.HAL_TIM_PWM_Start  stm32f1xx_hal_tim.o
    0x0800382a   0x0800382a   0x00000002   PAD
    0x0800382c   0x0800382c   0x00000018   Code   RO          127    .text.HAL_TIM_PeriodElapsedCallback  main.o
    0x08003844   0x08003844   0x00000002   Code   RO          985    .text.HAL_TIM_TriggerCallback  stm32f1xx_hal_tim.o
    0x08003846   0x08003846   0x00000002   PAD
    0x08003848   0x08003848   0x000000c0   Code   RO         1205    .text.HAL_UARTEx_ReceiveToIdle_DMA  stm32f1xx_hal_uart.o
    0x08003908   0x08003908   0x00000014   Code   RO          129    .text.HAL_UARTEx_RxEventCallback  main.o
    0x0800391c   0x0800391c   0x00000002   Code   RO         1239    .text.HAL_UART_ErrorCallback  stm32f1xx_hal_uart.o
    0x0800391e   0x0800391e   0x00000002   PAD
    0x08003920   0x08003920   0x0000026c   Code   RO         1233    .text.HAL_UART_IRQHandler  stm32f1xx_hal_uart.o
    0x08003b8c   0x08003b8c   0x000000dc   Code   RO         1159    .text.HAL_UART_Init  stm32f1xx_hal_uart.o
    0x08003c68   0x08003c68   0x000000c2   Code   RO          218    .text.HAL_UART_MspInit  usart.o
    0x08003d2a   0x08003d2a   0x00000002   PAD
    0x08003d2c   0x08003d2c   0x00000002   Code   RO         1247    .text.HAL_UART_RxCpltCallback  stm32f1xx_hal_uart.o
    0x08003d2e   0x08003d2e   0x00000002   PAD
    0x08003d30   0x08003d30   0x00000002   Code   RO         1249    .text.HAL_UART_RxHalfCpltCallback  stm32f1xx_hal_uart.o
    0x08003d32   0x08003d32   0x00000002   PAD
    0x08003d34   0x08003d34   0x000001b0   Code   RO         1173    .text.HAL_UART_Transmit  stm32f1xx_hal_uart.o
    0x08003ee4   0x08003ee4   0x00000002   Code   RO         1243    .text.HAL_UART_TxCpltCallback  stm32f1xx_hal_uart.o
    0x08003ee6   0x08003ee6   0x00000002   PAD
    0x08003ee8   0x08003ee8   0x00000002   Code   RO          236    .text.HardFault_Handler  stm32f1xx_it.o
    0x08003eea   0x08003eea   0x00000002   PAD
    0x08003eec   0x08003eec   0x0000039a   Code   RO          103    .text.Knob_Draw     knob.o
    0x08004286   0x08004286   0x00000002   PAD
    0x08004288   0x08004288   0x000001bc   Code   RO          101    .text.Knob_Init     knob.o
    0x08004444   0x08004444   0x000000d8   Code   RO          105    .text.Knob_TIM      knob.o
    0x0800451c   0x0800451c   0x00000050   Code   RO          107    .text.Knob_UART     knob.o
    0x0800456c   0x0800456c   0x00000058   Code   RO          149    .text.MX_ADC1_Init  adc.o
    0x080045c4   0x080045c4   0x00000044   Code   RO          165    .text.MX_DMA_Init   dma.o
    0x08004608   0x08004608   0x000000b0   Code   RO          140    .text.MX_GPIO_Init  gpio.o
    0x080046b8   0x080046b8   0x00000046   Code   RO          174    .text.MX_SPI1_Init  spi.o
    0x080046fe   0x080046fe   0x00000002   PAD
    0x08004700   0x08004700   0x0000004c   Code   RO          176    .text.MX_SPI2_Init  spi.o
    0x0800474c   0x0800474c   0x00000070   Code   RO          192    .text.MX_TIM2_Init  tim.o
    0x080047bc   0x080047bc   0x00000102   Code   RO          194    .text.MX_TIM3_Init  tim.o
    0x080048be   0x080048be   0x00000002   PAD
    0x080048c0   0x080048c0   0x0000003c   Code   RO          216    .text.MX_USART1_UART_Init  usart.o
    0x080048fc   0x080048fc   0x00000002   Code   RO          238    .text.MemManage_Handler  stm32f1xx_it.o
    0x080048fe   0x080048fe   0x00000002   PAD
    0x08004900   0x08004900   0x0000009c   Code   RO           59    .text.Motor_Init    motor.o
    0x0800499c   0x0800499c   0x000000c0   Code   RO           55    .text.Motor_PWM_Output  motor.o
    0x08004a5c   0x08004a5c   0x00000096   Code   RO           67    .text.Motor_Run     motor.o
    0x08004af2   0x08004af2   0x00000002   PAD
    0x08004af4   0x08004af4   0x00000014   Code   RO           61    .text.Motor_Set_Angle_Goal_Deg  motor.o
    0x08004b08   0x08004b08   0x00000116   Code   RO           57    .text.Motor_Set_Voltage  motor.o
    0x08004c1e   0x08004c1e   0x00000002   PAD
    0x08004c20   0x08004c20   0x0000000e   Code   RO           69    .text.Motor_TIM     motor.o
    0x08004c2e   0x08004c2e   0x00000002   PAD
    0x08004c30   0x08004c30   0x0000011a   Code   RO           53    .text.Motor_TransmitReceive  motor.o
    0x08004d4a   0x08004d4a   0x00000002   PAD
    0x08004d4c   0x08004d4c   0x00000002   Code   RO          234    .text.NMI_Handler   stm32f1xx_it.o
    0x08004d4e   0x08004d4e   0x00000002   PAD
    0x08004d50   0x08004d50   0x000000c0   Code   RO           83    .text.Normalize     pid.o
    0x08004e10   0x08004e10   0x00000072   Code   RO           23    .text.OLED_Clear    oled.o
    0x08004e82   0x08004e82   0x00000002   PAD
    0x08004e84   0x08004e84   0x00000188   Code   RO           21    .text.OLED_Draw     oled.o
    0x0800500c   0x0800500c   0x00000520   Code   RO           39    .text.OLED_Draw_Char  oled.o
    0x0800552c   0x0800552c   0x0000019a   Code   RO           35    .text.OLED_Draw_Circle_Covered  oled.o
    0x080056c6   0x080056c6   0x00000002   PAD
    0x080056c8   0x080056c8   0x00000154   Code   RO           41    .text.OLED_Draw_Int  oled.o
    0x0800581c   0x0800581c   0x00000492   Code   RO           29    .text.OLED_Draw_Line  oled.o
    0x08005cae   0x08005cae   0x00000002   PAD
    0x08005cb0   0x08005cb0   0x00000434   Code   RO           37    .text.OLED_Draw_Radiu  oled.o
    0x080060e4   0x080060e4   0x000000b2   Code   RO           25    .text.OLED_Fill     oled.o
    0x08006196   0x08006196   0x00000002   PAD
    0x08006198   0x08006198   0x00002228   Code   RO           13    .text.OLED_Init     oled.o
    0x080083c0   0x080083c0   0x00000052   Code   RO           91    .text.PID_Calculate  pid.o
    0x08008412   0x08008412   0x00000002   PAD
    0x08008414   0x08008414   0x0000000e   Code   RO           85    .text.PID_Init      pid.o
    0x08008422   0x08008422   0x00000002   PAD
    0x08008424   0x08008424   0x00000018   Code   RO           89    .text.PID_Set_Goal  pid.o
    0x0800843c   0x0800843c   0x00000002   Code   RO          248    .text.PendSV_Handler  stm32f1xx_it.o
    0x0800843e   0x0800843e   0x00000002   PAD
    0x08008440   0x08008440   0x0000002a   Code   RO           81    .text.Restrict      pid.o
    0x0800846a   0x0800846a   0x00000002   PAD
    0x0800846c   0x0800846c   0x000000e4   Code   RO          831    .text.SPI_WaitFlagStateUntilTimeout  stm32f1xx_hal_spi.o
    0x08008550   0x08008550   0x00000002   Code   RO          244    .text.SVC_Handler   stm32f1xx_it.o
    0x08008552   0x08008552   0x00000002   PAD
    0x08008554   0x08008554   0x00000004   Code   RO          250    .text.SysTick_Handler  stm32f1xx_it.o
    0x08008558   0x08008558   0x00000002   Code   RO         1277    .text.SystemInit    system_stm32f1xx.o
    0x0800855a   0x0800855a   0x00000002   PAD
    0x0800855c   0x0800855c   0x0000000c   Code   RO          256    .text.TIM2_IRQHandler  stm32f1xx_it.o
    0x08008568   0x08008568   0x0000000c   Code   RO         1237    .text.UART_DMAAbortOnError  stm32f1xx_hal_uart.o
    0x08008574   0x08008574   0x0000006c   Code   RO         1189    .text.UART_DMAError  stm32f1xx_hal_uart.o
    0x080085e0   0x080085e0   0x0000004c   Code   RO         1265    .text.UART_DMAReceiveCplt  stm32f1xx_hal_uart.o
    0x0800862c   0x0800862c   0x00000014   Code   RO         1267    .text.UART_DMARxHalfCplt  stm32f1xx_hal_uart.o
    0x08008640   0x08008640   0x000000b6   Code   RO         1235    .text.UART_Receive_IT  stm32f1xx_hal_uart.o
    0x080086f6   0x080086f6   0x00000002   PAD
    0x080086f8   0x080086f8   0x0000000c   Code   RO          258    .text.USART1_IRQHandler  stm32f1xx_it.o
    0x08008704   0x08008704   0x00000002   Code   RO          242    .text.UsageFault_Handler  stm32f1xx_it.o
    0x08008706   0x08008706   0x00000002   PAD
    0x08008708   0x08008708   0x000000f4   Code   RO          121    .text.main          main.o
    0x080087fc   0x080087fc   0x0000003e   Code   RO          222    .text.u1_printf     usart.o
    0x0800883a   0x0800883a   0x0000003e   Code   RO         1641    CL$$btod_d2e        c_w.l(btod.o)
    0x08008878   0x08008878   0x00000046   Code   RO         1643    CL$$btod_d2e_denorm_low  c_w.l(btod.o)
    0x080088be   0x080088be   0x00000060   Code   RO         1642    CL$$btod_d2e_norm_op1  c_w.l(btod.o)
    0x0800891e   0x0800891e   0x00000002   PAD
    0x08008920   0x08008920   0x00000338   Code   RO         1651    CL$$btod_div_common  c_w.l(btod.o)
    0x08008c58   0x08008c58   0x000000dc   Code   RO         1648    CL$$btod_e2e        c_w.l(btod.o)
    0x08008d34   0x08008d34   0x0000002a   Code   RO         1645    CL$$btod_ediv       c_w.l(btod.o)
    0x08008d5e   0x08008d5e   0x0000002a   Code   RO         1644    CL$$btod_emul       c_w.l(btod.o)
    0x08008d88   0x08008d88   0x00000244   Code   RO         1650    CL$$btod_mult_common  c_w.l(btod.o)
    0x08008fcc   0x08008fcc   0x00000028   Code   RO         1620    i.__ARM_fpclassify  m_ws.l(fpclassify.o)
    0x08008ff4   0x08008ff4   0x00000026   Code   RO         1545    i.__ARM_fpclassifyf  m_ws.l(fpclassifyf.o)
    0x0800901a   0x0800901a   0x00000002   PAD
    0x0800901c   0x0800901c   0x00000388   Code   RO         1561    i.__ieee754_rem_pio2  m_ws.l(rred.o)
    0x080093a4   0x080093a4   0x000000fc   Code   RO         1528    i.__kernel_cos      m_ws.l(cos_i.o)
    0x080094a0   0x080094a0   0x000000aa   Code   RO         1622    i.__kernel_poly     m_ws.l(poly.o)
    0x0800954a   0x0800954a   0x00000002   PAD
    0x0800954c   0x0800954c   0x000000ec   Code   RO         1569    i.__kernel_sin      m_ws.l(sin_i.o)
    0x08009638   0x08009638   0x00000006   Code   RO         1532    i.__mathlib_dbl_infnan  m_ws.l(dunder.o)
    0x0800963e   0x0800963e   0x0000000c   Code   RO         1534    i.__mathlib_dbl_invalid  m_ws.l(dunder.o)
    0x0800964a   0x0800964a   0x00000002   PAD
    0x0800964c   0x0800964c   0x00000010   Code   RO         1537    i.__mathlib_dbl_underflow  m_ws.l(dunder.o)
    0x0800965c   0x0800965c   0x00000006   Code   RO         1548    i.__mathlib_flt_infnan  m_ws.l(funder.o)
    0x08009662   0x08009662   0x00000004   Code   RO         1549    i.__mathlib_flt_infnan2  m_ws.l(funder.o)
    0x08009666   0x08009666   0x00000008   Code   RO         1550    i.__mathlib_flt_invalid  m_ws.l(funder.o)
    0x0800966e   0x0800966e   0x0000000a   Code   RO         1553    i.__mathlib_flt_underflow  m_ws.l(funder.o)
    0x08009678   0x08009678   0x00000168   Code   RO         1566    i.__mathlib_rredf2  m_ws.l(rredf.o)
    0x080097e0   0x080097e0   0x0000000e   Code   RO         1460    i._is_digit         c_w.l(__printf_wp.o)
    0x080097ee   0x080097ee   0x00000002   PAD
    0x080097f0   0x080097f0   0x000002a4   Code   RO         1360    i.atan2f            m_ws.l(atan2f.o)
    0x08009a94   0x08009a94   0x000000dc   Code   RO         1364    i.ceil              m_ws.l(ceil.o)
    0x08009b70   0x08009b70   0x00000078   Code   RO         1368    i.ceilf             m_ws.l(ceilf.o)
    0x08009be8   0x08009be8   0x0000009c   Code   RO         1372    i.cos               m_ws.l(cos.o)
    0x08009c84   0x08009c84   0x0000017c   Code   RO         1376    i.cosf              m_ws.l(cosf.o)
    0x08009e00   0x08009e00   0x000000dc   Code   RO         1380    i.floor             m_ws.l(floor.o)
    0x08009edc   0x08009edc   0x0000007c   Code   RO         1384    i.floorf            m_ws.l(floorf.o)
    0x08009f58   0x08009f58   0x000000a0   Code   RO         1388    i.sin               m_ws.l(sin.o)
    0x08009ff8   0x08009ff8   0x00000188   Code   RO         1392    i.sinf              m_ws.l(sinf.o)
    0x0800a180   0x0800a180   0x0000004c   Code   RO         1396    i.sqrt              m_ws.l(sqrt.o)
    0x0800a1cc   0x0800a1cc   0x0000002c   Code   RO         1666    locale$$code        c_w.l(lc_numeric_c.o)
    0x0800a1f8   0x0800a1f8   0x0000002c   Code   RO         1687    locale$$code        c_w.l(lc_ctype_c.o)
    0x0800a224   0x0800a224   0x00000062   Code   RO         1303    x$fpl$d2f           fz_ws.l(d2f.o)
    0x0800a286   0x0800a286   0x00000002   PAD
    0x0800a288   0x0800a288   0x00000150   Code   RO         1305    x$fpl$dadd          fz_ws.l(daddsub_clz.o)
    0x0800a3d8   0x0800a3d8   0x00000010   Code   RO         1676    x$fpl$dcheck1       fz_ws.l(dcheck1.o)
    0x0800a3e8   0x0800a3e8   0x00000018   Code   RO         1612    x$fpl$dcmpinf       fz_ws.l(dcmpi.o)
    0x0800a400   0x0800a400   0x000002b4   Code   RO         1314    x$fpl$ddiv          fz_ws.l(ddiv.o)
    0x0800a6b4   0x0800a6b4   0x00000078   Code   RO         1493    x$fpl$deqf          fz_ws.l(deqf.o)
    0x0800a72c   0x0800a72c   0x0000005e   Code   RO         1317    x$fpl$dfix          fz_ws.l(dfix.o)
    0x0800a78a   0x0800a78a   0x00000002   PAD
    0x0800a78c   0x0800a78c   0x0000005a   Code   RO         1321    x$fpl$dfixu         fz_ws.l(dfixu.o)
    0x0800a7e6   0x0800a7e6   0x0000002e   Code   RO         1326    x$fpl$dflt          fz_ws.l(dflt_clz.o)
    0x0800a814   0x0800a814   0x00000026   Code   RO         1325    x$fpl$dfltu         fz_ws.l(dflt_clz.o)
    0x0800a83a   0x0800a83a   0x00000002   PAD
    0x0800a83c   0x0800a83c   0x00000078   Code   RO         1495    x$fpl$dgeqf         fz_ws.l(dgeqf.o)
    0x0800a8b4   0x0800a8b4   0x00000078   Code   RO         1497    x$fpl$dleqf         fz_ws.l(dleqf.o)
    0x0800a92c   0x0800a92c   0x00000154   Code   RO         1331    x$fpl$dmul          fz_ws.l(dmul.o)
    0x0800aa80   0x0800aa80   0x0000009c   Code   RO         1499    x$fpl$dnaninf       fz_ws.l(dnaninf.o)
    0x0800ab1c   0x0800ab1c   0x0000000c   Code   RO         1501    x$fpl$dretinf       fz_ws.l(dretinf.o)
    0x0800ab28   0x0800ab28   0x0000006c   Code   RO         1503    x$fpl$drleqf        fz_ws.l(drleqf.o)
    0x0800ab94   0x0800ab94   0x00000016   Code   RO         1306    x$fpl$drsb          fz_ws.l(daddsub_clz.o)
    0x0800abaa   0x0800abaa   0x00000002   PAD
    0x0800abac   0x0800abac   0x000001cc   Code   RO         1505    x$fpl$dsqrt         fz_ws.l(dsqrt_noumaal.o)
    0x0800ad78   0x0800ad78   0x000001dc   Code   RO         1307    x$fpl$dsub          fz_ws.l(daddsub_clz.o)
    0x0800af54   0x0800af54   0x00000056   Code   RO         1333    x$fpl$f2d           fz_ws.l(f2d.o)
    0x0800afaa   0x0800afaa   0x00000002   PAD
    0x0800afac   0x0800afac   0x000000c4   Code   RO         1335    x$fpl$fadd          fz_ws.l(faddsub_clz.o)
    0x0800b070   0x0800b070   0x0000000c   Code   RO         1678    x$fpl$fcheck1       fz_ws.l(fcheck1.o)
    0x0800b07c   0x0800b07c   0x00000054   Code   RO         1311    x$fpl$fcmp          fz_ws.l(dcmp.o)
    0x0800b0d0   0x0800b0d0   0x00000054   Code   RO         1341    x$fpl$fcmp          fz_ws.l(fcmp.o)
    0x0800b124   0x0800b124   0x00000018   Code   RO         1614    x$fpl$fcmpinf       fz_ws.l(fcmpi.o)
    0x0800b13c   0x0800b13c   0x00000184   Code   RO         1344    x$fpl$fdiv          fz_ws.l(fdiv.o)
    0x0800b2c0   0x0800b2c0   0x00000068   Code   RO         1507    x$fpl$feqf          fz_ws.l(feqf.o)
    0x0800b328   0x0800b328   0x00000036   Code   RO         1347    x$fpl$ffix          fz_ws.l(ffix.o)
    0x0800b35e   0x0800b35e   0x00000002   PAD
    0x0800b360   0x0800b360   0x00000030   Code   RO         1352    x$fpl$fflt          fz_ws.l(fflt_clz.o)
    0x0800b390   0x0800b390   0x00000026   Code   RO         1351    x$fpl$ffltu         fz_ws.l(fflt_clz.o)
    0x0800b3b6   0x0800b3b6   0x00000002   PAD
    0x0800b3b8   0x0800b3b8   0x00000068   Code   RO         1509    x$fpl$fgeqf         fz_ws.l(fgeqf.o)
    0x0800b420   0x0800b420   0x00000068   Code   RO         1511    x$fpl$fleqf         fz_ws.l(fleqf.o)
    0x0800b488   0x0800b488   0x00000102   Code   RO         1357    x$fpl$fmul          fz_ws.l(fmul.o)
    0x0800b58a   0x0800b58a   0x0000008c   Code   RO         1513    x$fpl$fnaninf       fz_ws.l(fnaninf.o)
    0x0800b616   0x0800b616   0x0000000a   Code   RO         1515    x$fpl$fretinf       fz_ws.l(fretinf.o)
    0x0800b620   0x0800b620   0x00000060   Code   RO         1517    x$fpl$frnd          fz_ws.l(frnd.o)
    0x0800b680   0x0800b680   0x00000014   Code   RO         1336    x$fpl$frsb          fz_ws.l(faddsub_clz.o)
    0x0800b694   0x0800b694   0x000000ea   Code   RO         1337    x$fpl$fsub          fz_ws.l(faddsub_clz.o)
    0x0800b77e   0x0800b77e   0x00000004   Code   RO         1519    x$fpl$printf1       fz_ws.l(printf1.o)
    0x0800b782   0x0800b782   0x00000004   Code   RO         1521    x$fpl$printf2       fz_ws.l(printf2.o)
    0x0800b786   0x0800b786   0x00000064   Code   RO         1738    x$fpl$retnan        fz_ws.l(retnan.o)
    0x0800b7ea   0x0800b7ea   0x0000005c   Code   RO         1616    x$fpl$scalbn        fz_ws.l(scalbn.o)
    0x0800b846   0x0800b846   0x0000004c   Code   RO         1618    x$fpl$scalbnf       fz_ws.l(scalbnf.o)
    0x0800b892   0x0800b892   0x00000030   Code   RO         1753    x$fpl$trapveneer    fz_ws.l(trapv.o)
    0x0800b8c2   0x0800b8c2   0x00000000   Code   RO         1527    x$fpl$usenofp       fz_ws.l(usenofp.o)
    0x0800b8c2   0x0800b8c2   0x00000002   PAD
    0x0800b8c4   0x0800b8c4   0x00000008   Data   RO         1419    .constdata          c_w.l(_printf_wctomb.o)
    0x0800b8cc   0x0800b8cc   0x00000028   Data   RO         1448    .constdata          c_w.l(_printf_hex_int_ll_ptr.o)
    0x0800b8f4   0x0800b8f4   0x00000011   Data   RO         1468    .constdata          c_w.l(__printf_flags_ss_wp.o)
    0x0800b905   0x0800b905   0x00000003   PAD
    0x0800b908   0x0800b908   0x00000030   Data   RO         1529    .constdata          m_ws.l(cos_i.o)
    0x0800b938   0x0800b938   0x000000cc   Data   RO         1563    .constdata          m_ws.l(rred.o)
    0x0800ba04   0x0800ba04   0x00000020   Data   RO         1567    .constdata          m_ws.l(rredf.o)
    0x0800ba24   0x0800ba24   0x00000004   PAD
    0x0800ba28   0x0800ba28   0x00000028   Data   RO         1570    .constdata          m_ws.l(sin_i.o)
    0x0800ba50   0x0800ba50   0x00000026   Data   RO         1601    .constdata          c_w.l(_printf_fp_hex.o)
    0x0800ba76   0x0800ba76   0x00000002   PAD
    0x0800ba78   0x0800ba78   0x00000094   Data   RO         1639    .constdata          c_w.l(bigflt0.o)
    0x0800bb0c   0x0800bb0c   0x00000002   Data   RO          483    .rodata..L__const.HAL_RCC_GetSysClockFreq.aPredivFactorTable  stm32f1xx_hal_rcc.o
    0x0800bb0e   0x0800bb0e   0x00000010   Data   RO         1282    .rodata.AHBPrescTable  system_stm32f1xx.o
    0x0800bb1e   0x0800bb1e   0x00000008   Data   RO         1283    .rodata.APBPrescTable  system_stm32f1xx.o
    0x0800bb26   0x0800bb26   0x00000474   Data   RO          275    .rodata.ascii_1206  font.o
    0x0800bf9a   0x0800bf9a   0x000005f0   Data   RO          276    .rodata.ascii_1608  font.o
    0x0800c58a   0x0800c58a   0x000011d0   Data   RO          277    .rodata.ascii_2412  font.o
    0x0800d75a   0x0800d75a   0x000017c0   Data   RO          278    .rodata.ascii_3216  font.o
    0x0800ef1a   0x0800ef1a   0x00000002   Data   RO           71    .rodata.cmdAngle    motor.o
    0x0800ef1c   0x0800ef1c   0x00000010   Data   RO          482    .rodata.cst16       stm32f1xx_hal_rcc.o
    0x0800ef2c   0x0800ef2c   0x00000020   Data   RO         1828    Region$$Table       anon$$obj.o
    0x0800ef4c   0x0800ef4c   0x0000001c   Data   RO         1665    locale$$data        c_w.l(lc_numeric_c.o)
    0x0800ef68   0x0800ef68   0x00000110   Data   RO         1686    locale$$data        c_w.l(lc_ctype_c.o)


    Execution Region RW_IRAM1 (Exec base: 0x20000000, Load base: 0x0800f078, Size: 0x00001a28, Max: 0x0000c000, ABSOLUTE)

    Exec Addr    Load Addr    Size         Type   Attr      Idx    E Section Name        Object

    0x20000000   0x0800f078   0x00000008   Data   RW          445    .data..L_MergedGlobals  stm32f1xx_hal.o
    0x20000008   0x0800f080   0x00000004   Data   RW         1281    .data.SystemCoreClock  system_stm32f1xx.o
    0x2000000c   0x0800f084   0x00000004   PAD
    0x20000010        -       0x00000060   Zero   RW         1625    .bss                c_w.l(libspace.o)
    0x20000070        -       0x00000060   Zero   RW           72    .bss..L_MergedGlobals  motor.o
    0x200000d0        -       0x00000032   Zero   RW          112    .bss..L_MergedGlobals  knob.o
    0x20000102   0x0800f084   0x00000002   PAD
    0x20000104        -       0x000005a0   Zero   RW          109    .bss.Cos            knob.o
    0x200006a4        -       0x000005a0   Zero   RW          110    .bss.Sin            knob.o
    0x20000c44        -       0x000005a4   Zero   RW          111    .bss.closest_angle  knob.o
    0x200011e8        -       0x00000030   Zero   RW          155    .bss.hadc1          adc.o
    0x20001218        -       0x00000044   Zero   RW          156    .bss.hdma_adc1      adc.o
    0x2000125c        -       0x00000044   Zero   RW          225    .bss.hdma_usart1_rx  usart.o
    0x200012a0        -       0x00000058   Zero   RW          182    .bss.hspi1          spi.o
    0x200012f8        -       0x00000058   Zero   RW          183    .bss.hspi2          spi.o
    0x20001350        -       0x00000048   Zero   RW          206    .bss.htim2          tim.o
    0x20001398        -       0x00000048   Zero   RW          207    .bss.htim3          tim.o
    0x200013e0        -       0x00000044   Zero   RW          224    .bss.huart1         usart.o
    0x20001424        -       0x00000004   Zero   RW          444    .bss.uwTick         stm32f1xx_hal.o
    0x20001428        -       0x00000200   Zero   RW            2    HEAP                startup_stm32f103xe.o
    0x20001628        -       0x00000400   Zero   RW            1    STACK               startup_stm32f103xe.o


==============================================================================

Image component sizes


      Code (inc. data)   RO Data    RW Data    ZI Data      Debug   Object Name

       250          0          0          0        116       4127   adc.o
        68          0          0          0          0       2497   dma.o
         0          0      13300          0          0        549   font.o
       176          0          0          0          0       1574   gpio.o
      1662          0          0          0       4374       5905   knob.o
       298          8          0          0          0       6617   main.o
      1092          0          2          0         96       4865   motor.o
     13736          0          0          0          0      33149   oled.o
       354          0          0          0          0       2194   pid.o
       368          0          0          0        176       4485   spi.o
        64         26        304          0       1536        792   startup_stm32f103xe.o
       188          0          0          8          4       6069   stm32f1xx_hal.o
       772          0          0          0          0      13058   stm32f1xx_hal_adc.o
       194          0          0          0          0       8795   stm32f1xx_hal_cortex.o
      1324          0          0          0          0       8490   stm32f1xx_hal_dma.o
       524         22          0          0          0       4549   stm32f1xx_hal_gpio.o
        50          0          0          0          0        933   stm32f1xx_hal_msp.o
      1470          0         18          0          0       7639   stm32f1xx_hal_rcc.o
       266          0          0          0          0       3777   stm32f1xx_hal_rcc_ex.o
      1546          0          0          0          0      24214   stm32f1xx_hal_spi.o
      2316          4          0          0          0      54488   stm32f1xx_hal_tim.o
       150          0          0          0          0      20571   stm32f1xx_hal_tim_ex.o
      1870          0          0          0          0      23578   stm32f1xx_hal_uart.o
        68          0          0          0          0       5698   stm32f1xx_it.o
         2          0         24          4          0       1619   system_stm32f1xx.o
       484          0          0          0        144       8097   tim.o
       316          0          0          0        136       6245   usart.o

    ----------------------------------------------------------------------
     29730         60      13680         12       6588     264574   Object Totals
         0          0         32          0          0          0   (incl. Generated)
       122          0          0          0          6          0   (incl. Padding)

    ----------------------------------------------------------------------

      Code (inc. data)   RO Data    RW Data    ZI Data      Debug   Library Member Name

         8          0          0          0          0         68   __main.o
       392          4         17          0          0         92   __printf_flags_ss_wp.o
        14          0          0          0          0         68   __printf_wp.o
         0          0          0          0          0          0   __rtentry.o
        12          0          0          0          0          0   __rtentry2.o
         6          0          0          0          0          0   __rtentry4.o
        52          8          0          0          0          0   __scatter.o
        26          0          0          0          0          0   __scatter_copy.o
        28          0          0          0          0          0   __scatter_zi.o
        72          0          0          0          0         96   _c16rtomb.o
         6          0          0          0          0          0   _printf_a.o
         6          0          0          0          0          0   _printf_c.o
        44          0          0          0          0        108   _printf_char.o
        48          6          0          0          0         96   _printf_char_common.o
        40          0          0          0          0         68   _printf_charcount.o
         6          0          0          0          0          0   _printf_d.o
       120         16          0          0          0         92   _printf_dec.o
         6          0          0          0          0          0   _printf_e.o
         6          0          0          0          0          0   _printf_f.o
      1052          0          0          0          0        148   _printf_fp_dec.o
       764          8         38          0          0        100   _printf_fp_hex.o
       128         16          0          0          0         84   _printf_fp_infnan.o
         6          0          0          0          0          0   _printf_g.o
       148          4         40          0          0        160   _printf_hex_int_ll_ptr.o
         6          0          0          0          0          0   _printf_i.o
       178          0          0          0          0         88   _printf_intcommon.o
        10          0          0          0          0          0   _printf_l.o
         6          0          0          0          0          0   _printf_lc.o
        10          0          0          0          0          0   _printf_ll.o
         6          0          0          0          0          0   _printf_lld.o
         6          0          0          0          0          0   _printf_lli.o
         6          0          0          0          0          0   _printf_llo.o
         6          0          0          0          0          0   _printf_llu.o
         6          0          0          0          0          0   _printf_llx.o
       124         16          0          0          0         92   _printf_longlong_dec.o
         6          0          0          0          0          0   _printf_ls.o
         6          0          0          0          0          0   _printf_n.o
         6          0          0          0          0          0   _printf_o.o
       112          8          0          0          0        124   _printf_oct_int_ll.o
         6          0          0          0          0          0   _printf_p.o
        78          0          0          0          0        108   _printf_pad.o
         0          0          0          0          0          0   _printf_percent.o
         4          0          0          0          0          0   _printf_percent_end.o
         6          0          0          0          0          0   _printf_s.o
        82          0          0          0          0         80   _printf_str.o
        36          0          0          0          0         84   _printf_truncate.o
         6          0          0          0          0          0   _printf_u.o
        44          0          0          0          0        108   _printf_wchar.o
       188          6          8          0          0         92   _printf_wctomb.o
         6          0          0          0          0          0   _printf_x.o
        22          0          0          0          0        100   _rserrno.o
        10          0          0          0          0         68   _sputc.o
       228          4        148          0          0         96   bigflt0.o
      1936        128          0          0          0        668   btod.o
        18          0          0          0          0         80   exit.o
         6          0          0          0          0        152   heapauxi.o
         0          0          0          0          0          0   indicate_semi.o
        44         10        272          0          0         76   lc_ctype_c.o
        44         10         28          0          0         76   lc_numeric_c.o
         2          0          0          0          0          0   libinit.o
        30          0          0          0          0          0   libinit2.o
         2          0          0          0          0          0   libshutdown.o
         2          0          0          0          0          0   libshutdown2.o
         8          4          0          0         96         68   libspace.o
       138          0          0          0          0         80   lludiv10.o
        16          4          0          0          0         76   rt_ctype_table.o
         8          4          0          0          0         68   rt_errno_addr_intlibspace.o
         8          4          0          0          0         68   rt_locale_intlibspace.o
        78          0          0          0          0         80   rt_memclr_w.o
         2          0          0          0          0          0   rtexit.o
        10          0          0          0          0          0   rtexit2.o
       128          0          0          0          0         68   strcmpv7m.o
        62          0          0          0          0         76   strlen.o
        12          4          0          0          0         68   sys_exit.o
        74          0          0          0          0         80   sys_stackheap_outer.o
         2          0          0          0          0         68   use_no_semi.o
        36          4          0          0          0         76   vsprintf.o
        98          4          0          0          0         92   d2f.o
       834         16          0          0          0        372   daddsub_clz.o
        16          4          0          0          0         68   dcheck1.o
        84          0          0          0          0        196   dcmp.o
        24          0          0          0          0         68   dcmpi.o
       692        140          0          0          0        216   ddiv.o
       120          4          0          0          0         92   deqf.o
        94          4          0          0          0         92   dfix.o
        90          4          0          0          0         92   dfixu.o
        84          0          0          0          0        136   dflt_clz.o
       120          4          0          0          0         92   dgeqf.o
       120          4          0          0          0         92   dleqf.o
       340         12          0          0          0        104   dmul.o
       156          4          0          0          0         92   dnaninf.o
        12          0          0          0          0         68   dretinf.o
       108          0          0          0          0         80   drleqf.o
       460         56          0          0          0        120   dsqrt_noumaal.o
        86          4          0          0          0         84   f2d.o
       450          8          0          0          0        236   faddsub_clz.o
        12          4          0          0          0         68   fcheck1.o
        84          0          0          0          0        196   fcmp.o
        24          0          0          0          0         68   fcmpi.o
       388         76          0          0          0         96   fdiv.o
       104          4          0          0          0         84   feqf.o
        54          4          0          0          0         84   ffix.o
        86          0          0          0          0        136   fflt_clz.o
       104          4          0          0          0         84   fgeqf.o
       104          4          0          0          0         84   fleqf.o
       258          4          0          0          0         84   fmul.o
       140          4          0          0          0         84   fnaninf.o
        10          0          0          0          0         68   fretinf.o
        96          4          0          0          0         76   frnd.o
         4          0          0          0          0         68   printf1.o
         4          0          0          0          0         68   printf2.o
       100          0          0          0          0         68   retnan.o
        92          0          0          0          0         68   scalbn.o
        76          0          0          0          0         68   scalbnf.o
        48          0          0          0          0         68   trapv.o
         0          0          0          0          0          0   usenofp.o
       676         78          0          0          0        116   atan2f.o
       220         16          0          0          0         84   ceil.o
       120         10          0          0          0         84   ceilf.o
       156          8          0          0          0        104   cos.o
       252         22         48          0          0        124   cos_i.o
       380         52          0          0          0        124   cosf.o
        34          6          0          0          0        204   dunder.o
       220         16          0          0          0         84   floor.o
       124         12          0          0          0         84   floorf.o
        40          0          0          0          0         68   fpclassify.o
        38          0          0          0          0         68   fpclassifyf.o
        28          0          0          0          0        272   funder.o
       170          0          0          0          0         96   poly.o
       904         76        204          0          0        140   rred.o
       360         16         32          0          0         88   rredf.o
       160         10          0          0          0        108   sin.o
       236         12         40          0          0        128   sin_i.o
       392         54          0          0          0        124   sinf.o
        76          0          0          0          0         84   sqrt.o

    ----------------------------------------------------------------------
     17266       1032        884          0         96      10344   Library Totals
        38          0          9          0          0          0   (incl. Padding)

    ----------------------------------------------------------------------

      Code (inc. data)   RO Data    RW Data    ZI Data      Debug   Library Name

      6866        268        551          0         96       4148   c_w.l
      5776        376          0          0          0       4012   fz_ws.l
      4586        388        324          0          0       2184   m_ws.l

    ----------------------------------------------------------------------
     17266       1032        884          0         96      10344   Library Totals

    ----------------------------------------------------------------------

==============================================================================


      Code (inc. data)   RO Data    RW Data    ZI Data      Debug   

     46996       1092      14564         12       6684     268714   Grand Totals
     46996       1092      14564         12       6684     268714   ELF Image Totals
     46996       1092      14564         12          0          0   ROM Totals

==============================================================================

    Total RO  Size (Code + RO Data)                61560 (  60.12kB)
    Total RW  Size (RW Data + ZI Data)              6696 (   6.54kB)
    Total ROM Size (Code + RO Data + RW Data)      61572 (  60.13kB)

==============================================================================

