Component: Arm Compiler for Embedded 6.18 Tool: armlink [5e4cc100]

==============================================================================

Section Cross References

    startup_stm32f103xe.o(STACK) refers (Special) to heapauxi.o(.text) for __use_two_region_memory
    startup_stm32f103xe.o(HEAP) refers (Special) to heapauxi.o(.text) for __use_two_region_memory
    startup_stm32f103xe.o(RESET) refers (Special) to heapauxi.o(.text) for __use_two_region_memory
    startup_stm32f103xe.o(RESET) refers to startup_stm32f103xe.o(STACK) for __initial_sp
    startup_stm32f103xe.o(RESET) refers to startup_stm32f103xe.o(.text) for Reset_Handler
    startup_stm32f103xe.o(RESET) refers to stm32f1xx_it.o(.text.NMI_Handler) for NMI_Handler
    startup_stm32f103xe.o(RESET) refers to stm32f1xx_it.o(.text.HardFault_Handler) for HardFault_Handler
    startup_stm32f103xe.o(RESET) refers to stm32f1xx_it.o(.text.MemManage_Handler) for MemManage_Handler
    startup_stm32f103xe.o(RESET) refers to stm32f1xx_it.o(.text.BusFault_Handler) for BusFault_Handler
    startup_stm32f103xe.o(RESET) refers to stm32f1xx_it.o(.text.UsageFault_Handler) for UsageFault_Handler
    startup_stm32f103xe.o(RESET) refers to stm32f1xx_it.o(.text.SVC_Handler) for SVC_Handler
    startup_stm32f103xe.o(RESET) refers to stm32f1xx_it.o(.text.DebugMon_Handler) for DebugMon_Handler
    startup_stm32f103xe.o(RESET) refers to stm32f1xx_it.o(.text.PendSV_Handler) for PendSV_Handler
    startup_stm32f103xe.o(RESET) refers to stm32f1xx_it.o(.text.SysTick_Handler) for SysTick_Handler
    startup_stm32f103xe.o(RESET) refers to stm32f1xx_it.o(.text.DMA1_Channel1_IRQHandler) for DMA1_Channel1_IRQHandler
    startup_stm32f103xe.o(RESET) refers to stm32f1xx_it.o(.text.TIM2_IRQHandler) for TIM2_IRQHandler
    startup_stm32f103xe.o(.text) refers (Special) to heapauxi.o(.text) for __use_two_region_memory
    startup_stm32f103xe.o(.text) refers to system_stm32f1xx.o(.text.SystemInit) for SystemInit
    startup_stm32f103xe.o(.text) refers to __main.o(!!!main) for __main
    startup_stm32f103xe.o(.text) refers to startup_stm32f103xe.o(HEAP) for Heap_Mem
    startup_stm32f103xe.o(.text) refers to startup_stm32f103xe.o(STACK) for Stack_Mem
    oled.o(.ARM.exidx.text.Exange) refers to oled.o(.text.Exange) for [Anonymous Symbol]
    oled.o(.text.OLED_Init) refers to stm32f1xx_hal_gpio.o(.text.HAL_GPIO_WritePin) for HAL_GPIO_WritePin
    oled.o(.text.OLED_Init) refers to stm32f1xx_hal.o(.text.HAL_Delay) for HAL_Delay
    oled.o(.text.OLED_Init) refers to spi.o(.bss.hspi1) for hspi1
    oled.o(.text.OLED_Init) refers to stm32f1xx_hal_spi.o(.text.HAL_SPI_Transmit) for HAL_SPI_Transmit
    oled.o(.ARM.exidx.text.OLED_Init) refers to oled.o(.text.OLED_Init) for [Anonymous Symbol]
    oled.o(.text.OLED_Write_Cmd) refers to stm32f1xx_hal_gpio.o(.text.HAL_GPIO_WritePin) for HAL_GPIO_WritePin
    oled.o(.text.OLED_Write_Cmd) refers to spi.o(.bss.hspi1) for hspi1
    oled.o(.text.OLED_Write_Cmd) refers to stm32f1xx_hal_spi.o(.text.HAL_SPI_Transmit) for HAL_SPI_Transmit
    oled.o(.ARM.exidx.text.OLED_Write_Cmd) refers to oled.o(.text.OLED_Write_Cmd) for [Anonymous Symbol]
    oled.o(.text.OLED_Write_Data_8) refers to stm32f1xx_hal_gpio.o(.text.HAL_GPIO_WritePin) for HAL_GPIO_WritePin
    oled.o(.text.OLED_Write_Data_8) refers to spi.o(.bss.hspi1) for hspi1
    oled.o(.text.OLED_Write_Data_8) refers to stm32f1xx_hal_spi.o(.text.HAL_SPI_Transmit) for HAL_SPI_Transmit
    oled.o(.ARM.exidx.text.OLED_Write_Data_8) refers to oled.o(.text.OLED_Write_Data_8) for [Anonymous Symbol]
    oled.o(.text.OLED_Write_Data_16) refers to stm32f1xx_hal_gpio.o(.text.HAL_GPIO_WritePin) for HAL_GPIO_WritePin
    oled.o(.text.OLED_Write_Data_16) refers to spi.o(.bss.hspi1) for hspi1
    oled.o(.text.OLED_Write_Data_16) refers to stm32f1xx_hal_spi.o(.text.HAL_SPI_Transmit) for HAL_SPI_Transmit
    oled.o(.ARM.exidx.text.OLED_Write_Data_16) refers to oled.o(.text.OLED_Write_Data_16) for [Anonymous Symbol]
    oled.o(.text.OLED_Draw) refers to stm32f1xx_hal_gpio.o(.text.HAL_GPIO_WritePin) for HAL_GPIO_WritePin
    oled.o(.text.OLED_Draw) refers to spi.o(.bss.hspi1) for hspi1
    oled.o(.text.OLED_Draw) refers to stm32f1xx_hal_spi.o(.text.HAL_SPI_Transmit) for HAL_SPI_Transmit
    oled.o(.ARM.exidx.text.OLED_Draw) refers to oled.o(.text.OLED_Draw) for [Anonymous Symbol]
    oled.o(.text.OLED_Clear) refers to oled.o(.text.OLED_Draw) for OLED_Draw
    oled.o(.text.OLED_Clear) refers to spi.o(.bss.hspi1) for hspi1
    oled.o(.text.OLED_Clear) refers to stm32f1xx_hal_gpio.o(.text.HAL_GPIO_WritePin) for HAL_GPIO_WritePin
    oled.o(.text.OLED_Clear) refers to stm32f1xx_hal_spi.o(.text.HAL_SPI_Transmit) for HAL_SPI_Transmit
    oled.o(.ARM.exidx.text.OLED_Clear) refers to oled.o(.text.OLED_Clear) for [Anonymous Symbol]
    oled.o(.text.OLED_Fill) refers to oled.o(.text.OLED_Draw) for OLED_Draw
    oled.o(.text.OLED_Fill) refers to spi.o(.bss.hspi1) for hspi1
[...]
    [Anonymous Symbol]                       0x08002cd8   Section        0  gpio.o(.text.MX_GPIO_Init)
    [Anonymous Symbol]                       0x08002d84   Section        0  spi.o(.text.MX_SPI1_Init)
    [Anonymous Symbol]                       0x08002dcc   Section        0  spi.o(.text.MX_SPI2_Init)
    [Anonymous Symbol]                       0x08002e18   Section        0  tim.o(.text.MX_TIM2_Init)
    [Anonymous Symbol]                       0x08002e88   Section        0  tim.o(.text.MX_TIM3_Init)
    [Anonymous Symbol]                       0x08002f8c   Section        0  usart.o(.text.MX_USART1_UART_Init)
    [Anonymous Symbol]                       0x08002fc8   Section        0  stm32f1xx_it.o(.text.MemManage_Handler)
    [Anonymous Symbol]                       0x08002fcc   Section        0  motor.o(.text.Motor_Init)
    [Anonymous Symbol]                       0x0800305c   Section        0  motor.o(.text.Motor_PWM_Output)
    [Anonymous Symbol]                       0x0800311c   Section        0  motor.o(.text.Motor_Run)
    [Anonymous Symbol]                       0x080031b4   Section        0  motor.o(.text.Motor_Set_Angle_Goal_Deg)
    [Anonymous Symbol]                       0x080031c8   Section        0  motor.o(.text.Motor_Set_Voltage)
    [Anonymous Symbol]                       0x080032e0   Section        0  motor.o(.text.Motor_TIM)
    [Anonymous Symbol]                       0x080032f0   Section        0  motor.o(.text.Motor_TransmitReceive)
    [Anonymous Symbol]                       0x080033a8   Section        0  stm32f1xx_it.o(.text.NMI_Handler)
    [Anonymous Symbol]                       0x080033ac   Section        0  pid.o(.text.Normalize)
    [Anonymous Symbol]                       0x0800346c   Section        0  oled.o(.text.OLED_Clear)
    [Anonymous Symbol]                       0x080034e0   Section        0  oled.o(.text.OLED_Draw)
    [Anonymous Symbol]                       0x08003668   Section        0  oled.o(.text.OLED_Draw_Line)
    [Anonymous Symbol]                       0x08003afc   Section        0  oled.o(.text.OLED_Init)
    [Anonymous Symbol]                       0x08005d24   Section        0  pid.o(.text.PID_Calculate)
    [Anonymous Symbol]                       0x08005e6c   Section        0  pid.o(.text.PID_Init)
    [Anonymous Symbol]                       0x08005e7c   Section        0  pid.o(.text.PID_Set_Goal)
    [Anonymous Symbol]                       0x08005e94   Section        0  stm32f1xx_it.o(.text.PendSV_Handler)
    [Anonymous Symbol]                       0x08005e98   Section        0  pid.o(.text.Restrict)
    SPI_WaitFlagStateUntilTimeout            0x08005ec5   Thumb Code   228  stm32f1xx_hal_spi.o(.text.SPI_WaitFlagStateUntilTimeout)
    [Anonymous Symbol]                       0x08005ec4   Section        0  stm32f1xx_hal_spi.o(.text.SPI_WaitFlagStateUntilTimeout)
    [Anonymous Symbol]                       0x08005fa8   Section        0  stm32f1xx_it.o(.text.SVC_Handler)
    [Anonymous Symbol]                       0x08005fac   Section        0  stm32f1xx_it.o(.text.SysTick_Handler)
    [Anonymous Symbol]                       0x08005fb0   Section        0  system_stm32f1xx.o(.text.SystemInit)
    [Anonymous Symbol]                       0x08005fb4   Section        0  stm32f1xx_it.o(.text.TIM2_IRQHandler)
    [Anonymous Symbol]                       0x08005fc0   Section        0  stm32f1xx_it.o(.text.UsageFault_Handler)
    [Anonymous Symbol]                       0x08005fc4   Section        0  main.o(.text.main)
    i.__ARM_fpclassify                       0x08006082   Section        0  fpclassify.o(i.__ARM_fpclassify)
    i.__ARM_fpclassifyf                      0x080060aa   Section        0  fpclassifyf.o(i.__ARM_fpclassifyf)
    i.__ieee754_rem_pio2                     0x080060d0   Section        0  rred.o(i.__ieee754_rem_pio2)
    i.__kernel_cos                           0x08006458   Section        0  cos_i.o(i.__kernel_cos)
    i.__kernel_poly                          0x08006554   Section        0  poly.o(i.__kernel_poly)
    i.__kernel_sin                           0x08006600   Section        0  sin_i.o(i.__kernel_sin)
    i.__mathlib_dbl_infnan                   0x080066ec   Section        0  dunder.o(i.__mathlib_dbl_infnan)
    i.__mathlib_dbl_invalid                  0x080066f2   Section        0  dunder.o(i.__mathlib_dbl_invalid)
    i.__mathlib_dbl_underflow                0x08006700   Section        0  dunder.o(i.__mathlib_dbl_underflow)
    i.__mathlib_flt_infnan                   0x08006710   Section        0  funder.o(i.__mathlib_flt_infnan)
    i.__mathlib_flt_invalid                  0x08006716   Section        0  funder.o(i.__mathlib_flt_invalid)
    i.__mathlib_flt_underflow                0x0800671e   Section        0  funder.o(i.__mathlib_flt_underflow)
    i.__mathlib_rredf2                       0x08006728   Section        0  rredf.o(i.__mathlib_rredf2)
    i.ceil                                   0x08006890   Section        0  ceil.o(i.ceil)
    i.ceilf                                  0x0800696c   Section        0  ceilf.o(i.ceilf)
    i.cos                                    0x080069e4   Section        0  cos.o(i.cos)
    i.cosf                                   0x08006a80   Section        0  cosf.o(i.cosf)
    i.floor                                  0x08006bfc   Section        0  floor.o(i.floor)
    i.floorf                                 0x08006cd8   Section        0  floorf.o(i.floorf)
    i.sin                                    0x08006d54   Section        0  sin.o(i.sin)
    i.sinf                                   0x08006df4   Section        0  sinf.o(i.sinf)
    i.sqrt                                   0x08006f7c   Section        0  sqrt.o(i.sqrt)
    x$fpl$d2f                                0x08006fc8   Section       98  d2f.o(x$fpl$d2f)
    x$fpl$dadd                               0x0800702c   Section      336  daddsub_clz.o(x$fpl$dadd)
    _dadd1                                   0x0800703d   Thumb Code     0  daddsub_clz.o(x$fpl$dadd)
    x$fpl$dcheck1                            0x0800717c   Section       16  dcheck1.o(x$fpl$dcheck1)
    x$fpl$dcmpinf                            0x0800718c   Section       24  dcmpi.o(x$fpl$dcmpinf)
    x$fpl$ddiv                               0x080071a4   Section      692  ddiv.o(x$fpl$ddiv)
    ddiv_entry                               0x080071ab   Thumb Code     0  ddiv.o(x$fpl$ddiv)
    x$fpl$deqf                               0x08007458   Section      120  deqf.o(x$fpl$deqf)
    x$fpl$dfix                               0x080074d0   Section       94  dfix.o(x$fpl$dfix)
    x$fpl$dflt                               0x0800752e   Section       46  dflt_clz.o(x$fpl$dflt)
    x$fpl$dfltu                              0x0800755c   Section       38  dflt_clz.o(x$fpl$dfltu)
    x$fpl$dgeqf                              0x08007584   Section      120  dgeqf.o(x$fpl$dgeqf)
    x$fpl$dleqf                              0x080075fc   Section      120  dleqf.o(x$fpl$dleqf)
    x$fpl$dmul                               0x08007674   Section      340  dmul.o(x$fpl$dmul)
    x$fpl$dnaninf                            0x080077c8   Section      156  dnaninf.o(x$fpl$dnaninf)
    x$fpl$dretinf                            0x08007864   Section       12  dretinf.o(x$fpl$dretinf)
    x$fpl$drleqf                             0x08007870   Section      108  drleqf.o(x$fpl$drleqf)
    x$fpl$drsb                               0x080078dc   Section       22  daddsub_clz.o(x$fpl$drsb)
    x$fpl$dsqrt                              0x080078f4   Section      460  dsqrt_noumaal.o(x$fpl$dsqrt)
    x$fpl$dsub                               0x08007ac0   Section      476  daddsub_clz.o(x$fpl$dsub)
    _dsub1                                   0x08007ad1   Thumb Code     0  daddsub_clz.o(x$fpl$dsub)
    x$fpl$f2d                                0x08007c9c   Section       86  f2d.o(x$fpl$f2d)
    x$fpl$fadd                               0x08007cf4   Section      196  faddsub_clz.o(x$fpl$fadd)
    _fadd1                                   0x08007d03   Thumb Code     0  faddsub_clz.o(x$fpl$fadd)
    x$fpl$fcheck1                            0x08007db8   Section       12  fcheck1.o(x$fpl$fcheck1)
    x$fpl$fcmp                               0x08007dc4   Section       84  dcmp.o(x$fpl$fcmp)
    x$fpl$fcmp                               0x08007e18   Section       84  fcmp.o(x$fpl$fcmp)
    x$fpl$fcmpinf                            0x08007e6c   Section       24  fcmpi.o(x$fpl$fcmpinf)
    _fdiv1                                   0x08007e85   Thumb Code     0  fdiv.o(x$fpl$fdiv)
    x$fpl$fdiv                               0x08007e84   Section      388  fdiv.o(x$fpl$fdiv)
    x$fpl$feqf                               0x08008008   Section      104  feqf.o(x$fpl$feqf)
    x$fpl$ffix                               0x08008070   Section       54  ffix.o(x$fpl$ffix)
    x$fpl$fflt                               0x080080a8   Section       48  fflt_clz.o(x$fpl$fflt)
    x$fpl$ffltu                              0x080080d8   Section       38  fflt_clz.o(x$fpl$ffltu)
    x$fpl$fgeqf                              0x08008100   Section      104  fgeqf.o(x$fpl$fgeqf)
    x$fpl$fleqf                              0x08008168   Section      104  fleqf.o(x$fpl$fleqf)
    x$fpl$fmul                               0x080081d0   Section      258  fmul.o(x$fpl$fmul)
    x$fpl$fnaninf                            0x080082d2   Section      140  fnaninf.o(x$fpl$fnaninf)
    x$fpl$fretinf                            0x0800835e   Section       10  fretinf.o(x$fpl$fretinf)
    x$fpl$frnd                               0x08008368   Section       96  frnd.o(x$fpl$frnd)
    x$fpl$frsb                               0x080083c8   Section       20  faddsub_clz.o(x$fpl$frsb)
    x$fpl$fsub                               0x080083dc   Section      234  faddsub_clz.o(x$fpl$fsub)
    _fsub1                                   0x080083eb   Thumb Code     0  faddsub_clz.o(x$fpl$fsub)
    x$fpl$retnan                             0x080084c6   Section      100  retnan.o(x$fpl$retnan)
    x$fpl$scalbn                             0x0800852a   Section       92  scalbn.o(x$fpl$scalbn)
    x$fpl$scalbnf                            0x08008586   Section       76  scalbnf.o(x$fpl$scalbnf)
    x$fpl$trapveneer                         0x080085d2   Section       48  trapv.o(x$fpl$trapveneer)
    x$fpl$usenofp                            0x08008602   Section        0  usenofp.o(x$fpl$usenofp)
    C                                        0x08008608   Data          48  cos_i.o(.constdata)
    .constdata                               0x08008608   Section       48  cos_i.o(.constdata)
    pio2s                                    0x08008638   Data          48  rred.o(.constdata)
    .constdata                               0x08008638   Section      204  rred.o(.constdata)
    twooverpi                                0x08008668   Data         156  rred.o(.constdata)
    twooverpi                                0x08008704   Data          32  rredf.o(.constdata)
    .constdata                               0x08008704   Section       32  rredf.o(.constdata)
    S                                        0x08008728   Data          40  sin_i.o(.constdata)
    .constdata                               0x08008728   Section       40  sin_i.o(.constdata)
    .L__const.HAL_RCC_GetSysClockFreq.aPredivFactorTable 0x08008750   Data           2  stm32f1xx_hal_rcc.o(.rodata..L__const.HAL_RCC_GetSysClockFreq.aPredivFactorTable)
    .L__const.HAL_RCC_GetSysClockFreq.aPLLMULFactorTable 0x0800876c   Data          16  stm32f1xx_hal_rcc.o(.rodata.cst16)
    .L_MergedGlobals                         0x20000000   Data           8  stm32f1xx_hal.o(.data..L_MergedGlobals)
    [Anonymous Symbol]                       0x20000000   Section        0  stm32f1xx_hal.o(.data..L_MergedGlobals)
    .bss                                     0x20000010   Section       96  libspace.o(.bss)
    .L_MergedGlobals                         0x20000070   Data          96  motor.o(.bss..L_MergedGlobals)
    [Anonymous Symbol]                       0x20000070   Section        0  motor.o(.bss..L_MergedGlobals)
    .L_MergedGlobals                         0x200000d0   Data           4  knob.o(.bss..L_MergedGlobals)
    [Anonymous Symbol]                       0x200000d0   Section        0  knob.o(.bss..L_MergedGlobals)
    Heap_Mem                                 0x200013b8   Data         512  startup_stm32f103xe.o(HEAP)
    HEAP                                     0x200013b8   Section      512  startup_stm32f103xe.o(HEAP)
    Stack_Mem                                0x200015b8   Data        1024  startup_stm32f103xe.o(STACK)
    STACK                                    0x200015b8   Section     1024  startup_stm32f103xe.o(STACK)
    __initial_sp                             0x200019b8   Data           0  startup_stm32f103xe.o(STACK)

    Global Symbols

    Symbol Name                              Value     Ov Type        Size  Object(Section)

    BuildAttributes$$THM_ISAv4$P$D$K$B$S$PE$A:L22UL41UL21$X:L11$S22US41US21$IEEE1$IW$~IW$USESV6$~STKCKD$USESV7$~SHL$OTIME$ROPI$IEEEX$EBA8$UX$STANDARDLIB$REQ8$PRES8$EABIv2 0x00000000   Number         0  anon$$obj.o ABSOLUTE
    __fp_init_empty                          0x00000000   Number         0  fpinit_empty.o ABSOLUTE
    _printf_flags                            0x00000000   Number         0  printf_stubs.o ABSOLUTE
    _printf_return_value                     0x00000000   Number         0  printf_stubs.o ABSOLUTE
    _printf_sizespec                         0x00000000   Number         0  printf_stubs.o ABSOLUTE
    _printf_widthprec                        0x00000000   Number         0  printf_stubs.o ABSOLUTE
    __ARM_exceptions_init                     - Undefined Weak Reference
    __alloca_initialize                       - Undefined Weak Reference
    __arm_preinit_                            - Undefined Weak Reference
    __arm_relocate_pie_                       - Undefined Weak Reference
    __cpp_initialize__aeabi_                  - Undefined Weak Reference
    __cxa_finalize                            - Undefined Weak Reference
    __sigvec_lookup                           - Undefined Weak Reference
    _atexit_init                              - Undefined Weak Reference
    _call_atexit_fns                          - Undefined Weak Reference
    _clock_init                               - Undefined Weak Reference
    _fp_trap_init                             - Undefined Weak Reference
    _fp_trap_shutdown                         - Undefined Weak Reference
    _get_lc_collate                           - Undefined Weak Reference
    _get_lc_monetary                          - Undefined Weak Reference
    _get_lc_time                              - Undefined Weak Reference
    _getenv_init                              - Undefined Weak Reference
    _handle_redirection                       - Undefined Weak Reference
    _init_alloc                               - Undefined Weak Reference
    _init_user_alloc                          - Undefined Weak Reference
    _initio                                   - Undefined Weak Reference
    _printf_mbtowc                            - Undefined Weak Reference
    _printf_wc                                - Undefined Weak Reference
    _rand_init                                - Undefined Weak Reference
    _signal_finish                            - Undefined Weak Reference
    _signal_init                              - Undefined Weak Reference
    _terminate_alloc                          - Undefined Weak Reference
    _terminate_user_alloc                     - Undefined Weak Reference
    _terminateio                              - Undefined Weak Reference
    __Vectors_Size                           0x00000130   Number         0  startup_stm32f103xe.o ABSOLUTE
    __Vectors                                0x08000000   Data           4  startup_stm32f103xe.o(RESET)
    __Vectors_End                            0x08000130   Data           0  startup_stm32f103xe.o(RESET)
    __main                                   0x08000131   Thumb Code     8  __main.o(!!!main)
    __scatterload                            0x08000139   Thumb Code     0  __scatter.o(!!!scatter)
    __scatterload_rt2                        0x08000139   Thumb Code    44  __scatter.o(!!!scatter)
    __scatterload_rt2_thumb_only             0x08000139   Thumb Code     0  __scatter.o(!!!scatter)
    __scatterload_null                       0x08000147   Thumb Code     0  __scatter.o(!!!scatter)
    __scatterload_copy                       0x0800016d   Thumb Code    26  __scatter_copy.o(!!handler_copy)
    __scatterload_zeroinit                   0x08000189   Thumb Code    28  __scatter_zi.o(!!handler_zi)
    __rt_lib_init                            0x080001a5   Thumb Code     0  libinit.o(.ARM.Collect$$libinit$$00000000)
    __rt_lib_init_alloca_1                   0x080001a7   Thumb Code     0  libinit2.o(.ARM.Collect$$libinit$$00000030)
    __rt_lib_init_argv_1                     0x080001a7   Thumb Code     0  libinit2.o(.ARM.Collect$$libinit$$0000002E)
    __rt_lib_init_atexit_1                   0x080001a7   Thumb Code     0  libinit2.o(.ARM.Collect$$libinit$$0000001D)
    __rt_lib_init_clock_1                    0x080001a7   Thumb Code     0  libinit2.o(.ARM.Collect$$libinit$$00000023)
    __rt_lib_init_cpp_1                      0x080001a7   Thumb Code     0  libinit2.o(.ARM.Collect$$libinit$$00000034)
    __rt_lib_init_exceptions_1               0x080001a7   Thumb Code     0  libinit2.o(.ARM.Collect$$libinit$$00000032)
    __rt_lib_init_fp_1                       0x080001a7   Thumb Code     0  libinit2.o(.ARM.Collect$$libinit$$00000002)
    __rt_lib_init_fp_trap_1                  0x080001a7   Thumb Code     0  libinit2.o(.ARM.Collect$$libinit$$00000021)
    __rt_lib_init_getenv_1                   0x080001a7   Thumb Code     0  libinit2.o(.ARM.Collect$$libinit$$00000025)
    __rt_lib_init_heap_1                     0x080001a7   Thumb Code     0  libinit2.o(.ARM.Collect$$libinit$$0000000C)
    __rt_lib_init_lc_collate_1               0x080001a7   Thumb Code     0  libinit2.o(.ARM.Collect$$libinit$$00000013)
    __rt_lib_init_lc_ctype_1                 0x080001a7   Thumb Code     0  libinit2.o(.ARM.Collect$$libinit$$00000015)
    __rt_lib_init_lc_monetary_1              0x080001a7   Thumb Code     0  libinit2.o(.ARM.Collect$$libinit$$00000017)
    __rt_lib_init_lc_numeric_1               0x080001a7   Thumb Code     0  libinit2.o(.ARM.Collect$$libinit$$00000019)
    __rt_lib_init_lc_time_1                  0x080001a7   Thumb Code     0  libinit2.o(.ARM.Collect$$libinit$$0000001B)
    __rt_lib_init_preinit_1                  0x080001a7   Thumb Code     0  libinit2.o(.ARM.Collect$$libinit$$00000006)
    __rt_lib_init_rand_1                     0x080001a7   Thumb Code     0  libinit2.o(.ARM.Collect$$libinit$$00000010)
    __rt_lib_init_relocate_pie_1             0x080001a7   Thumb Code     0  libinit2.o(.ARM.Collect$$libinit$$00000004)
    __rt_lib_init_return                     0x080001a7   Thumb Code     0  libinit2.o(.ARM.Collect$$libinit$$00000035)
    __rt_lib_init_signal_1                   0x080001a7   Thumb Code     0  libinit2.o(.ARM.Collect$$libinit$$0000001F)
    __rt_lib_init_stdio_1                    0x080001a7   Thumb Code     0  libinit2.o(.ARM.Collect$$libinit$$00000027)
    __rt_lib_init_user_alloc_1               0x080001a7   Thumb Code     0  libinit2.o(.ARM.Collect$$libinit$$0000000E)
    __rt_lib_shutdown                        0x080001a9   Thumb Code     0  libshutdown.o(.ARM.Collect$$libshutdown$$00000000)
    __rt_lib_shutdown_cpp_1                  0x080001ab   Thumb Code     0  libshutdown2.o(.ARM.Collect$$libshutdown$$00000002)
    __rt_lib_shutdown_fp_trap_1              0x080001ab   Thumb Code     0  libshutdown2.o(.ARM.Collect$$libshutdown$$00000007)
    __rt_lib_shutdown_heap_1                 0x080001ab   Thumb Code     0  libshutdown2.o(.ARM.Collect$$libshutdown$$0000000F)
    __rt_lib_shutdown_return                 0x080001ab   Thumb Code     0  libshutdown2.o(.ARM.Collect$$libshutdown$$00000010)
    __rt_lib_shutdown_signal_1               0x080001ab   Thumb Code     0  libshutdown2.o(.ARM.Collect$$libshutdown$$0000000A)
    __rt_lib_shutdown_stdio_1                0x080001ab   Thumb Code     0  libshutdown2.o(.ARM.Collect$$libshutdown$$00000004)
    __rt_lib_shutdown_user_alloc_1           0x080001ab   Thumb Code     0  libshutdown2.o(.ARM.Collect$$libshutdown$$0000000C)
    __rt_entry                               0x080001ad   Thumb Code     0  __rtentry.o(.ARM.Collect$$rtentry$$00000000)
    __rt_entry_presh_1                       0x080001ad   Thumb Code     0  __rtentry2.o(.ARM.Collect$$rtentry$$00000002)
    __rt_entry_sh                            0x080001ad   Thumb Code     0  __rtentry4.o(.ARM.Collect$$rtentry$$00000004)
    __rt_entry_li                            0x080001b3   Thumb Code     0  __rtentry2.o(.ARM.Collect$$rtentry$$0000000A)
    __rt_entry_postsh_1                      0x080001b3   Thumb Code     0  __rtentry2.o(.ARM.Collect$$rtentry$$00000009)
    __rt_entry_main                          0x080001b7   Thumb Code     0  __rtentry2.o(.ARM.Collect$$rtentry$$0000000D)
    __rt_entry_postli_1                      0x080001b7   Thumb Code     0  __rtentry2.o(.ARM.Collect$$rtentry$$0000000C)
    __rt_exit                                0x080001bf   Thumb Code     0  rtexit.o(.ARM.Collect$$rtexit$$00000000)
    __rt_exit_ls                             0x080001c1   Thumb Code     0  rtexit2.o(.ARM.Collect$$rtexit$$00000003)
    __rt_exit_prels_1                        0x080001c1   Thumb Code     0  rtexit2.o(.ARM.Collect$$rtexit$$00000002)
    __rt_exit_exit                           0x080001c5   Thumb Code     0  rtexit2.o(.ARM.Collect$$rtexit$$00000004)
    Reset_Handler                            0x080001cd   Thumb Code     8  startup_stm32f103xe.o(.text)
    ADC1_2_IRQHandler                        0x080001e7   Thumb Code     0  startup_stm32f103xe.o(.text)
    ADC3_IRQHandler                          0x080001e7   Thumb Code     0  startup_stm32f103xe.o(.text)
    CAN1_RX1_IRQHandler                      0x080001e7   Thumb Code     0  startup_stm32f103xe.o(.text)
    CAN1_SCE_IRQHandler                      0x080001e7   Thumb Code     0  startup_stm32f103xe.o(.text)
    DMA1_Channel2_IRQHandler                 0x080001e7   Thumb Code     0  startup_stm32f103xe.o(.text)
    DMA1_Channel3_IRQHandler                 0x080001e7   Thumb Code     0  startup_stm32f103xe.o(.text)
    DMA1_Channel4_IRQHandler                 0x080001e7   Thumb Code     0  startup_stm32f103xe.o(.text)
    DMA1_Channel5_IRQHandler                 0x080001e7   Thumb Code     0  startup_stm32f103xe.o(.text)
    DMA1_Channel6_IRQHandler                 0x080001e7   Thumb Code     0  startup_stm32f103xe.o(.text)
    DMA1_Channel7_IRQHandler                 0x080001e7   Thumb Code     0  startup_stm32f103xe.o(.text)
    DMA2_Channel1_IRQHandler                 0x080001e7   Thumb Code     0  startup_stm32f103xe.o(.text)
    DMA2_Channel2_IRQHandler                 0x080001e7   Thumb Code     0  startup_stm32f103xe.o(.text)
    DMA2_Channel3_IRQHandler                 0x080001e7   Thumb Code     0  startup_stm32f103xe.o(.text)
    DMA2_Channel4_5_IRQHandler               0x080001e7   Thumb Code     0  startup_stm32f103xe.o(.text)
    EXTI0_IRQHandler                         0x080001e7   Thumb Code     0  startup_stm32f103xe.o(.text)
    EXTI15_10_IRQHandler                     0x080001e7   Thumb Code     0  startup_stm32f103xe.o(.text)
    EXTI1_IRQHandler                         0x080001e7   Thumb Code     0  startup_stm32f103xe.o(.text)
    EXTI2_IRQHandler                         0x080001e7   Thumb Code     0  startup_stm32f103xe.o(.text)
    EXTI3_IRQHandler                         0x080001e7   Thumb Code     0  startup_stm32f103xe.o(.text)
    EXTI4_IRQHandler                         0x080001e7   Thumb Code     0  startup_stm32f103xe.o(.text)
    EXTI9_5_IRQHandler                       0x080001e7   Thumb Code     0  startup_stm32f103xe.o(.text)
    FLASH_IRQHandler                         0x080001e7   Thumb Code     0  startup_stm32f103xe.o(.text)
    FSMC_IRQHandler                          0x080001e7   Thumb Code     0  startup_stm32f103xe.o(.text)
    I2C1_ER_IRQHandler                       0x080001e7   Thumb Code     0  startup_stm32f103xe.o(.text)
    I2C1_EV_IRQHandler                       0x080001e7   Thumb Code     0  startup_stm32f103xe.o(.text)
    I2C2_ER_IRQHandler                       0x080001e7   Thumb Code     0  startup_stm32f103xe.o(.text)
    I2C2_EV_IRQHandler                       0x080001e7   Thumb Code     0  startup_stm32f103xe.o(.text)
    PVD_IRQHandler                           0x080001e7   Thumb Code     0  startup_stm32f103xe.o(.text)
    RCC_IRQHandler                           0x080001e7   Thumb Code     0  startup_stm32f103xe.o(.text)
    RTC_Alarm_IRQHandler                     0x080001e7   Thumb Code     0  startup_stm32f103xe.o(.text)
    RTC_IRQHandler                           0x080001e7   Thumb Code     0  startup_stm32f103xe.o(.text)
    SDIO_IRQHandler                          0x080001e7   Thumb Code     0  startup_stm32f103xe.o(.text)
    SPI1_IRQHandler                          0x080001e7   Thumb Code     0  startup_stm32f103xe.o(.text)
    SPI2_IRQHandler                          0x080001e7   Thumb Code     0  startup_stm32f103xe.o(.text)
    SPI3_IRQHandler                          0x080001e7   Thumb Code     0  startup_stm32f103xe.o(.text)
    TAMPER_IRQHandler                        0x080001e7   Thumb Code     0  startup_stm32f103xe.o(.text)
    TIM1_BRK_IRQHandler                      0x080001e7   Thumb Code     0  startup_stm32f103xe.o(.text)
    TIM1_CC_IRQHandler                       0x080001e7   Thumb Code     0  startup_stm32f103xe.o(.text)
    TIM1_TRG_COM_IRQHandler                  0x080001e7   Thumb Code     0  startup_stm32f103xe.o(.text)
    TIM1_UP_IRQHandler                       0x080001e7   Thumb Code     0  startup_stm32f103xe.o(.text)
    TIM3_IRQHandler                          0x080001e7   Thumb Code     0  startup_stm32f103xe.o(.text)
    TIM4_IRQHandler                          0x080001e7   Thumb Code     0  startup_stm32f103xe.o(.text)
    TIM5_IRQHandler                          0x080001e7   Thumb Code     0  startup_stm32f103xe.o(.text)
    TIM6_IRQHandler                          0x080001e7   Thumb Code     0  startup_stm32f103xe.o(.text)
    TIM7_IRQHandler                          0x080001e7   Thumb Code     0  startup_stm32f103xe.o(.text)
    TIM8_BRK_IRQHandler                      0x080001e7   Thumb Code     0  startup_stm32f103xe.o(.text)
    TIM8_CC_IRQHandler                       0x080001e7   Thumb Code     0  startup_stm32f103xe.o(.text)
    TIM8_TRG_COM_IRQHandler                  0x080001e7   Thumb Code     0  startup_stm32f103xe.o(.text)
    TIM8_UP_IRQHandler                       0x080001e7   Thumb Code     0  startup_stm32f103xe.o(.text)
    UART4_IRQHandler                         0x080001e7   Thumb Code     0  startup_stm32f103xe.o(.text)
    UART5_IRQHandler                         0x080001e7   Thumb Code     0  startup_stm32f103xe.o(.text)
    USART1_IRQHandler                        0x080001e7   Thumb Code     0  startup_stm32f103xe.o(.text)
    USART2_IRQHandler                        0x080001e7   Thumb Code     0  startup_stm32f103xe.o(.text)
    USART3_IRQHandler                        0x080001e7   Thumb Code     0  startup_stm32f103xe.o(.text)
    USBWakeUp_IRQHandler                     0x080001e7   Thumb Code     0  startup_stm32f103xe.o(.text)
    USB_HP_CAN1_TX_IRQHandler                0x080001e7   Thumb Code     0  startup_stm32f103xe.o(.text)
    USB_LP_CAN1_RX0_IRQHandler               0x080001e7   Thumb Code     0  startup_stm32f103xe.o(.text)
    WWDG_IRQHandler                          0x080001e7   Thumb Code     0  startup_stm32f103xe.o(.text)
    __user_initial_stackheap                 0x080001e9   Thumb Code     0  startup_stm32f103xe.o(.text)
    __aeabi_memclr4                          0x0800020d   Thumb Code     0  rt_memclr_w.o(.text)
    __aeabi_memclr8                          0x0800020d   Thumb Code     0  rt_memclr_w.o(.text)
    __rt_memclr_w                            0x0800020d   Thumb Code     0  rt_memclr_w.o(.text)
    _memset_w                                0x08000211   Thumb Code    74  rt_memclr_w.o(.text)
    __use_two_region_memory                  0x0800025b   Thumb Code     2  heapauxi.o(.text)
    __rt_heap_escrow$2region                 0x0800025d   Thumb Code     2  heapauxi.o(.text)
    __rt_heap_expand$2region                 0x0800025f   Thumb Code     2  heapauxi.o(.text)
    __read_errno                             0x08000261   Thumb Code    10  _rserrno.o(.text)
    __set_errno                              0x0800026b   Thumb Code    12  _rserrno.o(.text)
    __aeabi_errno_addr                       0x08000279   Thumb Code     8  rt_errno_addr_intlibspace.o(.text)
    __errno$intlibspace                      0x08000279   Thumb Code     0  rt_errno_addr_intlibspace.o(.text)
    __rt_errno_addr$intlibspace              0x08000279   Thumb Code     0  rt_errno_addr_intlibspace.o(.text)
    __user_libspace                          0x08000281   Thumb Code     8  libspace.o(.text)
    __user_perproc_libspace                  0x08000281   Thumb Code     0  libspace.o(.text)
    __user_perthread_libspace                0x08000281   Thumb Code     0  libspace.o(.text)
    __user_setup_stackheap                   0x08000289   Thumb Code    74  sys_stackheap_outer.o(.text)
    exit                                     0x080002d3   Thumb Code    18  exit.o(.text)
    _sys_exit                                0x080002e5   Thumb Code     8  sys_exit.o(.text)
    __I$use$semihosting                      0x080002f1   Thumb Code     0  use_no_semi.o(.text)
    __use_no_semihosting_swi                 0x080002f1   Thumb Code     2  use_no_semi.o(.text)
    __semihosting_library_function           0x080002f3   Thumb Code     0  indicate_semi.o(.text)
    BusFault_Handler                         0x080002f5   Thumb Code     2  stm32f1xx_it.o(.text.BusFault_Handler)
    DMA1_Channel1_IRQHandler                 0x080002f9   Thumb Code    12  stm32f1xx_it.o(.text.DMA1_Channel1_IRQHandler)
    DebugMon_Handler                         0x08000305   Thumb Code     2  stm32f1xx_it.o(.text.DebugMon_Handler)
    Error_Handler                            0x08000309   Thumb Code    10  main.o(.text.Error_Handler)
    HAL_ADC_ConfigChannel                    0x08000315   Thumb Code   404  stm32f1xx_hal_adc.o(.text.HAL_ADC_ConfigChannel)
    HAL_ADC_Init                             0x080004a9   Thumb Code   368  stm32f1xx_hal_adc.o(.text.HAL_ADC_Init)
    HAL_ADC_MspInit                          0x08000619   Thumb Code   162  adc.o(.text.HAL_ADC_MspInit)
    HAL_DMA_IRQHandler                       0x080006bd   Thumb Code   662  stm32f1xx_hal_dma.o(.text.HAL_DMA_IRQHandler)
    HAL_DMA_Init                             0x08000955   Thumb Code   142  stm32f1xx_hal_dma.o(.text.HAL_DMA_Init)
    HAL_Delay                                0x080009e5   Thumb Code    40  stm32f1xx_hal.o(.text.HAL_Delay)
    HAL_GPIO_Init                            0x08000a0d   Thumb Code   514  stm32f1xx_hal_gpio.o(.text.HAL_GPIO_Init)
    HAL_GPIO_WritePin                        0x08000c11   Thumb Code    10  stm32f1xx_hal_gpio.o(.text.HAL_GPIO_WritePin)
    HAL_GetTick                              0x08000c1d   Thumb Code    12  stm32f1xx_hal.o(.text.HAL_GetTick)
    HAL_IncTick                              0x08000c29   Thumb Code    26  stm32f1xx_hal.o(.text.HAL_IncTick)
    HAL_Init                                 0x08000c45   Thumb Code    38  stm32f1xx_hal.o(.text.HAL_Init)
    HAL_InitTick                             0x08000c6d   Thumb Code    72  stm32f1xx_hal.o(.text.HAL_InitTick)
    HAL_MspInit                              0x08000cb5   Thumb Code    50  stm32f1xx_hal_msp.o(.text.HAL_MspInit)
    HAL_NVIC_EnableIRQ                       0x08000ce9   Thumb Code    32  stm32f1xx_hal_cortex.o(.text.HAL_NVIC_EnableIRQ)
    HAL_NVIC_SetPriority                     0x08000d09   Thumb Code    86  stm32f1xx_hal_cortex.o(.text.HAL_NVIC_SetPriority)
    HAL_NVIC_SetPriorityGrouping             0x08000d61   Thumb Code    32  stm32f1xx_hal_cortex.o(.text.HAL_NVIC_SetPriorityGrouping)
    HAL_RCCEx_PeriphCLKConfig                0x08000d81   Thumb Code   266  stm32f1xx_hal_rcc_ex.o(.text.HAL_RCCEx_PeriphCLKConfig)
    HAL_RCC_ClockConfig                      0x08000e8d   Thumb Code   446  stm32f1xx_hal_rcc.o(.text.HAL_RCC_ClockConfig)
    HAL_RCC_GetPCLK1Freq                     0x0800104d   Thumb Code    38  stm32f1xx_hal_rcc.o(.text.HAL_RCC_GetPCLK1Freq)
    HAL_RCC_GetPCLK2Freq                     0x08001075   Thumb Code    38  stm32f1xx_hal_rcc.o(.text.HAL_RCC_GetPCLK2Freq)
    HAL_RCC_OscConfig                        0x0800109d   Thumb Code   948  stm32f1xx_hal_rcc.o(.text.HAL_RCC_OscConfig)
    HAL_SPI_Init                             0x08001451   Thumb Code   172  stm32f1xx_hal_spi.o(.text.HAL_SPI_Init)
    HAL_SPI_MspInit                          0x080014fd   Thumb Code   222  spi.o(.text.HAL_SPI_MspInit)
    HAL_SPI_Transmit                         0x080015dd   Thumb Code   470  stm32f1xx_hal_spi.o(.text.HAL_SPI_Transmit)
    HAL_SPI_TransmitReceive                  0x080017b5   Thumb Code   676  stm32f1xx_hal_spi.o(.text.HAL_SPI_TransmitReceive)
    HAL_SYSTICK_Config                       0x08001a59   Thumb Code    44  stm32f1xx_hal_cortex.o(.text.HAL_SYSTICK_Config)
    HAL_TIMEx_BreakCallback                  0x08001a85   Thumb Code     2  stm32f1xx_hal_tim_ex.o(.text.HAL_TIMEx_BreakCallback)
    HAL_TIMEx_CommutCallback                 0x08001a89   Thumb Code     2  stm32f1xx_hal_tim_ex.o(.text.HAL_TIMEx_CommutCallback)
    HAL_TIMEx_MasterConfigSynchronization    0x08001a8d   Thumb Code   146  stm32f1xx_hal_tim_ex.o(.text.HAL_TIMEx_MasterConfigSynchronization)
    HAL_TIM_Base_Init                        0x08001b21   Thumb Code   294  stm32f1xx_hal_tim.o(.text.HAL_TIM_Base_Init)
    HAL_TIM_Base_MspInit                     0x08001c49   Thumb Code    64  tim.o(.text.HAL_TIM_Base_MspInit)
    HAL_TIM_Base_Start_IT                    0x08001c89   Thumb Code   134  stm32f1xx_hal_tim.o(.text.HAL_TIM_Base_Start_IT)
    HAL_TIM_ConfigClockSource                0x08001d11   Thumb Code   402  stm32f1xx_hal_tim.o(.text.HAL_TIM_ConfigClockSource)
    HAL_TIM_IC_CaptureCallback               0x08001ea5   Thumb Code     2  stm32f1xx_hal_tim.o(.text.HAL_TIM_IC_CaptureCallback)
    HAL_TIM_IRQHandler                       0x08001ea9   Thumb Code   368  stm32f1xx_hal_tim.o(.text.HAL_TIM_IRQHandler)
    HAL_TIM_OC_DelayElapsedCallback          0x08002019   Thumb Code     2  stm32f1xx_hal_tim.o(.text.HAL_TIM_OC_DelayElapsedCallback)
    HAL_TIM_PWM_ConfigChannel                0x0800201d   Thumb Code   590  stm32f1xx_hal_tim.o(.text.HAL_TIM_PWM_ConfigChannel)
    HAL_TIM_PWM_Init                         0x0800226d   Thumb Code   294  stm32f1xx_hal_tim.o(.text.HAL_TIM_PWM_Init)
    HAL_TIM_PWM_MspInit                      0x08002395   Thumb Code    50  tim.o(.text.HAL_TIM_PWM_MspInit)
    HAL_TIM_PWM_PulseFinishedCallback        0x080023c9   Thumb Code     2  stm32f1xx_hal_tim.o(.text.HAL_TIM_PWM_PulseFinishedCallback)
    HAL_TIM_PWM_Start                        0x080023cd   Thumb Code   226  stm32f1xx_hal_tim.o(.text.HAL_TIM_PWM_Start)
    HAL_TIM_PeriodElapsedCallback            0x080024b1   Thumb Code    50  main.o(.text.HAL_TIM_PeriodElapsedCallback)
    HAL_TIM_TriggerCallback                  0x080024e5   Thumb Code     2  stm32f1xx_hal_tim.o(.text.HAL_TIM_TriggerCallback)
    HAL_UART_Init                            0x080024e9   Thumb Code   220  stm32f1xx_hal_uart.o(.text.HAL_UART_Init)
    HAL_UART_MspInit                         0x080025c5   Thumb Code   122  usart.o(.text.HAL_UART_MspInit)
    HardFault_Handler                        0x08002641   Thumb Code     2  stm32f1xx_it.o(.text.HardFault_Handler)
    Knob_Init                                0x08002645   Thumb Code   424  knob.o(.text.Knob_Init)
    Knob_Multi_Switch_Init                   0x080027ed   Thumb Code   886  knob.o(.text.Knob_Multi_Switch_Init)
    Knob_Run                                 0x08002b65   Thumb Code   230  knob.o(.text.Knob_Run)
    MX_ADC1_Init                             0x08002c4d   Thumb Code    88  adc.o(.text.MX_ADC1_Init)
    MX_DMA_Init                              0x08002ca5   Thumb Code    52  dma.o(.text.MX_DMA_Init)
    MX_GPIO_Init                             0x08002cd9   Thumb Code   172  gpio.o(.text.MX_GPIO_Init)
    MX_SPI1_Init                             0x08002d85   Thumb Code    70  spi.o(.text.MX_SPI1_Init)
    MX_SPI2_Init                             0x08002dcd   Thumb Code    76  spi.o(.text.MX_SPI2_Init)
    MX_TIM2_Init                             0x08002e19   Thumb Code   112  tim.o(.text.MX_TIM2_Init)
    MX_TIM3_Init                             0x08002e89   Thumb Code   258  tim.o(.text.MX_TIM3_Init)
    MX_USART1_UART_Init                      0x08002f8d   Thumb Code    60  usart.o(.text.MX_USART1_UART_Init)
    MemManage_Handler                        0x08002fc9   Thumb Code     2  stm32f1xx_it.o(.text.MemManage_Handler)
    Motor_Init                               0x08002fcd   Thumb Code   144  motor.o(.text.Motor_Init)
    Motor_PWM_Output                         0x0800305d   Thumb Code   192  motor.o(.text.Motor_PWM_Output)
    Motor_Run                                0x0800311d   Thumb Code   150  motor.o(.text.Motor_Run)
    Motor_Set_Angle_Goal_Deg                 0x080031b5   Thumb Code    20  motor.o(.text.Motor_Set_Angle_Goal_Deg)
    Motor_Set_Voltage                        0x080031c9   Thumb Code   278  motor.o(.text.Motor_Set_Voltage)
    Motor_TIM                                0x080032e1   Thumb Code    14  motor.o(.text.Motor_TIM)
    Motor_TransmitReceive                    0x080032f1   Thumb Code   184  motor.o(.text.Motor_TransmitReceive)
    NMI_Handler                              0x080033a9   Thumb Code     2  stm32f1xx_it.o(.text.NMI_Handler)
    Normalize                                0x080033ad   Thumb Code   192  pid.o(.text.Normalize)
    OLED_Clear                               0x0800346d   Thumb Code   114  oled.o(.text.OLED_Clear)
    OLED_Draw                                0x080034e1   Thumb Code   392  oled.o(.text.OLED_Draw)
    OLED_Draw_Line                           0x08003669   Thumb Code  1170  oled.o(.text.OLED_Draw_Line)
    OLED_Init                                0x08003afd   Thumb Code  8744  oled.o(.text.OLED_Init)
    PID_Calculate                            0x08005d25   Thumb Code   326  pid.o(.text.PID_Calculate)
    PID_Init                                 0x08005e6d   Thumb Code    16  pid.o(.text.PID_Init)
    PID_Set_Goal                             0x08005e7d   Thumb Code    24  pid.o(.text.PID_Set_Goal)
    PendSV_Handler                           0x08005e95   Thumb Code     2  stm32f1xx_it.o(.text.PendSV_Handler)
    Restrict                                 0x08005e99   Thumb Code    42  pid.o(.text.Restrict)
    SVC_Handler                              0x08005fa9   Thumb Code     2  stm32f1xx_it.o(.text.SVC_Handler)
    SysTick_Handler                          0x08005fad   Thumb Code     4  stm32f1xx_it.o(.text.SysTick_Handler)
    SystemInit                               0x08005fb1   Thumb Code     2  system_stm32f1xx.o(.text.SystemInit)
    TIM2_IRQHandler                          0x08005fb5   Thumb Code    12  stm32f1xx_it.o(.text.TIM2_IRQHandler)
    UsageFault_Handler                       0x08005fc1   Thumb Code     2  stm32f1xx_it.o(.text.UsageFault_Handler)
    main                                     0x08005fc5   Thumb Code   190  main.o(.text.main)
    __ARM_fpclassify                         0x08006083   Thumb Code    40  fpclassify.o(i.__ARM_fpclassify)
    __ARM_fpclassifyf                        0x080060ab   Thumb Code    38  fpclassifyf.o(i.__ARM_fpclassifyf)
    __ieee754_rem_pio2                       0x080060d1   Thumb Code   828  rred.o(i.__ieee754_rem_pio2)
    __kernel_cos                             0x08006459   Thumb Code   230  cos_i.o(i.__kernel_cos)
    __kernel_poly                            0x08006555   Thumb Code   170  poly.o(i.__kernel_poly)
    __kernel_sin                             0x08006601   Thumb Code   224  sin_i.o(i.__kernel_sin)
    __mathlib_dbl_infnan                     0x080066ed   Thumb Code     6  dunder.o(i.__mathlib_dbl_infnan)
    __mathlib_dbl_invalid                    0x080066f3   Thumb Code    12  dunder.o(i.__mathlib_dbl_invalid)
    __mathlib_dbl_underflow                  0x08006701   Thumb Code    10  dunder.o(i.__mathlib_dbl_underflow)
    __mathlib_flt_infnan                     0x08006711   Thumb Code     6  funder.o(i.__mathlib_flt_infnan)
    __mathlib_flt_invalid                    0x08006717   Thumb Code     8  funder.o(i.__mathlib_flt_invalid)
    __mathlib_flt_underflow                  0x0800671f   Thumb Code    10  funder.o(i.__mathlib_flt_underflow)
    __mathlib_rredf2                         0x08006729   Thumb Code   344  rredf.o(i.__mathlib_rredf2)
    ceil                                     0x08006891   Thumb Code   204  ceil.o(i.ceil)
    __mathlib_ceilf                          0x0800696d   Thumb Code     0  ceilf.o(i.ceilf)
    ceilf                                    0x0800696d   Thumb Code   110  ceilf.o(i.ceilf)
    cos                                      0x080069e5   Thumb Code   148  cos.o(i.cos)
    cosf                                     0x08006a81   Thumb Code   328  cosf.o(i.cosf)
    floor                                    0x08006bfd   Thumb Code   204  floor.o(i.floor)
    floorf                                   0x08006cd9   Thumb Code   112  floorf.o(i.floorf)
    sin                                      0x08006d55   Thumb Code   150  sin.o(i.sin)
    sinf                                     0x08006df5   Thumb Code   338  sinf.o(i.sinf)
    sqrt                                     0x08006f7d   Thumb Code    76  sqrt.o(i.sqrt)
    __aeabi_d2f                              0x08006fc9   Thumb Code     0  d2f.o(x$fpl$d2f)
    _d2f                                     0x08006fc9   Thumb Code    98  d2f.o(x$fpl$d2f)
    __aeabi_dadd                             0x0800702d   Thumb Code     0  daddsub_clz.o(x$fpl$dadd)
    _dadd                                    0x0800702d   Thumb Code   332  daddsub_clz.o(x$fpl$dadd)
    __fpl_dcheck_NaN1                        0x0800717d   Thumb Code    10  dcheck1.o(x$fpl$dcheck1)
    __fpl_dcmp_Inf                           0x0800718d   Thumb Code    24  dcmpi.o(x$fpl$dcmpinf)
    __aeabi_ddiv                             0x080071a5   Thumb Code     0  ddiv.o(x$fpl$ddiv)
    _ddiv                                    0x080071a5   Thumb Code   556  ddiv.o(x$fpl$ddiv)
    __aeabi_cdcmpeq                          0x08007459   Thumb Code     0  deqf.o(x$fpl$deqf)
    _dcmpeq                                  0x08007459   Thumb Code   120  deqf.o(x$fpl$deqf)
    __aeabi_d2iz                             0x080074d1   Thumb Code     0  dfix.o(x$fpl$dfix)
    _dfix                                    0x080074d1   Thumb Code    94  dfix.o(x$fpl$dfix)
    __aeabi_i2d                              0x0800752f   Thumb Code     0  dflt_clz.o(x$fpl$dflt)
    _dflt                                    0x0800752f   Thumb Code    46  dflt_clz.o(x$fpl$dflt)
    __aeabi_ui2d                             0x0800755d   Thumb Code     0  dflt_clz.o(x$fpl$dfltu)
    _dfltu                                   0x0800755d   Thumb Code    38  dflt_clz.o(x$fpl$dfltu)
    __aeabi_cdcmpge                          0x08007585   Thumb Code     0  dgeqf.o(x$fpl$dgeqf)
    _dcmpge                                  0x08007585   Thumb Code   120  dgeqf.o(x$fpl$dgeqf)
    __aeabi_cdcmple                          0x080075fd   Thumb Code     0  dleqf.o(x$fpl$dleqf)
    _dcmple                                  0x080075fd   Thumb Code   120  dleqf.o(x$fpl$dleqf)
    __fpl_dcmple_InfNaN                      0x0800765f   Thumb Code     0  dleqf.o(x$fpl$dleqf)
    __aeabi_dmul                             0x08007675   Thumb Code     0  dmul.o(x$fpl$dmul)
    _dmul                                    0x08007675   Thumb Code   332  dmul.o(x$fpl$dmul)
    __fpl_dnaninf                            0x080077c9   Thumb Code   156  dnaninf.o(x$fpl$dnaninf)
    __fpl_dretinf                            0x08007865   Thumb Code    12  dretinf.o(x$fpl$dretinf)
    __aeabi_cdrcmple                         0x08007871   Thumb Code     0  drleqf.o(x$fpl$drleqf)
    _drcmple                                 0x08007871   Thumb Code   108  drleqf.o(x$fpl$drleqf)
    __aeabi_drsub                            0x080078dd   Thumb Code     0  daddsub_clz.o(x$fpl$drsb)
    _drsb                                    0x080078dd   Thumb Code    22  daddsub_clz.o(x$fpl$drsb)
    _dsqrt                                   0x080078f5   Thumb Code   456  dsqrt_noumaal.o(x$fpl$dsqrt)
    __aeabi_dsub                             0x08007ac1   Thumb Code     0  daddsub_clz.o(x$fpl$dsub)
    _dsub                                    0x08007ac1   Thumb Code   472  daddsub_clz.o(x$fpl$dsub)
    __aeabi_f2d                              0x08007c9d   Thumb Code     0  f2d.o(x$fpl$f2d)
    _f2d                                     0x08007c9d   Thumb Code    86  f2d.o(x$fpl$f2d)
    __aeabi_fadd                             0x08007cf5   Thumb Code     0  faddsub_clz.o(x$fpl$fadd)
    _fadd                                    0x08007cf5   Thumb Code   196  faddsub_clz.o(x$fpl$fadd)
    __fpl_fcheck_NaN1                        0x08007db9   Thumb Code     6  fcheck1.o(x$fpl$fcheck1)
    __aeabi_dcmpeq                           0x08007dc5   Thumb Code     0  dcmp.o(x$fpl$fcmp)
    _deq                                     0x08007dc5   Thumb Code    14  dcmp.o(x$fpl$fcmp)
    _dneq                                    0x08007dd3   Thumb Code    14  dcmp.o(x$fpl$fcmp)
    __aeabi_dcmpgt                           0x08007de1   Thumb Code     0  dcmp.o(x$fpl$fcmp)
    _dgr                                     0x08007de1   Thumb Code    14  dcmp.o(x$fpl$fcmp)
    __aeabi_dcmpge                           0x08007def   Thumb Code     0  dcmp.o(x$fpl$fcmp)
    _dgeq                                    0x08007def   Thumb Code    14  dcmp.o(x$fpl$fcmp)
    __aeabi_dcmple                           0x08007dfd   Thumb Code     0  dcmp.o(x$fpl$fcmp)
    _dleq                                    0x08007dfd   Thumb Code    14  dcmp.o(x$fpl$fcmp)
    __aeabi_dcmplt                           0x08007e0b   Thumb Code     0  dcmp.o(x$fpl$fcmp)
    _dls                                     0x08007e0b   Thumb Code    14  dcmp.o(x$fpl$fcmp)
    __aeabi_fcmpeq                           0x08007e19   Thumb Code     0  fcmp.o(x$fpl$fcmp)
    _feq                                     0x08007e19   Thumb Code    14  fcmp.o(x$fpl$fcmp)
    _fneq                                    0x08007e27   Thumb Code    14  fcmp.o(x$fpl$fcmp)
    __aeabi_fcmpgt                           0x08007e35   Thumb Code     0  fcmp.o(x$fpl$fcmp)
    _fgr                                     0x08007e35   Thumb Code    14  fcmp.o(x$fpl$fcmp)
    __aeabi_fcmpge                           0x08007e43   Thumb Code     0  fcmp.o(x$fpl$fcmp)
    _fgeq                                    0x08007e43   Thumb Code    14  fcmp.o(x$fpl$fcmp)
    __aeabi_fcmple                           0x08007e51   Thumb Code     0  fcmp.o(x$fpl$fcmp)
    _fleq                                    0x08007e51   Thumb Code    14  fcmp.o(x$fpl$fcmp)
    __aeabi_fcmplt                           0x08007e5f   Thumb Code     0  fcmp.o(x$fpl$fcmp)
    _fls                                     0x08007e5f   Thumb Code    14  fcmp.o(x$fpl$fcmp)
    __fpl_fcmp_Inf                           0x08007e6d   Thumb Code    24  fcmpi.o(x$fpl$fcmpinf)
    __aeabi_fdiv                             0x08007e85   Thumb Code     0  fdiv.o(x$fpl$fdiv)
    _fdiv                                    0x08007e85   Thumb Code   384  fdiv.o(x$fpl$fdiv)
    __aeabi_cfcmpeq                          0x08008009   Thumb Code     0  feqf.o(x$fpl$feqf)
    _fcmpeq                                  0x08008009   Thumb Code   104  feqf.o(x$fpl$feqf)
    __aeabi_f2iz                             0x08008071   Thumb Code     0  ffix.o(x$fpl$ffix)
    _ffix                                    0x08008071   Thumb Code    54  ffix.o(x$fpl$ffix)
    __aeabi_i2f                              0x080080a9   Thumb Code     0  fflt_clz.o(x$fpl$fflt)
    _fflt                                    0x080080a9   Thumb Code    48  fflt_clz.o(x$fpl$fflt)
    __aeabi_ui2f                             0x080080d9   Thumb Code     0  fflt_clz.o(x$fpl$ffltu)
    _ffltu                                   0x080080d9   Thumb Code    38  fflt_clz.o(x$fpl$ffltu)
    _fcmpge                                  0x08008101   Thumb Code   104  fgeqf.o(x$fpl$fgeqf)
    __aeabi_cfcmple                          0x08008169   Thumb Code     0  fleqf.o(x$fpl$fleqf)
    _fcmple                                  0x08008169   Thumb Code   104  fleqf.o(x$fpl$fleqf)
    __fpl_fcmple_InfNaN                      0x080081bb   Thumb Code     0  fleqf.o(x$fpl$fleqf)
    __aeabi_fmul                             0x080081d1   Thumb Code     0  fmul.o(x$fpl$fmul)
    _fmul                                    0x080081d1   Thumb Code   258  fmul.o(x$fpl$fmul)
    __fpl_fnaninf                            0x080082d3   Thumb Code   140  fnaninf.o(x$fpl$fnaninf)
    __fpl_fretinf                            0x0800835f   Thumb Code    10  fretinf.o(x$fpl$fretinf)
    _frnd                                    0x08008369   Thumb Code    96  frnd.o(x$fpl$frnd)
    __aeabi_frsub                            0x080083c9   Thumb Code     0  faddsub_clz.o(x$fpl$frsb)
    _frsb                                    0x080083c9   Thumb Code    20  faddsub_clz.o(x$fpl$frsb)
    __aeabi_fsub                             0x080083dd   Thumb Code     0  faddsub_clz.o(x$fpl$fsub)
    _fsub                                    0x080083dd   Thumb Code   234  faddsub_clz.o(x$fpl$fsub)
    __fpl_return_NaN                         0x080084c7   Thumb Code   100  retnan.o(x$fpl$retnan)
    __ARM_scalbn                             0x0800852b   Thumb Code    92  scalbn.o(x$fpl$scalbn)
    __ARM_scalbnf                            0x08008587   Thumb Code    76  scalbnf.o(x$fpl$scalbnf)
    __fpl_cmpreturn                          0x080085d3   Thumb Code    48  trapv.o(x$fpl$trapveneer)
    __I$use$fp                               0x08008602   Number         0  usenofp.o(x$fpl$usenofp)
    AHBPrescTable                            0x08008752   Data          16  system_stm32f1xx.o(.rodata.AHBPrescTable)
    APBPrescTable                            0x08008762   Data           8  system_stm32f1xx.o(.rodata.APBPrescTable)
    cmdAngle                                 0x0800876a   Data           2  motor.o(.rodata.cmdAngle)
    Region$$Table$$Base                      0x0800877c   Number         0  anon$$obj.o(Region$$Table)
    Region$$Table$$Limit                     0x0800879c   Number         0  anon$$obj.o(Region$$Table)
    uwTickFreq                               0x20000000   Data           1  stm32f1xx_hal.o(.data..L_MergedGlobals)
    uwTickPrio                               0x20000004   Data           4  stm32f1xx_hal.o(.data..L_MergedGlobals)
    SystemCoreClock                          0x20000008   Data           4  system_stm32f1xx.o(.data.SystemCoreClock)
    __libspace_start                         0x20000010   Data          96  libspace.o(.bss)
    Motor_Mode                               0x20000070   Data           1  motor.o(.bss..L_MergedGlobals)
    __temporary_stack_top$libspace           0x20000070   Data           0  libspace.o(.bss)
    rxData                                   0x20000072   Data           2  motor.o(.bss..L_MergedGlobals)
    Motor_Zero_Electric_Angle                0x20000074   Data           4  motor.o(.bss..L_MergedGlobals)
    Motor_Current_Angle                      0x20000078   Data           4  motor.o(.bss..L_MergedGlobals)
    Motor_Current_Speed                      0x2000007c   Data           4  motor.o(.bss..L_MergedGlobals)
    Motor_PWM_Duty_a                         0x20000080   Data           4  motor.o(.bss..L_MergedGlobals)
    Motor_PWM_Duty_b                         0x20000084   Data           4  motor.o(.bss..L_MergedGlobals)
    Motor_PWM_Duty_c                         0x20000088   Data           4  motor.o(.bss..L_MergedGlobals)
    Motor_Torque_Goal                        0x2000008c   Data           4  motor.o(.bss..L_MergedGlobals)
    Motor_Angle                              0x20000090   Data          32  motor.o(.bss..L_MergedGlobals)
    Motor_Speed                              0x200000b0   Data          32  motor.o(.bss..L_MergedGlobals)
    Knob_Mode                                0x200000d0   Data           1  knob.o(.bss..L_MergedGlobals)
    last_angle                               0x200000d2   Data           2  knob.o(.bss..L_MergedGlobals)
    Cos                                      0x200000d4   Data        1440  knob.o(.bss.Cos)
    Sin                                      0x20000674   Data        1440  knob.o(.bss.Sin)
    closest_angle                            0x20000c14   Data        1444  knob.o(.bss.closest_angle)
    hadc1                                    0x200011b8   Data          48  adc.o(.bss.hadc1)
    hdma_adc1                                0x200011e8   Data          68  adc.o(.bss.hdma_adc1)
    hspi1                                    0x2000122c   Data          88  spi.o(.bss.hspi1)
    hspi2                                    0x20001284   Data          88  spi.o(.bss.hspi2)
    htim2                                    0x200012dc   Data          72  tim.o(.bss.htim2)
    htim3                                    0x20001324   Data          72  tim.o(.bss.htim3)
    huart1                                   0x2000136c   Data          68  usart.o(.bss.huart1)
    uwTick                                   0x200013b0   Data           4  stm32f1xx_hal.o(.bss.uwTick)



==============================================================================

Memory Map of the image

  Image Entry point : 0x08000131

  Load Region LR_IROM1 (Base: 0x08000000, Size: 0x000087b0, Max: 0x00040000, ABSOLUTE)

    Execution Region ER_IROM1 (Exec base: 0x08000000, Load base: 0x08000000, Size: 0x0000879c, Max: 0x00040000, ABSOLUTE)

    Exec Addr    Load Addr    Size         Type   Attr      Idx    E Section Name        Object

    0x08000000   0x08000000   0x00000130   Data   RO            3    RESET               startup_stm32f103xe.o
    0x08000130   0x08000130   0x00000008   Code   RO         1283  * !!!main             c_w.l(__main.o)
    0x08000138   0x08000138   0x00000034   Code   RO         1803    !!!scatter          c_w.l(__scatter.o)
    0x0800016c   0x0800016c   0x0000001a   Code   RO         1805    !!handler_copy      c_w.l(__scatter_copy.o)
    0x08000186   0x08000186   0x00000002   PAD
    0x08000188   0x08000188   0x0000001c   Code   RO         1807    !!handler_zi        c_w.l(__scatter_zi.o)
    0x080001a4   0x080001a4   0x00000002   Code   RO         1649    .ARM.Collect$$libinit$$00000000  c_w.l(libinit.o)
    0x080001a6   0x080001a6   0x00000000   Code   RO         1666    .ARM.Collect$$libinit$$00000002  c_w.l(libinit2.o)
    0x080001a6   0x080001a6   0x00000000   Code   RO         1668    .ARM.Collect$$libinit$$00000004  c_w.l(libinit2.o)
    0x080001a6   0x080001a6   0x00000000   Code   RO         1670    .ARM.Collect$$libinit$$00000006  c_w.l(libinit2.o)
    0x080001a6   0x080001a6   0x00000000   Code   RO         1673    .ARM.Collect$$libinit$$0000000C  c_w.l(libinit2.o)
    0x080001a6   0x080001a6   0x00000000   Code   RO         1675    .ARM.Collect$$libinit$$0000000E  c_w.l(libinit2.o)
    0x080001a6   0x080001a6   0x00000000   Code   RO         1677    .ARM.Collect$$libinit$$00000010  c_w.l(libinit2.o)
    0x080001a6   0x080001a6   0x00000000   Code   RO         1680    .ARM.Collect$$libinit$$00000013  c_w.l(libinit2.o)
    0x080001a6   0x080001a6   0x00000000   Code   RO         1682    .ARM.Collect$$libinit$$00000015  c_w.l(libinit2.o)
    0x080001a6   0x080001a6   0x00000000   Code   RO         1684    .ARM.Collect$$libinit$$00000017  c_w.l(libinit2.o)
    0x080001a6   0x080001a6   0x00000000   Code   RO         1686    .ARM.Collect$$libinit$$00000019  c_w.l(libinit2.o)
    0x080001a6   0x080001a6   0x00000000   Code   RO         1688    .ARM.Collect$$libinit$$0000001B  c_w.l(libinit2.o)
    0x080001a6   0x080001a6   0x00000000   Code   RO         1690    .ARM.Collect$$libinit$$0000001D  c_w.l(libinit2.o)
    0x080001a6   0x080001a6   0x00000000   Code   RO         1692    .ARM.Collect$$libinit$$0000001F  c_w.l(libinit2.o)
    0x080001a6   0x080001a6   0x00000000   Code   RO         1694    .ARM.Collect$$libinit$$00000021  c_w.l(libinit2.o)
    0x080001a6   0x080001a6   0x00000000   Code   RO         1696    .ARM.Collect$$libinit$$00000023  c_w.l(libinit2.o)
    0x080001a6   0x080001a6   0x00000000   Code   RO         1698    .ARM.Collect$$libinit$$00000025  c_w.l(libinit2.o)
    0x080001a6   0x080001a6   0x00000000   Code   RO         1700    .ARM.Collect$$libinit$$00000027  c_w.l(libinit2.o)
    0x080001a6   0x080001a6   0x00000000   Code   RO         1704    .ARM.Collect$$libinit$$0000002E  c_w.l(libinit2.o)
    0x080001a6   0x080001a6   0x00000000   Code   RO         1706    .ARM.Collect$$libinit$$00000030  c_w.l(libinit2.o)
    0x080001a6   0x080001a6   0x00000000   Code   RO         1708    .ARM.Collect$$libinit$$00000032  c_w.l(libinit2.o)
    0x080001a6   0x080001a6   0x00000000   Code   RO         1710    .ARM.Collect$$libinit$$00000034  c_w.l(libinit2.o)
    0x080001a6   0x080001a6   0x00000002   Code   RO         1711    .ARM.Collect$$libinit$$00000035  c_w.l(libinit2.o)
    0x080001a8   0x080001a8   0x00000002   Code   RO         1739    .ARM.Collect$$libshutdown$$00000000  c_w.l(libshutdown.o)
    0x080001aa   0x080001aa   0x00000000   Code   RO         1754    .ARM.Collect$$libshutdown$$00000002  c_w.l(libshutdown2.o)
    0x080001aa   0x080001aa   0x00000000   Code   RO         1756    .ARM.Collect$$libshutdown$$00000004  c_w.l(libshutdown2.o)
    0x080001aa   0x080001aa   0x00000000   Code   RO         1759    .ARM.Collect$$libshutdown$$00000007  c_w.l(libshutdown2.o)
    0x080001aa   0x080001aa   0x00000000   Code   RO         1762    .ARM.Collect$$libshutdown$$0000000A  c_w.l(libshutdown2.o)
    0x080001aa   0x080001aa   0x00000000   Code   RO         1764    .ARM.Collect$$libshutdown$$0000000C  c_w.l(libshutdown2.o)
    0x080001aa   0x080001aa   0x00000000   Code   RO         1767    .ARM.Collect$$libshutdown$$0000000F  c_w.l(libshutdown2.o)
    0x080001aa   0x080001aa   0x00000002   Code   RO         1768    .ARM.Collect$$libshutdown$$00000010  c_w.l(libshutdown2.o)
    0x080001ac   0x080001ac   0x00000000   Code   RO         1373    .ARM.Collect$$rtentry$$00000000  c_w.l(__rtentry.o)
    0x080001ac   0x080001ac   0x00000000   Code   RO         1547    .ARM.Collect$$rtentry$$00000002  c_w.l(__rtentry2.o)
    0x080001ac   0x080001ac   0x00000006   Code   RO         1559    .ARM.Collect$$rtentry$$00000004  c_w.l(__rtentry4.o)
    0x080001b2   0x080001b2   0x00000000   Code   RO         1549    .ARM.Collect$$rtentry$$00000009  c_w.l(__rtentry2.o)
    0x080001b2   0x080001b2   0x00000004   Code   RO         1550    .ARM.Collect$$rtentry$$0000000A  c_w.l(__rtentry2.o)
    0x080001b6   0x080001b6   0x00000000   Code   RO         1552    .ARM.Collect$$rtentry$$0000000C  c_w.l(__rtentry2.o)
    0x080001b6   0x080001b6   0x00000008   Code   RO         1553    .ARM.Collect$$rtentry$$0000000D  c_w.l(__rtentry2.o)
    0x080001be   0x080001be   0x00000002   Code   RO         1656    .ARM.Collect$$rtexit$$00000000  c_w.l(rtexit.o)
    0x080001c0   0x080001c0   0x00000000   Code   RO         1715    .ARM.Collect$$rtexit$$00000002  c_w.l(rtexit2.o)
    0x080001c0   0x080001c0   0x00000004   Code   RO         1716    .ARM.Collect$$rtexit$$00000003  c_w.l(rtexit2.o)
    0x080001c4   0x080001c4   0x00000006   Code   RO         1717    .ARM.Collect$$rtexit$$00000004  c_w.l(rtexit2.o)
    0x080001ca   0x080001ca   0x00000002   PAD
    0x080001cc   0x080001cc   0x00000040   Code   RO            4    .text               startup_stm32f103xe.o
    0x0800020c   0x0800020c   0x0000004e   Code   RO         1279    .text               c_w.l(rt_memclr_w.o)
    0x0800025a   0x0800025a   0x00000006   Code   RO         1281    .text               c_w.l(heapauxi.o)
    0x08000260   0x08000260   0x00000016   Code   RO         1374    .text               c_w.l(_rserrno.o)
    0x08000276   0x08000276   0x00000002   PAD
    0x08000278   0x08000278   0x00000008   Code   RO         1564    .text               c_w.l(rt_errno_addr_intlibspace.o)
    0x08000280   0x08000280   0x00000008   Code   RO         1598    .text               c_w.l(libspace.o)
    0x08000288   0x08000288   0x0000004a   Code   RO         1601    .text               c_w.l(sys_stackheap_outer.o)
    0x080002d2   0x080002d2   0x00000012   Code   RO         1642    .text               c_w.l(exit.o)
    0x080002e4   0x080002e4   0x0000000c   Code   RO         1729    .text               c_w.l(sys_exit.o)
    0x080002f0   0x080002f0   0x00000002   Code   RO         1744    .text               c_w.l(use_no_semi.o)
    0x080002f2   0x080002f2   0x00000000   Code   RO         1746    .text               c_w.l(indicate_semi.o)
    0x080002f2   0x080002f2   0x00000002   PAD
    0x080002f4   0x080002f4   0x00000002   Code   RO          211    .text.BusFault_Handler  stm32f1xx_it.o
    0x080002f6   0x080002f6   0x00000002   PAD
    0x080002f8   0x080002f8   0x0000000c   Code   RO          223    .text.DMA1_Channel1_IRQHandler  stm32f1xx_it.o
    0x08000304   0x08000304   0x00000002   Code   RO          217    .text.DebugMon_Handler  stm32f1xx_it.o
    0x08000306   0x08000306   0x00000002   PAD
    0x08000308   0x08000308   0x0000000a   Code   RO           97    .text.Error_Handler  main.o
    0x08000312   0x08000312   0x00000002   PAD
    0x08000314   0x08000314   0x00000194   Code   RO          326    .text.HAL_ADC_ConfigChannel  stm32f1xx_hal_adc.o
    0x080004a8   0x080004a8   0x00000170   Code   RO          280    .text.HAL_ADC_Init  stm32f1xx_hal_adc.o
    0x08000618   0x08000618   0x000000a2   Code   RO          123    .text.HAL_ADC_MspInit  adc.o
    0x080006ba   0x080006ba   0x00000002   PAD
    0x080006bc   0x080006bc   0x00000296   Code   RO          526    .text.HAL_DMA_IRQHandler  stm32f1xx_hal_dma.o
    0x08000952   0x08000952   0x00000002   PAD
    0x08000954   0x08000954   0x0000008e   Code   RO          512    .text.HAL_DMA_Init  stm32f1xx_hal_dma.o
    0x080009e2   0x080009e2   0x00000002   PAD
    0x080009e4   0x080009e4   0x00000028   Code   RO          396    .text.HAL_Delay     stm32f1xx_hal.o
    0x08000a0c   0x08000a0c   0x00000202   Code   RO          488    .text.HAL_GPIO_Init  stm32f1xx_hal_gpio.o
    0x08000c0e   0x08000c0e   0x00000002   PAD
    0x08000c10   0x08000c10   0x0000000a   Code   RO          494    .text.HAL_GPIO_WritePin  stm32f1xx_hal_gpio.o
    0x08000c1a   0x08000c1a   0x00000002   PAD
    0x08000c1c   0x08000c1c   0x0000000c   Code   RO          388    .text.HAL_GetTick   stm32f1xx_hal.o
    0x08000c28   0x08000c28   0x0000001a   Code   RO          386    .text.HAL_IncTick   stm32f1xx_hal.o
    0x08000c42   0x08000c42   0x00000002   PAD
    0x08000c44   0x08000c44   0x00000026   Code   RO          376    .text.HAL_Init      stm32f1xx_hal.o
    0x08000c6a   0x08000c6a   0x00000002   PAD
    0x08000c6c   0x08000c6c   0x00000048   Code   RO          378    .text.HAL_InitTick  stm32f1xx_hal.o
    0x08000cb4   0x08000cb4   0x00000032   Code   RO          234    .text.HAL_MspInit   stm32f1xx_hal_msp.o
    0x08000ce6   0x08000ce6   0x00000002   PAD
    0x08000ce8   0x08000ce8   0x00000020   Code   RO          548    .text.HAL_NVIC_EnableIRQ  stm32f1xx_hal_cortex.o
    0x08000d08   0x08000d08   0x00000056   Code   RO          546    .text.HAL_NVIC_SetPriority  stm32f1xx_hal_cortex.o
    0x08000d5e   0x08000d5e   0x00000002   PAD
    0x08000d60   0x08000d60   0x00000020   Code   RO          544    .text.HAL_NVIC_SetPriorityGrouping  stm32f1xx_hal_cortex.o
    0x08000d80   0x08000d80   0x0000010a   Code   RO          474    .text.HAL_RCCEx_PeriphCLKConfig  stm32f1xx_hal_rcc_ex.o
    0x08000e8a   0x08000e8a   0x00000002   PAD
    0x08000e8c   0x08000e8c   0x000001be   Code   RO          440    .text.HAL_RCC_ClockConfig  stm32f1xx_hal_rcc.o
    0x0800104a   0x0800104a   0x00000002   PAD
    0x0800104c   0x0800104c   0x00000026   Code   RO          452    .text.HAL_RCC_GetPCLK1Freq  stm32f1xx_hal_rcc.o
    0x08001072   0x08001072   0x00000002   PAD
    0x08001074   0x08001074   0x00000026   Code   RO          454    .text.HAL_RCC_GetPCLK2Freq  stm32f1xx_hal_rcc.o
    0x0800109a   0x0800109a   0x00000002   PAD
    0x0800109c   0x0800109c   0x000003b4   Code   RO          438    .text.HAL_RCC_OscConfig  stm32f1xx_hal_rcc.o
    0x08001450   0x08001450   0x000000ac   Code   RO          709    .text.HAL_SPI_Init  stm32f1xx_hal_spi.o
    0x080014fc   0x080014fc   0x000000de   Code   RO          150    .text.HAL_SPI_MspInit  spi.o
    0x080015da   0x080015da   0x00000002   PAD
    0x080015dc   0x080015dc   0x000001d6   Code   RO          717    .text.HAL_SPI_Transmit  stm32f1xx_hal_spi.o
    0x080017b2   0x080017b2   0x00000002   PAD
    0x080017b4   0x080017b4   0x000002a4   Code   RO          721    .text.HAL_SPI_TransmitReceive  stm32f1xx_hal_spi.o
    0x08001a58   0x08001a58   0x0000002c   Code   RO          556    .text.HAL_SYSTICK_Config  stm32f1xx_hal_cortex.o
    0x08001a84   0x08001a84   0x00000002   Code   RO         1127    .text.HAL_TIMEx_BreakCallback  stm32f1xx_hal_tim_ex.o
    0x08001a86   0x08001a86   0x00000002   PAD
    0x08001a88   0x08001a88   0x00000002   Code   RO         1123    .text.HAL_TIMEx_CommutCallback  stm32f1xx_hal_tim_ex.o
    0x08001a8a   0x08001a8a   0x00000002   PAD
    0x08001a8c   0x08001a8c   0x00000092   Code   RO         1117    .text.HAL_TIMEx_MasterConfigSynchronization  stm32f1xx_hal_tim_ex.o
    0x08001b1e   0x08001b1e   0x00000002   PAD
    0x08001b20   0x08001b20   0x00000126   Code   RO          823    .text.HAL_TIM_Base_Init  stm32f1xx_hal_tim.o
    0x08001c46   0x08001c46   0x00000002   PAD
    0x08001c48   0x08001c48   0x00000040   Code   RO          170    .text.HAL_TIM_Base_MspInit  tim.o
    0x08001c88   0x08001c88   0x00000086   Code   RO          837    .text.HAL_TIM_Base_Start_IT  stm32f1xx_hal_tim.o
    0x08001d0e   0x08001d0e   0x00000002   PAD
    0x08001d10   0x08001d10   0x00000192   Code   RO         1003    .text.HAL_TIM_ConfigClockSource  stm32f1xx_hal_tim.o
    0x08001ea2   0x08001ea2   0x00000002   PAD
    0x08001ea4   0x08001ea4   0x00000002   Code   RO          959    .text.HAL_TIM_IC_CaptureCallback  stm32f1xx_hal_tim.o
    0x08001ea6   0x08001ea6   0x00000002   PAD
    0x08001ea8   0x08001ea8   0x00000170   Code   RO          957    .text.HAL_TIM_IRQHandler  stm32f1xx_hal_tim.o
    0x08002018   0x08002018   0x00000002   Code   RO          961    .text.HAL_TIM_OC_DelayElapsedCallback  stm32f1xx_hal_tim.o
    0x0800201a   0x0800201a   0x00000002   PAD
    0x0800201c   0x0800201c   0x0000024e   Code   RO          977    .text.HAL_TIM_PWM_ConfigChannel  stm32f1xx_hal_tim.o
    0x0800226a   0x0800226a   0x00000002   PAD
    0x0800226c   0x0800226c   0x00000126   Code   RO          877    .text.HAL_TIM_PWM_Init  stm32f1xx_hal_tim.o
    0x08002392   0x08002392   0x00000002   PAD
    0x08002394   0x08002394   0x00000032   Code   RO          172    .text.HAL_TIM_PWM_MspInit  tim.o
    0x080023c6   0x080023c6   0x00000002   PAD
    0x080023c8   0x080023c8   0x00000002   Code   RO          963    .text.HAL_TIM_PWM_PulseFinishedCallback  stm32f1xx_hal_tim.o
    0x080023ca   0x080023ca   0x00000002   PAD
    0x080023cc   0x080023cc   0x000000e2   Code   RO          885    .text.HAL_TIM_PWM_Start  stm32f1xx_hal_tim.o
    0x080024ae   0x080024ae   0x00000002   PAD
    0x080024b0   0x080024b0   0x00000032   Code   RO           99    .text.HAL_TIM_PeriodElapsedCallback  main.o
    0x080024e2   0x080024e2   0x00000002   PAD
    0x080024e4   0x080024e4   0x00000002   Code   RO          967    .text.HAL_TIM_TriggerCallback  stm32f1xx_hal_tim.o
    0x080024e6   0x080024e6   0x00000002   PAD
    0x080024e8   0x080024e8   0x000000dc   Code   RO         1141    .text.HAL_UART_Init  stm32f1xx_hal_uart.o
    0x080025c4   0x080025c4   0x0000007a   Code   RO          190    .text.HAL_UART_MspInit  usart.o
    0x0800263e   0x0800263e   0x00000002   PAD
    0x08002640   0x08002640   0x00000002   Code   RO          207    .text.HardFault_Handler  stm32f1xx_it.o
    0x08002642   0x08002642   0x00000002   PAD
    0x08002644   0x08002644   0x000001a8   Code   RO          242    .text.Knob_Init     knob.o
    0x080027ec   0x080027ec   0x00000376   Code   RO          250    .text.Knob_Multi_Switch_Init  knob.o
    0x08002b62   0x08002b62   0x00000002   PAD
    0x08002b64   0x08002b64   0x000000e6   Code   RO          252    .text.Knob_Run      knob.o
    0x08002c4a   0x08002c4a   0x00000002   PAD
    0x08002c4c   0x08002c4c   0x00000058   Code   RO          121    .text.MX_ADC1_Init  adc.o
    0x08002ca4   0x08002ca4   0x00000034   Code   RO          137    .text.MX_DMA_Init   dma.o
    0x08002cd8   0x08002cd8   0x000000ac   Code   RO          112    .text.MX_GPIO_Init  gpio.o
    0x08002d84   0x08002d84   0x00000046   Code   RO          146    .text.MX_SPI1_Init  spi.o
    0x08002dca   0x08002dca   0x00000002   PAD
    0x08002dcc   0x08002dcc   0x0000004c   Code   RO          148    .text.MX_SPI2_Init  spi.o
    0x08002e18   0x08002e18   0x00000070   Code   RO          164    .text.MX_TIM2_Init  tim.o
    0x08002e88   0x08002e88   0x00000102   Code   RO          166    .text.MX_TIM3_Init  tim.o
    0x08002f8a   0x08002f8a   0x00000002   PAD
    0x08002f8c   0x08002f8c   0x0000003c   Code   RO          188    .text.MX_USART1_UART_Init  usart.o
    0x08002fc8   0x08002fc8   0x00000002   Code   RO          209    .text.MemManage_Handler  stm32f1xx_it.o
    0x08002fca   0x08002fca   0x00000002   PAD
    0x08002fcc   0x08002fcc   0x00000090   Code   RO           51    .text.Motor_Init    motor.o
    0x0800305c   0x0800305c   0x000000c0   Code   RO           47    .text.Motor_PWM_Output  motor.o
    0x0800311c   0x0800311c   0x00000096   Code   RO           59    .text.Motor_Run     motor.o
    0x080031b2   0x080031b2   0x00000002   PAD
    0x080031b4   0x080031b4   0x00000014   Code   RO           53    .text.Motor_Set_Angle_Goal_Deg  motor.o
    0x080031c8   0x080031c8   0x00000116   Code   RO           49    .text.Motor_Set_Voltage  motor.o
    0x080032de   0x080032de   0x00000002   PAD
    0x080032e0   0x080032e0   0x0000000e   Code   RO           61    .text.Motor_TIM     motor.o
    0x080032ee   0x080032ee   0x00000002   PAD
    0x080032f0   0x080032f0   0x000000b8   Code   RO           45    .text.Motor_TransmitReceive  motor.o
    0x080033a8   0x080033a8   0x00000002   Code   RO          205    .text.NMI_Handler   stm32f1xx_it.o
    0x080033aa   0x080033aa   0x00000002   PAD
    0x080033ac   0x080033ac   0x000000c0   Code   RO           75    .text.Normalize     pid.o
    0x0800346c   0x0800346c   0x00000072   Code   RO           23    .text.OLED_Clear    oled.o
    0x080034de   0x080034de   0x00000002   PAD
    0x080034e0   0x080034e0   0x00000188   Code   RO           21    .text.OLED_Draw     oled.o
    0x08003668   0x08003668   0x00000492   Code   RO           29    .text.OLED_Draw_Line  oled.o
    0x08003afa   0x08003afa   0x00000002   PAD
    0x08003afc   0x08003afc   0x00002228   Code   RO           13    .text.OLED_Init     oled.o
    0x08005d24   0x08005d24   0x00000146   Code   RO           83    .text.PID_Calculate  pid.o
    0x08005e6a   0x08005e6a   0x00000002   PAD
    0x08005e6c   0x08005e6c   0x00000010   Code   RO           77    .text.PID_Init      pid.o
    0x08005e7c   0x08005e7c   0x00000018   Code   RO           81    .text.PID_Set_Goal  pid.o
    0x08005e94   0x08005e94   0x00000002   Code   RO          219    .text.PendSV_Handler  stm32f1xx_it.o
    0x08005e96   0x08005e96   0x00000002   PAD
    0x08005e98   0x08005e98   0x0000002a   Code   RO           73    .text.Restrict      pid.o
    0x08005ec2   0x08005ec2   0x00000002   PAD
    0x08005ec4   0x08005ec4   0x000000e4   Code   RO          813    .text.SPI_WaitFlagStateUntilTimeout  stm32f1xx_hal_spi.o
    0x08005fa8   0x08005fa8   0x00000002   Code   RO          215    .text.SVC_Handler   stm32f1xx_it.o
    0x08005faa   0x08005faa   0x00000002   PAD
    0x08005fac   0x08005fac   0x00000004   Code   RO          221    .text.SysTick_Handler  stm32f1xx_it.o
    0x08005fb0   0x08005fb0   0x00000002   Code   RO         1259    .text.SystemInit    system_stm32f1xx.o
    0x08005fb2   0x08005fb2   0x00000002   PAD
    0x08005fb4   0x08005fb4   0x0000000c   Code   RO          225    .text.TIM2_IRQHandler  stm32f1xx_it.o
    0x08005fc0   0x08005fc0   0x00000002   Code   RO          213    .text.UsageFault_Handler  stm32f1xx_it.o
    0x08005fc2   0x08005fc2   0x00000002   PAD
    0x08005fc4   0x08005fc4   0x000000be   Code   RO           93    .text.main          main.o
    0x08006082   0x08006082   0x00000028   Code   RO         1594    i.__ARM_fpclassify  m_ws.l(fpclassify.o)
    0x080060aa   0x080060aa   0x00000026   Code   RO         1519    i.__ARM_fpclassifyf  m_ws.l(fpclassifyf.o)
    0x080060d0   0x080060d0   0x00000388   Code   RO         1535    i.__ieee754_rem_pio2  m_ws.l(rred.o)
    0x08006458   0x08006458   0x000000fc   Code   RO         1502    i.__kernel_cos      m_ws.l(cos_i.o)
    0x08006554   0x08006554   0x000000aa   Code   RO         1596    i.__kernel_poly     m_ws.l(poly.o)
    0x080065fe   0x080065fe   0x00000002   PAD
    0x08006600   0x08006600   0x000000ec   Code   RO         1543    i.__kernel_sin      m_ws.l(sin_i.o)
    0x080066ec   0x080066ec   0x00000006   Code   RO         1506    i.__mathlib_dbl_infnan  m_ws.l(dunder.o)
    0x080066f2   0x080066f2   0x0000000c   Code   RO         1508    i.__mathlib_dbl_invalid  m_ws.l(dunder.o)
    0x080066fe   0x080066fe   0x00000002   PAD
    0x08006700   0x08006700   0x00000010   Code   RO         1511    i.__mathlib_dbl_underflow  m_ws.l(dunder.o)
    0x08006710   0x08006710   0x00000006   Code   RO         1522    i.__mathlib_flt_infnan  m_ws.l(funder.o)
    0x08006716   0x08006716   0x00000008   Code   RO         1524    i.__mathlib_flt_invalid  m_ws.l(funder.o)
    0x0800671e   0x0800671e   0x0000000a   Code   RO         1527    i.__mathlib_flt_underflow  m_ws.l(funder.o)
    0x08006728   0x08006728   0x00000168   Code   RO         1540    i.__mathlib_rredf2  m_ws.l(rredf.o)
    0x08006890   0x08006890   0x000000dc   Code   RO         1338    i.ceil              m_ws.l(ceil.o)
    0x0800696c   0x0800696c   0x00000078   Code   RO         1342    i.ceilf             m_ws.l(ceilf.o)
    0x080069e4   0x080069e4   0x0000009c   Code   RO         1346    i.cos               m_ws.l(cos.o)
    0x08006a80   0x08006a80   0x0000017c   Code   RO         1350    i.cosf              m_ws.l(cosf.o)
    0x08006bfc   0x08006bfc   0x000000dc   Code   RO         1354    i.floor             m_ws.l(floor.o)
    0x08006cd8   0x08006cd8   0x0000007c   Code   RO         1358    i.floorf            m_ws.l(floorf.o)
    0x08006d54   0x08006d54   0x000000a0   Code   RO         1362    i.sin               m_ws.l(sin.o)
    0x08006df4   0x08006df4   0x00000188   Code   RO         1366    i.sinf              m_ws.l(sinf.o)
    0x08006f7c   0x08006f7c   0x0000004c   Code   RO         1370    i.sqrt              m_ws.l(sqrt.o)
    0x08006fc8   0x08006fc8   0x00000062   Code   RO         1285    x$fpl$d2f           fz_ws.l(d2f.o)
    0x0800702a   0x0800702a   0x00000002   PAD
    0x0800702c   0x0800702c   0x00000150   Code   RO         1287    x$fpl$dadd          fz_ws.l(daddsub_clz.o)
    0x0800717c   0x0800717c   0x00000010   Code   RO         1650    x$fpl$dcheck1       fz_ws.l(dcheck1.o)
    0x0800718c   0x0800718c   0x00000018   Code   RO         1586    x$fpl$dcmpinf       fz_ws.l(dcmpi.o)
    0x080071a4   0x080071a4   0x000002b4   Code   RO         1296    x$fpl$ddiv          fz_ws.l(ddiv.o)
    0x08007458   0x08007458   0x00000078   Code   RO         1467    x$fpl$deqf          fz_ws.l(deqf.o)
    0x080074d0   0x080074d0   0x0000005e   Code   RO         1299    x$fpl$dfix          fz_ws.l(dfix.o)
    0x0800752e   0x0800752e   0x0000002e   Code   RO         1304    x$fpl$dflt          fz_ws.l(dflt_clz.o)
    0x0800755c   0x0800755c   0x00000026   Code   RO         1303    x$fpl$dfltu         fz_ws.l(dflt_clz.o)
    0x08007582   0x08007582   0x00000002   PAD
    0x08007584   0x08007584   0x00000078   Code   RO         1469    x$fpl$dgeqf         fz_ws.l(dgeqf.o)
    0x080075fc   0x080075fc   0x00000078   Code   RO         1471    x$fpl$dleqf         fz_ws.l(dleqf.o)
    0x08007674   0x08007674   0x00000154   Code   RO         1309    x$fpl$dmul          fz_ws.l(dmul.o)
    0x080077c8   0x080077c8   0x0000009c   Code   RO         1473    x$fpl$dnaninf       fz_ws.l(dnaninf.o)
    0x08007864   0x08007864   0x0000000c   Code   RO         1475    x$fpl$dretinf       fz_ws.l(dretinf.o)
    0x08007870   0x08007870   0x0000006c   Code   RO         1477    x$fpl$drleqf        fz_ws.l(drleqf.o)
    0x080078dc   0x080078dc   0x00000016   Code   RO         1288    x$fpl$drsb          fz_ws.l(daddsub_clz.o)
    0x080078f2   0x080078f2   0x00000002   PAD
    0x080078f4   0x080078f4   0x000001cc   Code   RO         1479    x$fpl$dsqrt         fz_ws.l(dsqrt_noumaal.o)
    0x08007ac0   0x08007ac0   0x000001dc   Code   RO         1289    x$fpl$dsub          fz_ws.l(daddsub_clz.o)
    0x08007c9c   0x08007c9c   0x00000056   Code   RO         1311    x$fpl$f2d           fz_ws.l(f2d.o)
    0x08007cf2   0x08007cf2   0x00000002   PAD
    0x08007cf4   0x08007cf4   0x000000c4   Code   RO         1313    x$fpl$fadd          fz_ws.l(faddsub_clz.o)
    0x08007db8   0x08007db8   0x0000000c   Code   RO         1652    x$fpl$fcheck1       fz_ws.l(fcheck1.o)
    0x08007dc4   0x08007dc4   0x00000054   Code   RO         1293    x$fpl$fcmp          fz_ws.l(dcmp.o)
    0x08007e18   0x08007e18   0x00000054   Code   RO         1319    x$fpl$fcmp          fz_ws.l(fcmp.o)
    0x08007e6c   0x08007e6c   0x00000018   Code   RO         1588    x$fpl$fcmpinf       fz_ws.l(fcmpi.o)
    0x08007e84   0x08007e84   0x00000184   Code   RO         1322    x$fpl$fdiv          fz_ws.l(fdiv.o)
    0x08008008   0x08008008   0x00000068   Code   RO         1481    x$fpl$feqf          fz_ws.l(feqf.o)
    0x08008070   0x08008070   0x00000036   Code   RO         1325    x$fpl$ffix          fz_ws.l(ffix.o)
    0x080080a6   0x080080a6   0x00000002   PAD
    0x080080a8   0x080080a8   0x00000030   Code   RO         1330    x$fpl$fflt          fz_ws.l(fflt_clz.o)
    0x080080d8   0x080080d8   0x00000026   Code   RO         1329    x$fpl$ffltu         fz_ws.l(fflt_clz.o)
    0x080080fe   0x080080fe   0x00000002   PAD
    0x08008100   0x08008100   0x00000068   Code   RO         1483    x$fpl$fgeqf         fz_ws.l(fgeqf.o)
    0x08008168   0x08008168   0x00000068   Code   RO         1485    x$fpl$fleqf         fz_ws.l(fleqf.o)
    0x080081d0   0x080081d0   0x00000102   Code   RO         1335    x$fpl$fmul          fz_ws.l(fmul.o)
    0x080082d2   0x080082d2   0x0000008c   Code   RO         1487    x$fpl$fnaninf       fz_ws.l(fnaninf.o)
    0x0800835e   0x0800835e   0x0000000a   Code   RO         1489    x$fpl$fretinf       fz_ws.l(fretinf.o)
    0x08008368   0x08008368   0x00000060   Code   RO         1491    x$fpl$frnd          fz_ws.l(frnd.o)
    0x080083c8   0x080083c8   0x00000014   Code   RO         1314    x$fpl$frsb          fz_ws.l(faddsub_clz.o)
    0x080083dc   0x080083dc   0x000000ea   Code   RO         1315    x$fpl$fsub          fz_ws.l(faddsub_clz.o)
    0x080084c6   0x080084c6   0x00000064   Code   RO         1712    x$fpl$retnan        fz_ws.l(retnan.o)
    0x0800852a   0x0800852a   0x0000005c   Code   RO         1590    x$fpl$scalbn        fz_ws.l(scalbn.o)
    0x08008586   0x08008586   0x0000004c   Code   RO         1592    x$fpl$scalbnf       fz_ws.l(scalbnf.o)
    0x080085d2   0x080085d2   0x00000030   Code   RO         1727    x$fpl$trapveneer    fz_ws.l(trapv.o)
    0x08008602   0x08008602   0x00000000   Code   RO         1501    x$fpl$usenofp       fz_ws.l(usenofp.o)
    0x08008602   0x08008602   0x00000006   PAD
    0x08008608   0x08008608   0x00000030   Data   RO         1503    .constdata          m_ws.l(cos_i.o)
    0x08008638   0x08008638   0x000000cc   Data   RO         1537    .constdata          m_ws.l(rred.o)
    0x08008704   0x08008704   0x00000020   Data   RO         1541    .constdata          m_ws.l(rredf.o)
    0x08008724   0x08008724   0x00000004   PAD
    0x08008728   0x08008728   0x00000028   Data   RO         1544    .constdata          m_ws.l(sin_i.o)
    0x08008750   0x08008750   0x00000002   Data   RO          465    .rodata..L__const.HAL_RCC_GetSysClockFreq.aPredivFactorTable  stm32f1xx_hal_rcc.o
    0x08008752   0x08008752   0x00000010   Data   RO         1264    .rodata.AHBPrescTable  system_stm32f1xx.o
    0x08008762   0x08008762   0x00000008   Data   RO         1265    .rodata.APBPrescTable  system_stm32f1xx.o
    0x0800876a   0x0800876a   0x00000002   Data   RO           63    .rodata.cmdAngle    motor.o
    0x0800876c   0x0800876c   0x00000010   Data   RO          464    .rodata.cst16       stm32f1xx_hal_rcc.o
    0x0800877c   0x0800877c   0x00000020   Data   RO         1802    Region$$Table       anon$$obj.o


    Execution Region RW_IRAM1 (Exec base: 0x20000000, Load base: 0x080087a0, Size: 0x000019b8, Max: 0x0000c000, ABSOLUTE)

    Exec Addr    Load Addr    Size         Type   Attr      Idx    E Section Name        Object

    0x20000000   0x080087a0   0x00000008   Data   RW          427    .data..L_MergedGlobals  stm32f1xx_hal.o
    0x20000008   0x080087a8   0x00000004   Data   RW         1263    .data.SystemCoreClock  system_stm32f1xx.o
    0x2000000c   0x080087ac   0x00000004   PAD
    0x20000010        -       0x00000060   Zero   RW         1599    .bss                c_w.l(libspace.o)
    0x20000070        -       0x00000060   Zero   RW           64    .bss..L_MergedGlobals  motor.o
    0x200000d0        -       0x00000004   Zero   RW          257    .bss..L_MergedGlobals  knob.o
    0x200000d4        -       0x000005a0   Zero   RW          254    .bss.Cos            knob.o
    0x20000674        -       0x000005a0   Zero   RW          255    .bss.Sin            knob.o
    0x20000c14        -       0x000005a4   Zero   RW          256    .bss.closest_angle  knob.o
    0x200011b8        -       0x00000030   Zero   RW          127    .bss.hadc1          adc.o
    0x200011e8        -       0x00000044   Zero   RW          128    .bss.hdma_adc1      adc.o
    0x2000122c        -       0x00000058   Zero   RW          154    .bss.hspi1          spi.o
    0x20001284        -       0x00000058   Zero   RW          155    .bss.hspi2          spi.o
    0x200012dc        -       0x00000048   Zero   RW          178    .bss.htim2          tim.o
    0x20001324        -       0x00000048   Zero   RW          179    .bss.htim3          tim.o
    0x2000136c        -       0x00000044   Zero   RW          196    .bss.huart1         usart.o
    0x200013b0        -       0x00000004   Zero   RW          426    .bss.uwTick         stm32f1xx_hal.o
    0x200013b4   0x080087ac   0x00000004   PAD
    0x200013b8        -       0x00000200   Zero   RW            2    HEAP                startup_stm32f103xe.o
    0x200015b8        -       0x00000400   Zero   RW            1    STACK               startup_stm32f103xe.o


==============================================================================

Image component sizes


      Code (inc. data)   RO Data    RW Data    ZI Data      Debug   Object Name

       250          0          0          0        116       4126   adc.o
        52          0          0          0          0       2494   dma.o
       172          0          0          0          0       1573   gpio.o
      1540          0          0          0       4328       4745   knob.o
       250          0          0          0          0       5419   main.o
       982          0          2          0         96       4720   motor.o
     10420          0          0          0          0      23646   oled.o
       600          0          0          0          0       2931   pid.o
       368          0          0          0        176       4484   spi.o
        64         26        304          0       1536        788   startup_stm32f103xe.o
       188          0          0          8          4       6068   stm32f1xx_hal.o
       772          0          0          0          0      13057   stm32f1xx_hal_adc.o
       194          0          0          0          0       8794   stm32f1xx_hal_cortex.o
       804          0          0          0          0       8489   stm32f1xx_hal_dma.o
       524         22          0          0          0       4548   stm32f1xx_hal_gpio.o
        50          0          0          0          0        932   stm32f1xx_hal_msp.o
      1470          0         18          0          0       7638   stm32f1xx_hal_rcc.o
       266          0          0          0          0       3776   stm32f1xx_hal_rcc_ex.o
      1546          0          0          0          0      24213   stm32f1xx_hal_spi.o
      2316          4          0          0          0      54487   stm32f1xx_hal_tim.o
       150          0          0          0          0      20570   stm32f1xx_hal_tim_ex.o
       220          0          0          0          0      23577   stm32f1xx_hal_uart.o
        44          0          0          0          0       4389   stm32f1xx_it.o
         2          0         24          4          0       1618   system_stm32f1xx.o
       484          0          0          0        144       8096   tim.o
       182          0          0          0         68       4717   usart.o

    ----------------------------------------------------------------------
     24014         52        380         12       6476     249895   Object Totals
         0          0         32          0          0          0   (incl. Generated)
       104          0          0          0          8          0   (incl. Padding)

    ----------------------------------------------------------------------

      Code (inc. data)   RO Data    RW Data    ZI Data      Debug   Library Member Name

         8          0          0          0          0         68   __main.o
         0          0          0          0          0          0   __rtentry.o
        12          0          0          0          0          0   __rtentry2.o
         6          0          0          0          0          0   __rtentry4.o
        52          8          0          0          0          0   __scatter.o
        26          0          0          0          0          0   __scatter_copy.o
        28          0          0          0          0          0   __scatter_zi.o
        22          0          0          0          0        100   _rserrno.o
        18          0          0          0          0         80   exit.o
         6          0          0          0          0        152   heapauxi.o
         0          0          0          0          0          0   indicate_semi.o
         2          0          0          0          0          0   libinit.o
         2          0          0          0          0          0   libinit2.o
         2          0          0          0          0          0   libshutdown.o
         2          0          0          0          0          0   libshutdown2.o
         8          4          0          0         96         68   libspace.o
         8          4          0          0          0         68   rt_errno_addr_intlibspace.o
        78          0          0          0          0         80   rt_memclr_w.o
         2          0          0          0          0          0   rtexit.o
        10          0          0          0          0          0   rtexit2.o
        12          4          0          0          0         68   sys_exit.o
        74          0          0          0          0         80   sys_stackheap_outer.o
         2          0          0          0          0         68   use_no_semi.o
        98          4          0          0          0         92   d2f.o
       834         16          0          0          0        372   daddsub_clz.o
        16          4          0          0          0         68   dcheck1.o
        84          0          0          0          0        196   dcmp.o
        24          0          0          0          0         68   dcmpi.o
       692        140          0          0          0        216   ddiv.o
       120          4          0          0          0         92   deqf.o
        94          4          0          0          0         92   dfix.o
        84          0          0          0          0        136   dflt_clz.o
       120          4          0          0          0         92   dgeqf.o
       120          4          0          0          0         92   dleqf.o
       340         12          0          0          0        104   dmul.o
       156          4          0          0          0         92   dnaninf.o
        12          0          0          0          0         68   dretinf.o
       108          0          0          0          0         80   drleqf.o
       460         56          0          0          0        120   dsqrt_noumaal.o
        86          4          0          0          0         84   f2d.o
       450          8          0          0          0        236   faddsub_clz.o
        12          4          0          0          0         68   fcheck1.o
        84          0          0          0          0        196   fcmp.o
        24          0          0          0          0         68   fcmpi.o
       388         76          0          0          0         96   fdiv.o
       104          4          0          0          0         84   feqf.o
        54          4          0          0          0         84   ffix.o
        86          0          0          0          0        136   fflt_clz.o
       104          4          0          0          0         84   fgeqf.o
       104          4          0          0          0         84   fleqf.o
       258          4          0          0          0         84   fmul.o
       140          4          0          0          0         84   fnaninf.o
        10          0          0          0          0         68   fretinf.o
        96          4          0          0          0         76   frnd.o
       100          0          0          0          0         68   retnan.o
        92          0          0          0          0         68   scalbn.o
        76          0          0          0          0         68   scalbnf.o
        48          0          0          0          0         68   trapv.o
         0          0          0          0          0          0   usenofp.o
       220         16          0          0          0         84   ceil.o
       120         10          0          0          0         84   ceilf.o
       156          8          0          0          0        104   cos.o
       252         22         48          0          0        124   cos_i.o
       380         52          0          0          0        124   cosf.o
        34          6          0          0          0        204   dunder.o
       220         16          0          0          0         84   floor.o
       124         12          0          0          0         84   floorf.o
        40          0          0          0          0         68   fpclassify.o
        38          0          0          0          0         68   fpclassifyf.o
        24          0          0          0          0        204   funder.o
       170          0          0          0          0         96   poly.o
       904         76        204          0          0        140   rred.o
       360         16         32          0          0         88   rredf.o
       160         10          0          0          0        108   sin.o
       236         12         40          0          0        128   sin_i.o
       392         54          0          0          0        124   sinf.o
        76          0          0          0          0         84   sqrt.o

    ----------------------------------------------------------------------
      9994        702        328          0         96       6616   Library Totals
        30          0          4          0          0          0   (incl. Padding)

    ----------------------------------------------------------------------

      Code (inc. data)   RO Data    RW Data    ZI Data      Debug   Library Name

       380         20          0          0         96        832   c_w.l
      5678        372          0          0          0       3784   fz_ws.l
      3906        310        324          0          0       2000   m_ws.l

    ----------------------------------------------------------------------
      9994        702        328          0         96       6616   Library Totals

    ----------------------------------------------------------------------

==============================================================================


      Code (inc. data)   RO Data    RW Data    ZI Data      Debug   

     34008        754        708         12       6572     252491   Grand Totals
     34008        754        708         12       6572     252491   ELF Image Totals
     34008        754        708         12          0          0   ROM Totals

==============================================================================

    Total RO  Size (Code + RO Data)                34716 (  33.90kB)
    Total RW  Size (RW Data + ZI Data)              6584 (   6.43kB)
    Total ROM Size (Code + RO Data + RW Data)      34728 (  33.91kB)

==============================================================================

